09-09 22:27:33.570  4593  4610 I SurfaceControl: nativeRelease nativeObject s[476408312704]
09-09 22:27:33.570  4593  4610 I SurfaceControl: nativeRelease nativeObject e[476408312704]
09-09 22:27:33.570  4229  5611 I SurfaceFlinger: id=31744 createSurf (0x0),-1 flag=24004, Surface(name=cd0e9cf InputMethod)/@0x5308265 - animation-leash#1
09-09 22:27:33.572  7209  7209 I HBD     : HoneyBoardService onFinishInput
09-09 22:27:33.572  7209  7209 I HBD     : a IC have been unbinded,  InputConnectionWrapper{idHash=#2b223a2 mMissingMethods=}
09-09 22:27:33.572  7209  7209 I HBD     : HoneyBoardService [PF_CL][onFinishInput]  505154 ns
09-09 22:27:33.573  7209  7209 I HBD     : HoneyBoardService [IMI] onStartInput - caller pid : 17542 , caller uid : 10586
09-09 22:27:33.573  7209  7209 I HBD     : i updateConfigs
09-09 22:27:33.573  7209  7209 I HBD     : i isEnabledNightMode : false
09-09 22:27:33.573  7209  7209 I HBD     : a IC have been binded, InputConnectionWrapper{idHash=#8e027f0 mMissingMethods=}
09-09 22:27:33.573  7209  7209 I HBD     : h [EditorInputType]setPrivateImeOptionsToTable privateImeOptions ( null )
09-09 22:27:33.573  7209  7209 I HBD     : b incognitoMode : false
09-09 22:27:33.574  7209  7209 I HBD     : a needOff = true , isForceOff = false, isNullInputClass : true
09-09 22:27:33.574  7209  7209 I HBD     : h getDefaultInputRange : UNKNOWN
09-09 22:27:33.574  7209  7209 I HBD     : h getDefaultInputRange : UNKNOWN
09-09 22:27:33.574  7209  7209 I HBD     : h getDefaultInputRange : UNKNOWN
09-09 22:27:33.576  4229  5611 I Layer   : id=31731 removeFromCurrentState Surface(name=cd0e9cf InputMethod)/@0x5308265 - animation-leash#0 (83)
09-09 22:27:33.577  4593  4615 I SurfaceControl: nativeRelease nativeObject s[478590739296]
09-09 22:27:33.577  4593  4615 I SurfaceControl: nativeRelease nativeObject e[478590739296]
09-09 22:27:33.577  5400  5400 I SurfaceControl: nativeRelease nativeObject s[476907922368]
09-09 22:27:33.577  5400  5400 I SurfaceControl: nativeRelease nativeObject e[476907922368]
09-09 22:27:33.581 17542 17542 I SurfaceControl: nativeRelease nativeObject s[481289010976]
09-09 22:27:33.581 17542 17542 I SurfaceControl: nativeRelease nativeObject e[481289010976]
09-09 22:27:33.581 17542 17542 I SurfaceControl: nativeRelease nativeObject s[481289010880]
09-09 22:27:33.581 17542 17542 I SurfaceControl: nativeRelease nativeObject e[481289010880]
09-09 22:27:33.581  4593  4615 I SurfaceControl: nativeRelease nativeObject s[476376219168]
09-09 22:27:33.581  4593  4615 I SurfaceControl: nativeRelease nativeObject e[476376219168]
09-09 22:27:33.581  4229  4255 I Layer   : id=31735 removeFromCurrentState Splash Screen com.example.lunchtray#0 (83)
09-09 22:27:33.582  4593  4615 I SurfaceControl: nativeRelease nativeObject s[476377346080]
09-09 22:27:33.582  4593  4615 I SurfaceControl: nativeRelease nativeObject e[476377346080]
09-09 22:27:33.582  4593  6905 D SdpManagerService: Not an enterprise user : 0
09-09 22:27:33.582  4593  6905 D SdpManagerService: Not an enterprise user : 0
09-09 22:27:33.582  4593  6902 D SamsungIMMSHWKeyboard: isConnectedDexOnPC false
09-09 22:27:33.583  7209  7209 I HBD     : h getDefaultInputRange : UNKNOWN
09-09 22:27:33.583  7209  7209 I HBD     : a currentState : 0
09-09 22:27:33.584  4229  4590 I Layer   : id=31734 removeFromCurrentState ea78e6f Splash Screen com.example.lunchtray#0 (83)
09-09 22:27:33.584  4229  4590 I Layer   : id=31743 removeFromCurrentState Surface(name=ea78e6f Splash Screen com.example.lunchtray)/@0xa90d803 - animation-leash#0 (83)
09-09 22:27:33.584  4229  4590 I SurfaceFlinger: id=31734 Removed ea78e6f Splash Screen com.example.lunchtray#0 (83)
09-09 22:27:33.584  4229  5611 I SurfaceFlinger: id=31743 Removed Surface(name=ea78e6f Splash Screen com.example.lunchtray)/@0xa90d803 - animation-leash#0 (83)
09-09 22:27:33.584  4229  4257 I SurfaceFlinger: id=31735 Removed Splash Screen com.example.lunchtray#0 (83)
09-09 22:27:33.585  4593  6902 D InputMethodManagerService: isImeSwitcherDisabledPackage : false
09-09 22:27:33.585  7209  7209 I HBD     : h load selected json info : {"version":"1.0","currentLanguageOrder":1,"selected":[{"activeOptionList":["auto_replace","auto_spacing"],"engName":"Russian","id":3342336,"inputType":"qwerty","isUsed":true},{"activeOptionList":["auto_replace","auto_spacing"],"engName":"English","id":65537,"inputType":"qwerty","isUsed":true}]}
09-09 22:27:33.586  7209  7209 I HBD     : a [UpdatePolicy] [post] a: 0 cl: 65537 kit: [0/0] vt: 0 ir: 1
09-09 22:27:33.587  7209  7209 I HBD     : HoneyBoardService [PF_OP][onStartInput]  14316077 ns
09-09 22:27:33.592  4229  4229 I Layer   : id=31743[1] Destroyed Surface(name=ea78e6f Splash Screen com.example.lunchtray)/@0xa90d803 - animation-leash#0
09-09 22:27:33.592  4229  4229 I Layer   : id=31734[1] Destroyed ea78e6f Splash Screen com.example.lunchtray#0
09-09 22:27:33.593  4229  4229 I Layer   : id=31735[1] Destroyed Splash Screen com.example.lunchtray#0
09-09 22:27:33.599  4229  4229 D SurfaceFlinger: Display 0 HWC layers:
09-09 22:27:33.599  4229  4229 D SurfaceFlinger:      DEVICE | 0x73de417480 | 0002 | RGBA_8888    |    0.0    0.0 1080.0 2340.0 |    0    0 1080 2340 | com.example.lunchtray/com.example.lunchtray.MainActivity$_17542#0
09-09 22:27:33.599  4229  4229 D SurfaceFlinger:      DEVICE | 0x73de415400 | 0000 | RGBA_8888    |    0.0    0.0 1080.0   83.0 |    0    0 1080   83 | StatusBar$_4897#0
09-09 22:27:33.599  4229  4229 D SurfaceFlinger:      DEVICE | 0x73bd0b6b40 | 0000 | RGBA_8888    |    0.0    0.0   67.0  342.0 |    0  761   67 1103 | com.samsung.android.app.cocktailbars[...]rservice.CocktailBarService$_10876#0
09-09 22:27:33.599  4229  4229 D SurfaceFlinger:      DEVICE | 0x7462431c00 | 0000 | RGBA_8888    |    0.0    0.0  388.0   39.0 |  692 2301 1080 2340 | SGestureOverlayWindow$_5400#0
09-09 22:27:33.599  4229  4229 D SurfaceFlinger:      DEVICE | 0x73de415180 | 0000 | RGBA_8888    |    0.0    0.0 1080.0  126.0 |    0 2214 1080 2340 | NavigationBar0$_4897#0
09-09 22:27:33.599  4229  4229 D SurfaceFlinger:      DEVICE | 0x73bd0b68c0 | 0000 | RGBA_8888    |    0.0    0.0 1080.0  151.0 |    0    0 1080  151 | ScreenDecorOverlay$_4897#0
09-09 22:27:33.599  4229  4229 D SurfaceFlinger:      DEVICE | 0x7462432d80 | 0000 | RGBA_8888    |    0.0    0.0 1080.0  151.0 |    0 2189 1080 2340 | ScreenDecorOverlayBottom$_4897#0
09-09 22:27:33.599  4229  4229 D SurfaceFlinger:
09-09 22:27:33.606  4593  6902 D InputDispatcher: Inject motion (17542): action=0x1, time=177535651000000, f=0x0, d=0
09-09 22:27:33.606  4593  4724 I InputDispatcher: Delivering touch to (17542): action: 0x1, f=0x1, d=0, 'e61faae', t=1
09-09 22:27:33.607 17542 17542 I ViewRootImpl@d0af860[MainActivity]: ViewPostIme pointer 1
09-09 22:27:33.607  5400  5400 W TouchInteractionService: reset
09-09 22:27:33.621 17542 17542 D ScrollView: initGoToTop
09-09 22:27:33.687  4593  6902 V WindowManager: Relayout Window{e61faae u0 com.example.lunchtray/com.example.lunchtray.MainActivity}: viewVisibility=0 req=1080x2340
09-09 22:27:33.690  4593  6902 V WindowManager: Relayout hash=e61faae, pid=17542: mAttrs={(0,0)(fillxfill) sim={adjust=resize} ty=BASE_APPLICATION wanim=0x1030304
09-09 22:27:33.690  4593  6902 V WindowManager:   fl=81810100
09-09 22:27:33.690  4593  6902 V WindowManager:   pfl=12020000
09-09 22:27:33.690  4593  6902 V WindowManager:   apr=LIGHT_NAVIGATION_BARS
09-09 22:27:33.690  4593  6902 V WindowManager:   fitSides= naviIconColor=0
09-09 22:27:33.690  4593  6902 V WindowManager:   sfl=100000}
09-09 22:27:33.690  4593  6902 I SurfaceControl: nativeRelease nativeObject s[476377346176]
09-09 22:27:33.690  4593  6902 I SurfaceControl: nativeRelease nativeObject e[476377346176]
09-09 22:27:33.691 17542 17542 I SurfaceControl: nativeRelease nativeObject s[477178292768]
09-09 22:27:33.691 17542 17542 I SurfaceControl: nativeRelease nativeObject e[477178292768]
09-09 22:27:33.692 17542 17542 I SurfaceControl: assignNativeObject: nativeObject = 0 Surface(name=null)/@0xb36ea51 / android.view.SurfaceControl.readFromParcel:1117 android.view.IWindowSession$Stub$Proxy.relayout:1820 android.view.ViewRootImpl.relayoutWindow:9005 android.view.ViewRootImpl.performTraversals:3360 android.view.ViewRootImpl.doTraversal:2618 android.view.ViewRootImpl$TraversalRunnable.run:9971 android.view.Choreographer$CallbackRecord.run:1010 android.view.Choreographer.doCallbacks:809 android.view.Choreographer.doFrame:744 android.view.Choreographer$FrameDisplayEventReceiver.run:995
09-09 22:27:33.693 17542 17542 I SurfaceControl: nativeRelease nativeObject s[478590744192]
09-09 22:27:33.693 17542 17542 I SurfaceControl: nativeRelease nativeObject e[478590744192]
09-09 22:27:33.693 17542 17542 I SurfaceControl: nativeRelease nativeObject s[478590744096]
09-09 22:27:33.693 17542 17542 I SurfaceControl: nativeRelease nativeObject e[478590744096]
09-09 22:27:33.693 17542 17542 I SurfaceControl: nativeRelease nativeObject s[481289013472]
09-09 22:27:33.693 17542 17542 I SurfaceControl: nativeRelease nativeObject e[481289013472]
09-09 22:27:33.694 17542 17542 I ViewRootImpl@d0af860[MainActivity]: Relayout returned: old=(0,0,1080,2340) new=(0,0,1080,2340) req=(1080,2340)0 dur=5 res=0x1 s={true 478758539264} ch=false fn=11
09-09 22:27:33.695 17542 17542 D ScrollView:  onsize change changed
09-09 22:27:33.723  6776  6776 I GsaVoiceInteractionSrv: Handling ACTION_STOP_HOTWORD
09-09 22:27:33.741 10876 10876 I Utils   : isCurrentUser current = 0, ownerId = 0
09-09 22:27:33.741 10876 10876 I TrayVisibilityController: getComputedTrayVisible : keyguardState = 1
09-09 22:27:33.741 10876 10876 I TrayVisibilityController: updateTrayVisible: State=1 visible=1 mCurrentVisible=1 specificMode=0
09-09 22:27:33.741 10876 10876 I TrayStateController: onNotifyUpdateTray: 0 to need to visible? true
09-09 22:27:33.763 13489 13542 I ISG_Wakeup_Verify: [KWD] Normal - scores: [0.0000, 0.0010, t(89020)], [0.0010, 0.0020, t(89024)], [0.0020, 0.0020, t(89028)], [0.0010, 0.0010, t(89032)], [0.0000, 0.0000, t(89036)], RMS: 0
09-09 22:27:33.927 17542 17542 I ViewInteraction: Performing 'single click' action on view view.getId() is <2131230844/com.example.lunchtray:id/cauliflower>
09-09 22:27:33.929  4593  6902 D InputDispatcher: Inject motion (17542): action=0x0, time=177535974000000, f=0x0, d=0
09-09 22:27:33.929  4593  4724 D InputDispatcher: pointer touchable region used!
09-09 22:27:33.929  4593  4724 I InputDispatcher: Delivering touch to (4897): action: 0x4, f=0x0, d=0, '8706a1 ', t=0
09-09 22:27:33.929  4593  4724 I InputDispatcher: Delivering touch to (17542): action: 0x0, f=0x0, d=0, 'e61faae', t=0
09-09 22:27:33.930 17542 17542 I ViewRootImpl@d0af860[MainActivity]: ViewPostIme pointer 0
09-09 22:27:33.930  5400  5400 W RecentsAnimationDeviceState: isInSwipeUpTouchRegion = false
09-09 22:27:33.930  5400  5400 W TouchInteractionService: onInputEvent, inputConsumer = com.android.quickstep.-$$Lambda$InputConsumer$pgTpBxbssXPLgozwhOXQifnNImE@f3b9ba9
09-09 22:27:33.962 13489 13542 I ISG_Wakeup_Verify: [KWD] Normal - scores: [0.0010, 0.0020, t(89040)], [0.0010, 0.0244, t(89044)], [0.0000, 0.0010, t(89048)], [0.0010, 0.0059, t(89052)], [0.0020, 0.0068, t(89056)], RMS: 0
09-09 22:27:33.982  4593  6902 D InputDispatcher: Inject motion (17542): action=0x1, time=177536027000000, f=0x0, d=0
09-09 22:27:33.982  4593  4724 I InputDispatcher: Delivering touch to (17542): action: 0x1, f=0x0, d=0, 'e61faae', t=1
09-09 22:27:33.982 17542 17542 I ViewRootImpl@d0af860[MainActivity]: ViewPostIme pointer 1
09-09 22:27:33.982  5400  5400 W TouchInteractionService: reset
09-09 22:27:34.157 13489 13542 I ISG_Wakeup_Verify: [KWD] Normal - scores: [0.0000, 0.0000, t(89060)], [0.0000, 0.0000, t(89064)], [0.0039, 0.0000, t(89068)], [0.0010, 0.0000, t(89072)], [0.0068, 0.0000, t(89076)], RMS: 0
09-09 22:27:34.159  4897  5064 D NetworkController.SecMobileSignalController(0/5): onDataActivity: direction=0
09-09 22:27:34.159  4897  5064 D MobileSignalIconsSelector: getDataIconGroup(): connected=true,enabled=true,level=3,inetCondition=1,dataIconGroup=DataIconGroup(4G),activityIn=false,activityOut=false,lastModified=09-09 22:27:34.159,dataSim=true,networkName=HUMANS,networkNameData=HUMANS,dataConnected=true,roaming=false,isDefault=true,isEmergency=false,airplaneMode=false,carrierNetworkChangeMode=false,userSetup=true,defaultDataOff=false,cdmaEriIconIndex=-1,cdmaEriIconMode=-1,callState=0,voWifiConnected=false,shouldShowDisabledDataIcon=false,bluetoothTethered=false,isLTEFemtoCell=false,cardOperator=OTHERS,optionalRadioTech=0,isCAIndicator=false,isLimitedStateForCTCSlaveVoLTE=false,isSWRoaming=false,isMobileDataSettingEnabled=false,nwBoosterRilEnabled=false,nwBoosterSettingEnabled=false,emergencyModeActivated=false,ismmW5G=false,slotId=0,simState=LOADED, iconSet = [I@7015350
09-09 22:27:34.161  4897  4897 D StatusbarSignalPolicy: setMobileDataIndicators state = MobileIconState(subId=5, strengthId=2131233571, roaming=false, typeId=2131233365, visible=true, activityId=2131233462, roamingId=0, slotId=0)
09-09 22:27:34.244 17542 17542 I ViewInteraction: Performing 'single click' action on view view.getId() is <2131231081/com.example.lunchtray:id/next_button>
09-09 22:27:34.245  4593  6902 D InputDispatcher: Inject motion (17542): action=0x0, time=177536290000000, f=0x0, d=0
09-09 22:27:34.246  4593  4724 D InputDispatcher: pointer touchable region used!
09-09 22:27:34.246  4593  4724 I InputDispatcher: Delivering touch to (4897): action: 0x4, f=0x0, d=0, '8706a1 ', t=0
09-09 22:27:34.246  4593  4724 I InputDispatcher: Delivering touch to (17542): action: 0x0, f=0x0, d=0, 'e61faae', t=0
09-09 22:27:34.247 17542 17542 I ViewRootImpl@d0af860[MainActivity]: ViewPostIme pointer 0
09-09 22:27:34.247  5400  5400 W RecentsAnimationDeviceState: isInSwipeUpTouchRegion = false
09-09 22:27:34.247  5400  5400 W TouchInteractionService: onInputEvent, inputConsumer = com.android.quickstep.-$$Lambda$InputConsumer$pgTpBxbssXPLgozwhOXQifnNImE@f3b9ba9
09-09 22:27:34.286  4593  6902 D InputDispatcher: Inject motion (17542): action=0x1, time=177536331000000, f=0x0, d=0
09-09 22:27:34.286  4593  4724 I InputDispatcher: Delivering touch to (17542): action: 0x1, f=0x0, d=0, 'e61faae', t=1
09-09 22:27:34.287  5400  5400 W TouchInteractionService: reset
09-09 22:27:34.287 17542 17542 I ViewRootImpl@d0af860[MainActivity]: ViewPostIme pointer 1
09-09 22:27:34.302 17542 17542 D ScrollView: initGoToTop
09-09 22:27:34.309  4179 17844 I HYPER-HAL: [ResourceManager.cpp]removeResource(): [CPUMinFreq] RemoveResource Request ID : 10632984
09-09 22:27:34.310  4179 17844 I HYPER-HAL: [RequestManager.cpp]releaseLocked(): Released ID : 10632984
09-09 22:27:34.350  4593  4838 D SemWifiApTrafficPoller: received START_TRAFFIC_CHECK
09-09 22:27:34.360 13489 13542 I ISG_Wakeup_Verify: [KWD] Normal - scores: [0.0029, 0.0029, t(89080)], [0.0029, 0.0010, t(89084)], [0.0010, 0.0000, t(89088)], [0.0010, 0.0010, t(89092)], [0.0010, 0.0000, t(89096)], RMS: 0
09-09 22:27:34.366 17542 17542 D ScrollView:  onsize change changed
09-09 22:27:34.378 13489 13635 I AsyncCachedReader: Ph_[increasing RB:, c.c.c.a.b[pos=26600320 lim=28520320 cap=1920000] inner::java.nio.HeapByteBuffer[pos=1640320 lim=1920000 cap=1920000]] [VF-ATP-3]
09-09 22:27:34.558 13489 13542 I ISG_Wakeup_Verify: [KWD] Normal - scores: [0.0049, 0.0029, t(89100)], [0.0020, 0.0010, t(89104)], [0.0020, 0.0010, t(89108)], [0.0010, 0.0010, t(89112)], [0.0088, 0.0010, t(89116)], RMS: 0
09-09 22:27:34.594 17542 17542 I ViewInteraction: Performing 'single click' action on view view.getId() is <2131231138/com.example.lunchtray:id/salad>
09-09 22:27:34.596  4593  7734 D InputDispatcher: Inject motion (17542): action=0x0, time=177536640000000, f=0x0, d=0
09-09 22:27:34.596  4593  4724 D InputDispatcher: pointer touchable region used!
09-09 22:27:34.596  4593  4724 I InputDispatcher: Delivering touch to (4897): action: 0x4, f=0x0, d=0, '8706a1 ', t=0
09-09 22:27:34.596  4593  4724 I InputDispatcher: Delivering touch to (17542): action: 0x0, f=0x0, d=0, 'e61faae', t=0
09-09 22:27:34.596  5400  5400 W RecentsAnimationDeviceState: isInSwipeUpTouchRegion = false
09-09 22:27:34.596  5400  5400 W TouchInteractionService: onInputEvent, inputConsumer = com.android.quickstep.-$$Lambda$InputConsumer$pgTpBxbssXPLgozwhOXQifnNImE@f3b9ba9
09-09 22:27:34.597 17542 17542 I ViewRootImpl@d0af860[MainActivity]: ViewPostIme pointer 0
09-09 22:27:34.635  4593  7734 D InputDispatcher: Inject motion (17542): action=0x1, time=177536680000000, f=0x0, d=0
09-09 22:27:34.635  4593  4724 I InputDispatcher: Delivering touch to (17542): action: 0x1, f=0x0, d=0, 'e61faae', t=1
09-09 22:27:34.635 17542 17542 I ViewRootImpl@d0af860[MainActivity]: ViewPostIme pointer 1
09-09 22:27:34.635  5400  5400 W TouchInteractionService: reset
09-09 22:27:34.760 13489 13542 I ISG_Wakeup_Verify: [KWD] Normal - scores: [0.0010, 0.0010, t(89120)], [0.0000, 0.0010, t(89124)], [0.0059, 0.0010, t(89128)], [0.0029, 0.0000, t(89132)], [0.0020, 0.0020, t(89136)], RMS: 0
09-09 22:27:34.896 17542 17542 I ViewInteraction: Performing 'single click' action on view view.getId() is <2131231081/com.example.lunchtray:id/next_button>
09-09 22:27:34.898  4593  7734 D InputDispatcher: Inject motion (17542): action=0x0, time=177536942000000, f=0x0, d=0
09-09 22:27:34.899  4593  4724 D InputDispatcher: pointer touchable region used!
09-09 22:27:34.899  4593  4724 I InputDispatcher: Delivering touch to (4897): action: 0x4, f=0x0, d=0, '8706a1 ', t=0
09-09 22:27:34.899 17542 17542 I ViewRootImpl@d0af860[MainActivity]: ViewPostIme pointer 0
09-09 22:27:34.900  4593  4724 I InputDispatcher: Delivering touch to (17542): action: 0x0, f=0x0, d=0, 'e61faae', t=0
09-09 22:27:34.901  5400  5400 W RecentsAnimationDeviceState: isInSwipeUpTouchRegion = false
09-09 22:27:34.901  5400  5400 W TouchInteractionService: onInputEvent, inputConsumer = com.android.quickstep.-$$Lambda$InputConsumer$pgTpBxbssXPLgozwhOXQifnNImE@f3b9ba9
09-09 22:27:34.938  4593  7734 D InputDispatcher: Inject motion (17542): action=0x1, time=177536983000000, f=0x0, d=0
09-09 22:27:34.939  4593  4724 I InputDispatcher: Delivering touch to (17542): action: 0x1, f=0x0, d=0, 'e61faae', t=1
09-09 22:27:34.939 17542 17542 I ViewRootImpl@d0af860[MainActivity]: ViewPostIme pointer 1
09-09 22:27:34.939  5400  5400 W TouchInteractionService: reset
09-09 22:27:34.954 17542 17542 D ScrollView: initGoToTop
09-09 22:27:34.961 13489 13542 I ISG_Wakeup_Verify: [KWD] Normal - scores: [0.0000, 0.0000, t(89140)], [0.0000, 0.0000, t(89144)], [0.0000, 0.0000, t(89148)], [0.0000, 0.0000, t(89152)], [0.0029, 0.0000, t(89156)], RMS: 0
09-09 22:27:35.006 17542 17542 D ScrollView:  onsize change changed
09-09 22:27:35.160 13489 13542 I ISG_Wakeup_Verify: [KWD] Normal - scores: [0.0010, 0.0000, t(89160)], [0.0020, 0.0000, t(89164)], [0.0010, 0.0000, t(89168)], [0.0010, 0.0010, t(89172)], [0.0000, 0.0000, t(89176)], RMS: 0
09-09 22:27:35.218  4179 17841 I HYPER-HAL: [ResourceManager.cpp]removeResource(): [CPUMinFreq] RemoveResource Request ID : 10623761
09-09 22:27:35.220  4179 17841 I HYPER-HAL: [RequestManager.cpp]releaseLocked(): Released ID : 10623761
09-09 22:27:35.239 17542 17542 I ViewInteraction: Performing 'single click' action on view view.getId() is <2131230835/com.example.lunchtray:id/bread>
09-09 22:27:35.243  4593  7734 D InputDispatcher: Inject motion (17542): action=0x0, time=177537287000000, f=0x0, d=0
09-09 22:27:35.244  4593  4724 D InputDispatcher: pointer touchable region used!
09-09 22:27:35.244  4593  4724 I InputDispatcher: Delivering touch to (4897): action: 0x4, f=0x0, d=0, '8706a1 ', t=0
09-09 22:27:35.244  4593  4724 I InputDispatcher: Delivering touch to (17542): action: 0x0, f=0x0, d=0, 'e61faae', t=0
09-09 22:27:35.245  5400  5400 W RecentsAnimationDeviceState: isInSwipeUpTouchRegion = false
09-09 22:27:35.245  5400  5400 W TouchInteractionService: onInputEvent, inputConsumer = com.android.quickstep.-$$Lambda$InputConsumer$pgTpBxbssXPLgozwhOXQifnNImE@f3b9ba9
09-09 22:27:35.246 17542 17542 I ViewRootImpl@d0af860[MainActivity]: ViewPostIme pointer 0
09-09 22:27:35.285  4593  7734 D InputDispatcher: Inject motion (17542): action=0x1, time=177537329000000, f=0x0, d=0
09-09 22:27:35.286  4593  4724 I InputDispatcher: Delivering touch to (17542): action: 0x1, f=0x0, d=0, 'e61faae', t=1
09-09 22:27:35.286  5400  5400 W TouchInteractionService: reset
09-09 22:27:35.286 17542 17542 I ViewRootImpl@d0af860[MainActivity]: ViewPostIme pointer 1
09-09 22:27:35.358 13489 13542 I ISG_Wakeup_Verify: [KWD] Normal - scores: [0.0000, 0.0000, t(89180)], [0.0000, 0.0010, t(89184)], [0.0000, 0.0000, t(89188)], [0.0000, 0.0000, t(89192)], [0.0020, 0.0039, t(89196)], RMS: 0
09-09 22:27:35.555 17542 17542 I ViewInteraction: Performing 'single click' action on view view.getId() is <2131231081/com.example.lunchtray:id/next_button>
09-09 22:27:35.560  4593  7734 D InputDispatcher: Inject motion (17542): action=0x0, time=177537602000000, f=0x0, d=0
09-09 22:27:35.560  4593  4724 D InputDispatcher: pointer touchable region used!
09-09 22:27:35.560  4593  4724 I InputDispatcher: Delivering touch to (4897): action: 0x4, f=0x0, d=0, '8706a1 ', t=0
09-09 22:27:35.561 17542 17542 I ViewRootImpl@d0af860[MainActivity]: ViewPostIme pointer 0
09-09 22:27:35.562 13489 13542 I ISG_Wakeup_Verify: [KWD] Normal - scores: [0.0000, 0.0010, t(89200)], [0.0020, 0.0010, t(89204)], [0.0020, 0.0010, t(89208)], [0.0000, 0.0000, t(89212)], [0.0000, 0.0000, t(89216)], RMS: 0
09-09 22:27:35.562  4593  4724 I InputDispatcher: Delivering touch to (17542): action: 0x0, f=0x0, d=0, 'e61faae', t=0
09-09 22:27:35.564  5400  5400 W RecentsAnimationDeviceState: isInSwipeUpTouchRegion = false
09-09 22:27:35.564  5400  5400 W TouchInteractionService: onInputEvent, inputConsumer = com.android.quickstep.-$$Lambda$InputConsumer$pgTpBxbssXPLgozwhOXQifnNImE@f3b9ba9
09-09 22:27:35.598  4593  7734 D InputDispatcher: Inject motion (17542): action=0x1, time=177537642000000, f=0x0, d=0
09-09 22:27:35.599  4593  4724 I InputDispatcher: Delivering touch to (17542): action: 0x1, f=0x0, d=0, 'e61faae', t=1
09-09 22:27:35.599 17542 17542 I ViewRootImpl@d0af860[MainActivity]: ViewPostIme pointer 1
09-09 22:27:35.602  5400  5400 W TouchInteractionService: reset
09-09 22:27:35.633 17542 17542 D ScrollView: initGoToTop
09-09 22:27:35.695 17542 17542 D ScrollView:  onsize change changed
09-09 22:27:35.758 13489 13542 I ISG_Wakeup_Verify: [KWD] Normal - scores: [0.0010, 0.0000, t(89220)], [0.0000, 0.0000, t(89224)], [0.0000, 0.0000, t(89228)], [0.0059, 0.0010, t(89232)], [0.0078, 0.0010, t(89236)], RMS: 0
09-09 22:27:35.928 17542 17542 I ViewInteraction: Checking 'MatchesViewAssertion{viewMatcher=an instance of android.widget.TextView and view.getText() with or without transformation to match: a string containing "Subtotal: $10.00"}' assertion on view view.getId() is <2131231217/com.example.lunchtray:id/subtotal>
09-09 22:27:35.933 17542 17542 I ViewInteraction: Checking 'MatchesViewAssertion{viewMatcher=an instance of android.widget.TextView and view.getText() with or without transformation to match: a string containing "Tax: $0.80"}' assertion on view view.getId() is <2131231233/com.example.lunchtray:id/tax>
09-09 22:27:35.937 17542 17542 I ViewInteraction: Checking 'MatchesViewAssertion{viewMatcher=an instance of android.widget.TextView and view.getText() with or without transformation to match: a string containing "Total: $10.80"}' assertion on view view.getId() is <2131231262/com.example.lunchtray:id/total>
09-09 22:27:35.938 17542 17582 I TestRunner: finished: subtotal_tax_total_in_checkout(com.example.lunchtray.OrderFunctionalityTests)
