09-09 22:27:06.575  4229  4229 D SurfaceFlinger:      DEVICE | 0x73bd0b6b40 | 0000 | RGBA_8888    |    0.0    0.0   67.0  342.0 |    0  761   67 1103 | com.samsung.android.app.cocktailbars[...]rservice.CocktailBarService$_10876#0
09-09 22:27:06.575  4229  4229 D SurfaceFlinger:      DEVICE | 0x7462431c00 | 0000 | RGBA_8888    |    0.0    0.0  388.0   39.0 |  692 2301 1080 2340 | SGestureOverlayWindow$_5400#0
09-09 22:27:06.575  4229  4229 D SurfaceFlinger:      DEVICE | 0x73de4166c0 | 0000 | RGBA_8888    |    0.0    0.0 1080.0  126.0 |    0 2214 1080 2340 | NavigationBar0$_4897#0
09-09 22:27:06.575  4229  4229 D SurfaceFlinger:      DEVICE | 0x73bd0b68c0 | 0000 | RGBA_8888    |    0.0    0.0 1080.0  151.0 |    0    0 1080  151 | ScreenDecorOver
09-09 22:27:06.575  4229  4229 D SurfaceFlinger: lay$_4897#0
09-09 22:27:06.575  4229  4229 D SurfaceFlinger:      DEVICE | 0x7462432d80 | 0000 | RGBA_8888    |    0.0    0.0 1080.0  151.0 |    0 2189 1080 2340 | ScreenDecorOverlayBottom$_4897#0
09-09 22:27:06.575  4229  4229 D SurfaceFlinger:
09-09 22:27:06.584  4593  4615 I SurfaceControl: nativeRelease nativeObject s[476505734720]
09-09 22:27:06.584  4593  4615 I SurfaceControl: nativeRelease nativeObject e[476505734720]
09-09 22:27:06.585  4593  4615 I SurfaceControl: nativeRelease nativeObject s[476492624640]
09-09 22:27:06.585  4593  4615 I SurfaceControl: nativeRelease nativeObject e[476492624640]
09-09 22:27:06.585  4229  4590 I Layer   : id=31387 removeFromCurrentState Splash Screen com.example.lunchtray#0 (85)
09-09 22:27:06.585  4593  4615 I SurfaceControl: nativeRelease nativeObject s[476493299040]
09-09 22:27:06.585  4593  4615 I SurfaceControl: nativeRelease nativeObject e[476493299040]
09-09 22:27:06.588  4229  4590 I Layer   : id=31386 removeFromCurrentState a0960b4 Splash Screen com.example.lunchtray#0 (85)
09-09 22:27:06.588  4229  4590 I Layer   : id=31399 removeFromCurrentState Surface(name=a0960b4 Splash Screen com.example.lunchtray)/@0x6a9eb0a - animation-leash#0 (85)
09-09 22:27:06.589  4229  4590 I SurfaceFlinger: id=31386 Removed a0960b4 Splash Screen com.example.lunchtray#0 (85)
09-09 22:27:06.589  4229  4590 I SurfaceFlinger: id=31399 Removed Surface(name=a0960b4 Splash Screen com.example.lunchtray)/@0x6a9eb0a - animation-leash#0 (85)
09-09 22:27:06.589  4229  4590 I SurfaceFlinger: id=31387 Removed Splash Screen com.example.lunchtray#0 (85)
09-09 22:27:06.601  4229  4229 I Layer   : id=31399[1] Destroyed Surface(name=a0960b4 Splash Screen com.example.lunchtray)/@0x6a9eb0a - animation-leash#0
09-09 22:27:06.601  4229  4229 I Layer   : id=31386[1] Destroyed a0960b4 Splash Screen com.example.lunchtray#0
09-09 22:27:06.602  4229  4229 I Layer   : id=31387[1] Destroyed Splash Screen com.example.lunchtray#0
09-09 22:27:06.605  4229  4229 D SurfaceFlinger: Display 0 HWC layers:
09-09 22:27:06.605  4229  4229 D SurfaceFlinger:      DEVICE | 0x74624329c0 | 0002 | RGBA_8888    |    0.0    0.0 1080.0 2340.0 |    0    0 1080 2340 | com.example.lunchtray/androidx.fragm[...]nario$EmptyFragmentActivity$_17542#0
09-09 22:27:06.605  4229  4229 D SurfaceFlinger:      DEVICE | 0x73de415400 | 0000 | RGBA_8888    |    0.0    0.0 1080.0   83.0 |    0    0 1080   83 | StatusBar$_4897#0
09-09 22:27:06.605  4229  4229 D SurfaceFlinger:      DEVICE | 0x73bd0b6b40 | 0000 | RGBA_8888    |    0.0    0.0   67.0  342.0 |    0  761   67 1103 | com.samsung.android.app.cocktailbars[...]rservice.CocktailBarService$_10876#0
09-09 22:27:06.605  4229  4229 D SurfaceFlinger:      DEVICE | 0x7462431c00 | 0000 | RGBA_8888    |    0.0    0.0  388.0   39.0 |  692 2301 1080 2340 | SGestureOverlayWindow$_5400#0
09-09 22:27:06.605  4229  4229 D SurfaceFlinger:      DEVICE | 0x73de4166c0 | 0000 | RGBA_8888    |    0.0    0.0 1080.0  126.0 |    0 2214 1080 2340 | NavigationBar0$_4897#0
09-09 22:27:06.605  4229  4229 D SurfaceFlinger:      DEVICE | 0x73bd0b68c0 | 0000 | RGBA_8888    |    0.0    0.0 1080.0  151.0 |    0    0 1080  151 | ScreenDecorOverlay$_4897#0
09-09 22:27:06.605  4229  4229 D SurfaceFlinger:      DEVICE | 0x7462432d80 | 0000 | RGBA_8888    |    0.0    0.0 1080.0  151.0 |    0 2189 1080 2340 | ScreenDecorOverlayBottom$_
09-09 22:27:06.605  4229  4229 D SurfaceFlinger: 4897#0
09-09 22:27:06.605  4229  4229 D SurfaceFlinger:
09-09 22:27:06.629  4593  7734 V WindowManager: Relayout Window{86bf561 u0 com.example.lunchtray/androidx.fragment.app.testing.FragmentScenario$EmptyFragmentActivity}: viewVisibility=0 req=1080x2340
09-09 22:27:06.632  4593  7734 V WindowManager: Relayout hash=86bf561, pid=17542: mAttrs={(0,0)(fillxfill) sim={adjust=resize forwardNavigation} ty=BASE_APPLICATION wanim=0x1030304
09-09 22:27:06.632  4593  7734 V WindowManager:   fl=81810100
09-09 22:27:06.632  4593  7734 V WindowManager:   pfl=12020000
09-09 22:27:06.632  4593  7734 V WindowManager:   apr=LIGHT_NAVIGATION_BARS
09-09 22:27:06.632  4593  7734 V WindowManager:   fitSides= naviIconColor=0
09-09 22:27:06.632  4593  7734 V WindowManager:   sfl=100000}
09-09 22:27:06.632  4593  7734 I SurfaceControl: nativeRelease nativeObject s[476506997856]
09-09 22:27:06.632  4593  7734 I SurfaceControl: nativeRelease nativeObject e[476506997856]
09-09 22:27:06.635 17542 17542 I SurfaceControl: nativeRelease nativeObject s[478590749376]
09-09 22:27:06.635 17542 17542 I SurfaceControl: nativeRelease nativeObject e[478590749376]
09-09 22:27:06.636 17542 17542 I SurfaceControl: assignNativeObject: nativeObject = 0 Surface(name=null)/@0x7e4ada3 / android.view.SurfaceControl.readFromParcel:1117 android.view.IWindowSession$Stub$Proxy.relayout:1820 android.view.ViewRootImpl.relayoutWindow:9005 android.view.ViewRootImpl.performTraversals:3360 android.view.ViewRootImpl.doTraversal:2618 android.view.ViewRootImpl$TraversalRunnable.run:9971 android.view.Choreographer$CallbackRecord.run:1010 android.view.Choreographer.doCallbacks:809 android.view.Choreographer.doFrame:744 android.view.Choreographer$FrameDisplayEventReceiver.run:995
09-09 22:27:06.637 17542 17542 I SurfaceControl: nativeRelease nativeObject s[478744356352]
09-09 22:27:06.637 17542 17542 I SurfaceControl: nativeRelease nativeObject e[478744356352]
09-09 22:27:06.637 17542 17542 I SurfaceControl: nativeRelease nativeObject s[478744356160]
09-09 22:27:06.637 17542 17542 I SurfaceControl: nativeRelease nativeObject e[478744356160]
09-09 22:27:06.638 17542 17542 I ViewRootImpl@9dfc8d2[FragmentScenario$EmptyFragmentActivity]: Relayout returned: old=(0,0,1080,2340) new=(0,0,1080,2340) req=(1080,2340)0 dur=8 res=0x1 s={true 478592045056} ch=false fn=2
09-09 22:27:06.640 17542 17542 D ScrollView:  onsize change changed
09-09 22:27:06.647 17542 17542 I ViewRootImpl@9dfc8d2[FragmentScenario$EmptyFragmentActivity]: MSG_WINDOW_FOCUS_CHANGED 1 1
09-09 22:27:06.648 17542 17542 D InputMethodManager: prepareNavigationBarInfo() DecorView@839f60f[FragmentScenario$EmptyFragmentActivity]
09-09 22:27:06.648 17542 17542 D InputMethodManager: getNavigationBarColor() -855310
09-09 22:27:06.650 17542 17542 D InputMethodManager: prepareNavigationBarInfo() DecorView@839f60f[FragmentScenario$EmptyFragmentActivity]
09-09 22:27:06.650 17542 17542 D InputMethodManager: getNavigationBarColor() -855310
09-09 22:27:06.650 17542 17542 V InputMethodManager: Starting input: tba=com.example.lunchtray ic=null mNaviBarColor -855310 mIsGetNaviBarColorSuccess true , NavVisible : true , NavTrans : false
09-09 22:27:06.650 17542 17542 D InputMethodManager: startInputInner - Id : 0
09-09 22:27:06.650 17542 17542 I InputMethodManager: startInputInner - mService.startInputOrWindowGainedFocus
09-09 22:27:06.651  4593  7734 D InputMethodManagerService: mSecureKeypadEnabled = false
09-09 22:27:06.651  4593  7734 V InputMethodManagerService: hideCurrentInputLocked : shouldHideSoftInput is false
09-09 22:27:06.652  4593  7734 D InputMethodManagerService: mDesktopModeManager null!
09-09 22:27:06.652  4593  7734 V InputMethodManagerService: getDisplayIdOfInputMethodWindowToBeAdded : 0
09-09 22:27:06.652  4593  7734 D SamsungIMMSHWKeyboard: isConnectedDexOnPC false
09-09 22:27:06.652  4593  7734 D InputMethodManagerService: isImeSwitcherDisabledPackage : false
09-09 22:27:06.653  4593  7734 D InputMethodManagerService: checkDisplayOfStartInputAndUpdateKeyboard display Id 0last 0
09-09 22:27:06.653  4593  7734 D InputTransport: Input channel constructed: 'ClientS', fd=664
09-09 22:27:06.653  4593  7734 D InputTransport: Input channel destroyed: 'ClientS', fd=664
09-09 22:27:06.654 17542 17542 D InputTransport: Input channel constructed: 'ClientS', fd=88
09-09 22:27:06.655  4593  7118 I SurfaceControl: nativeRelease nativeObject s[476493298752]
09-09 22:27:06.655  4593  7118 I SurfaceControl: nativeRelease nativeObject e[476493298752]
09-09 22:27:06.656  4229  5522 I SurfaceFlinger: id=31400 createSurf (0x0),-1 flag=24004, Surface(name=cd0e9cf InputMethod)/@0x5308265 - animation-leash#1
09-09 22:27:06.657  7209  7209 I HBD     : HoneyBoardService onFinishInput
09-09 22:27:06.658  7209  7209 I HBD     : a IC have been unbinded,  InputConnectionWrapper{idHash=#9bbc4e2 mMissingMethods=}
09-09 22:27:06.658  7209  7209 I HBD     : HoneyBoardService [PF_CL][onFinishInput]  553000 ns
09-09 22:27:06.659  7209  7209 I HBD     : HoneyBoardService [IMI] onStartInput - caller pid : 17542 , caller uid : 10586
09-09 22:27:06.659  7209  7209 I HBD     : i updateConfigs
09-09 22:27:06.660  7209  7209 I HBD     : i isEnabledNightMode : false
09-09 22:27:06.660  7209  7209 I HBD     : a IC have been binded, InputConnectionWrapper{idHash=#153cb30 mMissingMethods=}
09-09 22:27:06.660  7209  7209 I HBD     : h [EditorInputType]setPrivateImeOptionsToTable privateImeOptions ( null )
09-09 22:27:06.660  7209  7209 I HBD     : b incognitoMode : false
09-09 22:27:06.660  7209  7209 I HBD     : a needOff = true , isForceOff = false, isNullInputClass : true
09-09 22:27:06.661  7209  7209 I HBD     : h getDefaultInputRange : UNKNOWN
09-09 22:27:06.661  7209  7209 I HBD     : h getDefaultInputRange : UNKNOWN
09-09 22:27:06.661  7209  7209 I HBD     : h getDefaultInputRange : UNKNOWN
09-09 22:27:06.661  4593  7118 D SdpManagerService: Not an enterprise user : 0
09-09 22:27:06.661  4593  7118 D SdpManagerService: Not an enterprise user : 0
09-09 22:27:06.662  7209  7209 I HBD     : h getDefaultInputRange : UNKNOWN
09-09 22:27:06.663  7209  7209 I HBD     : a currentState : 0
09-09 22:27:06.664 17542 17542 I ViewInteraction: Checking 'MatchesViewAssertion{viewMatcher=an instance of android.widget.TextView and view.getText() with or without transformation to match: a string containing "Cauliflower"}' assertion on view view.getId() is <2131230844/com.example.lunchtray:id/cauliflower>
09-09 22:27:06.665  7209  7209 I HBD     : h load selected json info : {"version":"1.0","currentLanguageOrder":1,"selected":[{"activeOptionList":["auto_replace","auto_spacing"],"engName":"Russian","id":3342336,"inputType":"qwerty","isUsed":true},{"activeOptionList":["auto_replace","auto_spacing"],"engName":"English","id":65537,"inputType":"qwerty","isUsed":true}]}
09-09 22:27:06.666  7209  7209 I HBD     : a [UpdatePolicy] [post] a: 0 cl: 65537 kit: [0/0] vt: 0 ir: 1
09-09 22:27:06.667 17542 17542 I ViewInteraction: Checking 'MatchesViewAssertion{viewMatcher=an instance of android.widget.TextView and view.getText() with or without transformation to match: a string containing "Whole cauliflower"}' assertion on view view.getId() is <2131230845/com.example.lunchtray:id/cauliflower_description>
09-09 22:27:06.667  7209  7209 I HBD     : HoneyBoardService [PF_OP][onStartInput]  8405269 ns
09-09 22:27:06.669  4229  5611 I Layer   : id=31383 removeFromCurrentState Surface(name=cd0e9cf InputMethod)/@0x5308265 - animation-leash#0 (83)
09-09 22:27:06.670 17542 17542 I ViewInteraction: Checking 'MatchesViewAssertion{viewMatcher=an instance of android.widget.TextView and view.getText() with or without transformation to match: a string containing "$7.00"}' assertion on view view.getId() is <2131230846/com.example.lunchtray:id/cauliflower_price>
09-09 22:27:06.671  5400  5400 I SurfaceControl: nativeRelease nativeObject s[478744362976]
09-09 22:27:06.671  5400  5400 I SurfaceControl: nativeRelease nativeObject e[478744362976]
09-09 22:27:06.672  4593  7118 D SamsungIMMSHWKeyboard: isConnectedDexOnPC false
09-09 22:27:06.673  4593  7118 D InputMethodManagerService: isImeSwitcherDisabledPackage : false
09-09 22:27:06.673 17542 17542 I SurfaceControl: nativeRelease nativeObject s[478590746112]
09-09 22:27:06.673 17542 17542 I SurfaceControl: nativeRelease nativeObject e[478590746112]
09-09 22:27:06.673 17542 17542 I SurfaceControl: nativeRelease nativeObject s[478590749376]
09-09 22:27:06.673 17542 17542 I SurfaceControl: nativeRelease nativeObject e[478590749376]
09-09 22:27:06.676 17542 17542 I ViewInteraction: Checking 'MatchesViewAssertion{viewMatcher=an instance of android.widget.TextView and view.getText() with or without transformation to match: a string containing "Three Bean Chili"}' assertion on view view.getId() is <2131230858/com.example.lunchtray:id/chili>
09-09 22:27:06.678 17542 17542 I ViewInteraction: Checking 'MatchesViewAssertion{viewMatcher=an instance of android.widget.TextView and view.getText() with or without transformation to match: a string containing "Black beans"}' assertion on view view.getId() is <2131230859/com.example.lunchtray:id/chili_description>
09-09 22:27:06.680 17542 17542 I ViewInteraction: Checking 'MatchesViewAssertion{viewMatcher=an instance of android.widget.TextView and view.getText() with or without transformation to match: a string containing "$4.00"}' assertion on view view.getId() is <2131230860/com.example.lunchtray:id/chili_price>
09-09 22:27:06.683 17542 17542 I ViewInteraction: Checking 'MatchesViewAssertion{viewMatcher=an instance of android.widget.TextView and view.getText() with or without transformation to match: a string containing "Mushroom Pasta"}' assertion on view view.getId() is <2131231106/com.example.lunchtray:id/pasta>
09-09 22:27:06.687 17542 17542 I ViewInteraction: Checking 'MatchesViewAssertion{viewMatcher=an instance of android.widget.TextView and view.getText() with or without transformation to match: a string containing "Penne pasta"}' assertion on view view.getId() is <2131231107/com.example.lunchtray:id/pasta_description>
09-09 22:27:06.690 17542 17542 I ViewInteraction: Checking 'MatchesViewAssertion{viewMatcher=an instance of android.widget.TextView and view.getText() with or without transformation to match: a string containing "$5.50"}' assertion on view view.getId() is <2131231108/com.example.lunchtray:id/pasta_price>
09-09 22:27:06.693 17542 17542 I ViewInteraction: Checking 'MatchesViewAssertion{viewMatcher=an instance of android.widget.TextView and view.getText() with or without transformation to match: a string containing "Spicy Black Bean"}' assertion on view view.getId() is <2131231175/com.example.lunchtray:id/skillet>
09-09 22:27:06.696 17542 17542 I ViewInteraction: Checking 'MatchesViewAssertion{viewMatcher=an instance of android.widget.TextView and view.getText() with or without transformation to match: a string containing "Seasonal vegetables"}' assertion on view view.getId() is <2131231176/com.example.lunchtray:id/skillet_description>
09-09 22:27:06.699 17542 17542 I ViewInteraction: Checking 'MatchesViewAssertion{viewMatcher=an instance of android.widget.TextView and view.getText() with or without transformation to match: a string containing "$5.50"}' assertion on view view.getId() is <2131231177/com.example.lunchtray:id/skillet_price>
09-09 22:27:06.699 17542 17582 I TestRunner: finished: entree_menu_item_content(com.example.lunchtray.MenuContentTests)
