09-09 22:27:07.499  4179  4205 I HYPER-HAL: [RequestManager.cpp]releaseLocked(): Released ID : 10628372
09-09 22:27:07.500  4593  4615 D ViewRootImpl@f9aaa48[lunchtray]: dispatchDetachedFromWindow: reset blurmask
09-09 22:27:07.500  4593  4615 I ViewRootImpl@f9aaa48[lunchtray]: dispatchDetachedFromWindow
09-09 22:27:07.501  4593  4615 I SurfaceControl: nativeRelease nativeObject s[476494328128]
09-09 22:27:07.501  4593  4615 I SurfaceControl: nativeRelease nativeObject e[476494328128]
09-09 22:27:07.501  4593  4615 D InputTransport: Input channel destroyed: '6ca0e1 ', fd=745
09-09 22:27:07.504  4229  5611 I SurfaceFlinger: id=31420 createSurf (0x0),-1 flag=24000, Surface(name=6ca0e1 Splash Screen com.example.lunchtray)/@0x174bfd5 - animation-leash#0
09-09 22:27:07.505  4593  6905 I InputDispatcher: Focus entered window (17542): 64680bc in display 0 0
09-09 22:27:07.510  4593  4615 D InputTransport: Input channel destroyed: '6ca0e1 ', fd=750
09-09 22:27:07.515  4593  5225 I SurfaceControl: nativeRelease nativeObject s[476406232736]
09-09 22:27:07.515  4593  5225 I SurfaceControl: nativeRelease nativeObject e[476406232736]
09-09 22:27:07.516  4229  4255 I Layer   : id=31401 removeFromCurrentState com.sec.android.app.launcher/com.sec.android.app.launcher.activities.LauncherActivity$_5400#0 (91)
09-09 22:27:07.532 17542 17542 I ViewRootImpl@9e76d26[FragmentScenario$EmptyFragmentActivity]: MSG_WINDOW_FOCUS_CHANGED 1 1
09-09 22:27:07.532 17542 17542 D InputMethodManager: prepareNavigationBarInfo() DecorView@c47f513[FragmentScenario$EmptyFragmentActivity]
09-09 22:27:07.532 17542 17542 D InputMethodManager: getNavigationBarColor() -855310
09-09 22:27:07.533 17542 17542 D InputMethodManager: prepareNavigationBarInfo() DecorView@c47f513[FragmentScenario$EmptyFragmentActivity]
09-09 22:27:07.534 17542 17542 D InputMethodManager: getNavigationBarColor() -855310
09-09 22:27:07.534 17542 17542 V InputMethodManager: Starting input: tba=com.example.lunchtray ic=null mNaviBarColor -855310 mIsGetNaviBarColorSuccess true , NavVisible : true , NavTrans : false
09-09 22:27:07.534 17542 17542 D InputMethodManager: startInputInner - Id : 0
09-09 22:27:07.534 17542 17542 I InputMethodManager: startInputInner - mService.startInputOrWindowGainedFocus
09-09 22:27:07.535  4593  7736 D InputMethodManagerService: mSecureKeypadEnabled = false
09-09 22:27:07.535  4593  7736 V InputMethodManagerService: hideCurrentInputLocked : shouldHideSoftInput is false
09-09 22:27:07.536  4593  7736 D InputMethodManagerService: mDesktopModeManager null!
09-09 22:27:07.536  4593  7736 V InputMethodManagerService: getDisplayIdOfInputMethodWindowToBeAdded : 0
09-09 22:27:07.536  4593  7736 D SamsungIMMSHWKeyboard: isConnectedDexOnPC false
09-09 22:27:07.537  4229  4255 I SurfaceFlinger: id=31401 Removed com.sec.android.app.launcher/com.sec.android.app.launcher.activities.LauncherActivity$_5400#0 (91)
09-09 22:27:07.542  4593  7736 D InputMethodManagerService: isImeSwitcherDisabledPackage : false
09-09 22:27:07.542  4593  4612 D SehCodecSolutionService: Update top [com.example.lunchtray]
09-09 22:27:07.543  4593  7736 D InputMethodManagerService: checkDisplayOfStartInputAndUpdateKeyboard display Id 0last 0
09-09 22:27:07.544  4593  7736 D InputTransport: Input channel constructed: 'ClientS', fd=750
09-09 22:27:07.544  4593  7736 D InputTransport: Input channel destroyed: 'ClientS', fd=750
09-09 22:27:07.544 17542 17542 D InputTransport: Input channel constructed: 'ClientS', fd=89
09-09 22:27:07.548  4593  4619 I ActivityTaskManager: Displayed com.example.lunchtray/androidx.fragment.app.testing.FragmentScenario$EmptyFragmentActivity: +302ms
09-09 22:27:07.549  4145  4151 E statsd  : Predicate -7037417284711607308 dropping data for dimension key (10)0x2010101->10586[I] (10)0x30000->*launch*[S]
09-09 22:27:07.549  4145  4151 E statsd  : Predicate 5980654721335871649 dropping data for dimension key (10)0x2010101->10586[I] (10)0x30000->*launch*[S]
09-09 22:27:07.553  4229  4229 I Layer   : id=31401[1] Destroyed com.sec.android.app.launcher/com.sec.android.app.launcher.activities.LauncherActivity$_5400#0
09-09 22:27:07.555 17542 17542 D ScrollView: initGoToTop
09-09 22:27:07.557  4593  7732 I SurfaceControl: nativeRelease nativeObject s[476505734720]
09-09 22:27:07.557  4593  7732 I SurfaceControl: nativeRelease nativeObject e[476505734720]
09-09 22:27:07.558  4229  4257 I SurfaceFlinger: id=31421 createSurf (0x0),-1 flag=24004, Surface(name=cd0e9cf InputMethod)/@0x5308265 - animation-leash#1
09-09 22:27:07.562  4229  4229 D SurfaceFlinger: Display 0 HWC layers:
09-09 22:27:07.562  4229  4229 D SurfaceFlinger:      DEVICE | 0x73bd0b6780 | 0002 | RGBA_8888    |    0.0    0.0 1080.0 2340.0 |    0    0 1080 2340 | com.example.lunchtray/androidx.fragm[...]nario$EmptyFragmentActivity$_17542#0
09-09 22:27:07.562  4229  4229 D SurfaceFlinger:      DEVICE | 0x7462432ec0 | 0002 | RGBA_8888    |    0.0    0.0 1080.0 2340.0 |    0    0 1080 2340 | Splash Screen com.example.lunchtray#0
09-09 22:27:07.562  4229  4229 D SurfaceFlinger:      DEVICE | 0x73de415400 | 0000 | RGBA_8888    |    0.0    0.0 1080.0   83.0 |    0    0 1080   83 | StatusBar$_4897#0
09-09 22:27:07.562  4229  4229 D SurfaceFlinger:      DEVICE | 0x73bd0b6b40 | 0000 | RGBA_8888    |    0.0    0.0   67.0  342.0 |    0  761   67 1103 | com.samsung.android.app.cocktailbars[...]rservice.CocktailBarService$_10876#0
09-09 22:27:07.562  4229  4229 D SurfaceFlinger:      DEVICE | 0x7462431c00 | 0000 | RGBA_8888    |    0.0    0.0  388.0   39.0 |  692 2301 1080 2340 | SGestureOverlayWindow$_5400#0
09-09 22:27:07.562  4229  4229 D SurfaceFlinger:      DEVICE | 0x73de415180 | 0000 | RGBA_8888    |    0.0    0.0 1080.0  126.0 |    0 2214 1080 2340 | NavigationBar0$_4897#0
09-09 22:27:07.562  4229  4229 D SurfaceFlinger:      DEVICE | 0x73bd0b68c0 | 0000 | RGBA_8888    |    0.0    0.0 1080.0  151.0 |    0    0 1080  151 | ScreenDecorOver
09-09 22:27:07.562  4229  4229 D SurfaceFlinger: lay$_4897#0
09-09 22:27:07.562  4229  4229 D SurfaceFlinger:      DEVICE | 0x7462432d80 | 0000 | RGBA_8888    |    0.0    0.0 1080.0  151.0 |    0 2189 1080 2340 | ScreenDecorOverlayBottom$_4897#0
09-09 22:27:07.562  4229  4229 D SurfaceFlinger:
09-09 22:27:07.567  7209  7209 I HBD     : HoneyBoardService onFinishInput
09-09 22:27:07.568  7209  7209 I HBD     : a IC have been unbinded,  InputConnectionWrapper{idHash=#bd54d2e mMissingMethods=}
09-09 22:27:07.568  7209  7209 I HBD     : HoneyBoardService [PF_CL][onFinishInput]  574346 ns
09-09 22:27:07.574  7209  7209 I HBD     : HoneyBoardService [IMI] onStartInput - caller pid : 17542 , caller uid : 10586
09-09 22:27:07.575  4229  4257 I Layer   : id=31408 removeFromCurrentState Surface(name=cd0e9cf InputMethod)/@0x5308265 - animation-leash#0 (91)
09-09 22:27:07.575  7209  7209 I HBD     : i updateConfigs
09-09 22:27:07.576  7209  7209 I HBD     : i isEnabledNightMode : false
09-09 22:27:07.576  7209  7209 I HBD     : a IC have been binded, InputConnectionWrapper{idHash=#1e26a5c mMissingMethods=}
09-09 22:27:07.577  5400  5400 I SurfaceControl: nativeRelease nativeObject s[478724409312]
09-09 22:27:07.577  5400  5400 I SurfaceControl: nativeRelease nativeObject e[478724409312]
09-09 22:27:07.577  4593  4615 I SurfaceControl: nativeRelease nativeObject s[476494331296]
09-09 22:27:07.577  4593  4615 I SurfaceControl: nativeRelease nativeObject e[476494331296]
09-09 22:27:07.579  4593  4615 I SurfaceControl: nativeRelease nativeObject s[478745187424]
09-09 22:27:07.579  4593  4615 I SurfaceControl: nativeRelease nativeObject e[478745187424]
09-09 22:27:07.579  4229  5611 I Layer   : id=31412 removeFromCurrentState Splash Screen com.example.lunchtray#0 (91)
09-09 22:27:07.580  4593  4615 I SurfaceControl: nativeRelease nativeObject s[476492624352]
09-09 22:27:07.580  4593  4615 I SurfaceControl: nativeRelease nativeObject e[476492624352]
09-09 22:27:07.581  7209  7209 I HBD     : h [EditorInputType]setPrivateImeOptionsToTable privateImeOptions ( null )
09-09 22:27:07.581  7209  7209 I HBD     : b incognitoMode : false
09-09 22:27:07.581  7209  7209 I HBD     : a needOff = true , isForceOff = false, isNullInputClass : true
09-09 22:27:07.581  7209  7209 I HBD     : h getDefaultInputRange : UNKNOWN
09-09 22:27:07.581  7209  7209 I HBD     : h getDefaultInputRange : UNKNOWN
09-09 22:27:07.581  7209  7209 I HBD     : h getDefaultInputRange : UNKNOWN
09-09 22:27:07.582  4593  7736 D SdpManagerService: Not an enterprise user : 0
09-09 22:27:07.582  4593  7736 D SdpManagerService: Not an enterprise user : 0
09-09 22:27:07.583 13489 13542 I ISG_Wakeup_Verify: [KWD] Normal - scores: [0.0098, 0.0049, t(86400)], [0.0244, 0.0283, t(86404)], [0.0010, 0.0117, t(86408)], [0.0029, 0.1240, t(86412)], [0.0049, 0.1572, t(86416)], RMS: 1
09-09 22:27:07.584  4229  4257 I Layer   : id=31411 removeFromCurrentState 6ca0e1 Splash Screen com.example.lunchtray#0 (91)
09-09 22:27:07.584  7209  7209 I HBD     : h getDefaultInputRange : UNKNOWN
09-09 22:27:07.584  4229  4257 I Layer   : id=31420 removeFromCurrentState Surface(name=6ca0e1 Splash Screen com.example.lunchtray)/@0x174bfd5 - animation-leash#0 (91)
09-09 22:27:07.584  7209  7209 I HBD     : a currentState : 0
09-09 22:27:07.584  4229  4257 I SurfaceFlinger: id=31411 Removed 6ca0e1 Splash Screen com.example.lunchtray#0 (91)
09-09 22:27:07.584  4229  4257 I SurfaceFlinger: id=31420 Removed Surface(name=6ca0e1 Splash Screen com.example.lunchtray)/@0x174bfd5 - animation-leash#0 (91)
09-09 22:27:07.584  4229  4255 I SurfaceFlinger: id=31412 Removed Splash Screen com.example.lunchtray#0 (91)
09-09 22:27:07.586  4229  4229 I Layer   : id=31420[1] Destroyed Surface(name=6ca0e1 Splash Screen com.example.lunchtray)/@0x174bfd5 - animation-leash#0
09-09 22:27:07.586  4229  4229 I Layer   : id=31411[1] Destroyed 6ca0e1 Splash Screen com.example.lunchtray#0
09-09 22:27:07.588  4229  4229 I Layer   : id=31412[1] Destroyed Splash Screen com.example.lunchtray#0
09-09 22:27:07.589  7209  7209 I HBD     : h load selected json info : {"version":"1.0","currentLanguageOrder":1,"selected":[{"activeOptionList":["auto_replace","auto_spacing"],"engName":"Russian","id":3342336,"inputType":"qwerty","isUsed":true},{"activeOptionList":["auto_replace","auto_spacing"],"engName":"English","id":65537,"inputType":"qwerty","isUsed":true}]}
09-09 22:27:07.591  4229  4229 D SurfaceFlinger: Display 0 HWC layers:
09-09 22:27:07.591  4229  4229 D SurfaceFlinger:      DEVICE | 0x73bd0b6780 | 0002 | RGBA_8888    |    0.0    0.0 1080.0 2340.0 |    0    0 1080 2340 | com.example.lunchtray/androidx.fragm[...]nario$EmptyFragmentActivity$_17542#0
09-09 22:27:07.591  4229  4229 D SurfaceFlinger:      DEVICE | 0x73de415400 | 0000 | RGBA_8888    |    0.0    0.0 1080.0   83.0 |    0    0 1080   83 | StatusBar$_4897#0
09-09 22:27:07.591  4229  4229 D SurfaceFlinger:      DEVICE | 0x73bd0b6b40 | 0000 | RGBA_8888    |    0.0    0.0   67.0  342.0 |    0  761   67 1103 | com.samsung.android.app.cocktailbars[...]rservice.CocktailBarService$_10876#0
09-09 22:27:07.591  4229  4229 D SurfaceFlinger:      DEVICE | 0x7462431c00 | 0000 | RGBA_8888    |    0.0    0.0  388.0   39.0 |  692 2301 1080 2340 | SGestureOverlayWindow$_5400#0
09-09 22:27:07.591  4229  4229 D SurfaceFlinger:      DEVICE | 0x73de415e00 | 0000 | RGBA_8888    |    0.0    0.0 1080.0  126.0 |    0 2214 1080 2340 | NavigationBar0$_4897#0
09-09 22:27:07.591  4229  4229 D SurfaceFlinger:      DEVICE | 0x73bd0b68c0 | 0000 | RGBA_8888    |    0.0    0.0 1080.0  151.0 |    0    0 1080  151 | ScreenDecorOverlay$_4897#0
09-09 22:27:07.591  4229  4229 D SurfaceFlinger:      DEVICE | 0x7462432d80 | 0000 | RGBA_8888    |    0.0    0.0 1080.0  151.0 |    0 2189 1080 2340 | ScreenDecorOverlayBottom$_
09-09 22:27:07.591  4229  4229 D SurfaceFlinger: 4897#0
09-09 22:27:07.591  4229  4229 D SurfaceFlinger:
09-09 22:27:07.598  7209  7209 I HBD     : a [UpdatePolicy] [post] a: 0 cl: 65537 kit: [0/0] vt: 0 ir: 1
09-09 22:27:07.599  7209  7209 I HBD     : HoneyBoardService [PF_OP][onStartInput]  30958346 ns
09-09 22:27:07.626  4593  7736 D SamsungIMMSHWKeyboard: isConnectedDexOnPC false
09-09 22:27:07.627 17542 17542 I SurfaceControl: nativeRelease nativeObject s[478744355392]
09-09 22:27:07.627 17542 17542 I SurfaceControl: nativeRelease nativeObject e[478744355392]
09-09 22:27:07.627 17542 17542 I SurfaceControl: nativeRelease nativeObject s[477087359680]
09-09 22:27:07.627 17542 17542 I SurfaceControl: nativeRelease nativeObject e[477087359680]
09-09 22:27:07.638  4593  7736 D InputMethodManagerService: isImeSwitcherDisabledPackage : false
09-09 22:27:07.656  4593  7736 V WindowManager: Relayout Window{64680bc u0 com.example.lunchtray/androidx.fragment.app.testing.FragmentScenario$EmptyFragmentActivity}: viewVisibility=0 req=1080x2340
09-09 22:27:07.660  4593  7736 V WindowManager: Relayout hash=64680bc, pid=17542: mAttrs={(0,0)(fillxfill) sim={adjust=resize} ty=BASE_APPLICATION wanim=0x1030304
09-09 22:27:07.660  4593  7736 V WindowManager:   fl=81810100
09-09 22:27:07.660  4593  7736 V WindowManager:   pfl=12020000
09-09 22:27:07.660  4593  7736 V WindowManager:   apr=LIGHT_NAVIGATION_BARS
09-09 22:27:07.660  4593  7736 V WindowManager:   fitSides= naviIconColor=0
09-09 22:27:07.660  4593  7736 V WindowManager:   sfl=100000}
09-09 22:27:07.660  4593  7736 I SurfaceControl: nativeRelease nativeObject s[478745179072]
09-09 22:27:07.660  4593  7736 I SurfaceControl: nativeRelease nativeObject e[478745179072]
09-09 22:27:07.663 17542 17542 I SurfaceControl: nativeRelease nativeObject s[478592696896]
09-09 22:27:07.663 17542 17542 I SurfaceControl: nativeRelease nativeObject e[478592696896]
09-09 22:27:07.664 17542 17542 I SurfaceControl: assignNativeObject: nativeObject = 0 Surface(name=null)/@0xc2f3d67 / android.view.SurfaceControl.readFromParcel:1117 android.view.IWindowSession$Stub$Proxy.relayout:1820 android.view.ViewRootImpl.relayoutWindow:9005 android.view.ViewRootImpl.performTraversals:3360 android.view.ViewRootImpl.doTraversal:2618 android.view.ViewRootImpl$TraversalRunnable.run:9971 android.view.Choreographer$CallbackRecord.run:1010 android.view.Choreographer.doCallbacks:809 android.view.Choreographer.doFrame:744 android.view.Choreographer$FrameDisplayEventReceiver.run:995
09-09 22:27:07.665 17542 17542 I SurfaceControl: nativeRelease nativeObject s[478590746496]
09-09 22:27:07.665 17542 17542 I SurfaceControl: nativeRelease nativeObject e[478590746496]
09-09 22:27:07.666 17542 17542 I SurfaceControl: nativeRelease nativeObject s[478590746400]
09-09 22:27:07.666 17542 17542 I SurfaceControl: nativeRelease nativeObject e[478590746400]
09-09 22:27:07.666 17542 17542 I SurfaceControl: nativeRelease nativeObject s[478590746304]
09-09 22:27:07.666 17542 17542 I SurfaceControl: nativeRelease nativeObject e[478590746304]
09-09 22:27:07.666 17542 17542 I ViewRootImpl@9e76d26[FragmentScenario$EmptyFragmentActivity]: Relayout returned: old=(0,0,1080,2340) new=(0,0,1080,2340) req=(1080,2340)0 dur=10 res=0x1 s={true 478758539264} ch=false fn=2
09-09 22:27:07.668 17542 17542 D ScrollView:  onsize change changed
09-09 22:27:07.691 17542 17542 I ViewInteraction: Checking 'MatchesViewAssertion{viewMatcher=an instance of android.widget.TextView and view.getText() with or without transformation to match: a string containing "Lunch Roll"}' assertion on view view.getId() is <2131230835/com.example.lunchtray:id/bread>
09-09 22:27:07.695 17542 17542 I ViewInteraction: Checking 'MatchesViewAssertion{viewMatcher=an instance of android.widget.TextView and view.getText() with or without transformation to match: a string containing "Fresh baked"}' assertion on view view.getId() is <2131230836/com.example.lunchtray:id/bread_description>
09-09 22:27:07.698 17542 17542 I ViewInteraction: Checking 'MatchesViewAssertion{viewMatcher=an instance of android.widget.TextView and view.getText() with or without transformation to match: a string containing "$0.50"}' assertion on view view.getId() is <2131230837/com.example.lunchtray:id/bread_price>
09-09 22:27:07.701 17542 17542 I ViewInteraction: Checking 'MatchesViewAssertion{viewMatcher=an instance of android.widget.TextView and view.getText() with or without transformation to match: a string containing "Mixed Berries"}' assertion on view view.getId() is <2131230825/com.example.lunchtray:id/berries>
09-09 22:27:07.704 17542 17542 I ViewInteraction: Checking 'MatchesViewAssertion{viewMatcher=an instance of android.widget.TextView and view.getText() with or without transformation to match: a string containing "Strawberries"}' assertion on view view.getId() is <2131230826/com.example.lunchtray:id/berries_description>
09-09 22:27:07.707 17542 17542 I ViewInteraction: Checking 'MatchesViewAssertion{viewMatcher=an instance of android.widget.TextView and view.getText() with or without transformation to match: a string containing "$1.00"}' assertion on view view.getId() is <2131230827/com.example.lunchtray:id/berries_price>
09-09 22:27:07.711 17542 17542 I ViewInteraction: Checking 'MatchesViewAssertion{viewMatcher=an instance of android.widget.TextView and view.getText() with or without transformation to match: a string containing "Pickled Veggies"}' assertion on view view.getId() is <2131231113/com.example.lunchtray:id/pickles>
09-09 22:27:07.712  6776  6776 I GsaVoiceInteractionSrv: Handling ACTION_STOP_HOTWORD
09-09 22:27:07.716 17542 17542 I ViewInteraction: Checking 'MatchesViewAssertion{viewMatcher=an instance of android.widget.TextView and view.getText() with or without transformation to match: a string containing "Pickled cucumbers"}' assertion on view view.getId() is <2131231114/com.example.lunchtray:id/pickles_description>
09-09 22:27:07.718 17542 17542 I ViewInteraction: Checking 'MatchesViewAssertion{viewMatcher=an instance of android.widget.TextView and view.getText() with or without transformation to match: a string containing "$0.50"}' assertion on view view.getId() is <2131231115/com.example.lunchtray:id/pickles_price>
09-09 22:27:07.719 17542 17582 I TestRunner: finished: accompaniment_menu_item_content(com.example.lunchtray.MenuContentTests)
