09-09 22:27:18.398 17542 17542 V ActivityScenario: Activity lifecycle changed event received but ignored because the intent does not match. startActivityIntent=Intent { act=android.intent.action.MAIN cat=[android.intent.category.LAUNCHER] cmp=com.example.lunchtray/androidx.fragment.app.testing.FragmentScenario$EmptyFragmentActivity (has extras) }, activity.getIntent()=Intent { act=android.intent.action.MAIN cat=[android.intent.category.LAUNCHER] flg=0x10008000 cmp=com.example.lunchtray/androidx.test.core.app.InstrumentationActivityInvoker$BootstrapActivity (has extras) }, activity=androidx.test.core.app.InstrumentationActivityInvoker$BootstrapActivity@bece565
09-09 22:27:18.398 17542 17542 V ActivityScenario: Activity lifecycle changed event received but ignored because the intent does not match. startActivityIntent=Intent { act=android.intent.action.MAIN cat=[android.intent.category.LAUNCHER] cmp=com.example.lunchtray/androidx.fragment.app.testing.FragmentScenario$EmptyFragmentActivity (has extras) }, activity.getIntent()=Intent { act=android.intent.action.MAIN cat=[android.intent.category.LAUNCHER] flg=0x10008000 cmp=com.example.lunchtray/androidx.test.core.app.InstrumentationActivityInvoker$BootstrapActivity (has extras) }, activity=androidx.test.core.app.InstrumentationActivityInvoker$BootstrapActivity@bece565
09-09 22:27:18.398 17542 17542 V ActivityScenario: Activity lifecycle changed event received but ignored because the intent does not match. startActivityIntent=Intent { act=android.intent.action.MAIN cat=[android.intent.category.LAUNCHER] cmp=com.example.lunchtray/androidx.fragment.app.testing.FragmentScenario$EmptyFragmentActivity (has extras) }, activity.getIntent()=Intent { act=android.intent.action.MAIN cat=[android.intent.category.LAUNCHER] flg=0x10008000 cmp=com.example.lunchtray/androidx.test.core.app.InstrumentationActivityInvoker$BootstrapActivity (has extras) }, activity=androidx.test.core.app.InstrumentationActivityInvoker$BootstrapActivity@bece565
09-09 22:27:18.398 17542 17542 V ActivityScenario: Activity lifecycle changed event received but ignored because the intent does not match. startActivityIntent=Intent { act=android.intent.action.MAIN cat=[android.intent.category.LAUNCHER] cmp=com.example.lunchtray/androidx.fragment.app.testing.FragmentScenario$EmptyFragmentActivity (has extras) }, activity.getIntent()=Intent { act=android.intent.action.MAIN cat=[android.intent.category.LAUNCHER] flg=0x10008000 cmp=com.example.lunchtray/androidx.test.core.app.InstrumentationActivityInvoker$BootstrapActivity (has extras) }, activity=androidx.test.core.app.InstrumentationActivityInvoker$BootstrapActivity@bece565
09-09 22:27:18.402  4593  5061 V WindowOrientationListener: getProposedRotation: -1
09-09 22:27:18.402  4593  5061 V WindowOrientationListener: getProposedRotation: -1
09-09 22:27:18.403  4593  5061 V WindowOrientationListener: getProposedRotation: -1
09-09 22:27:18.405  4593  5061 D InputDispatcher: Focused application set to (0): ca9c324
09-09 22:27:18.407  4593  4615 I ViewRootImpl@62e89de[lunchtray]: [DP] pdf(0) 1 android.view.ViewRootImpl.performDraw:4809 android.view.ViewRootImpl.performTraversals:3866 android.view.ViewRootImpl.doTraversal:2618
09-09 22:27:18.407  4593  4615 I ViewRootImpl@62e89de[lunchtray]: [DP] rdf()
09-09 22:27:18.422  4897  5661 D WallpaperService: dispatchAppVisibility onVisibilityChanged(): false
09-09 22:27:18.422  4897  4897 D WallpaperService: reportVisibility onVisibilityChanged visible: false
09-09 22:27:18.422  4897  5175 I ImageWallpaper:  onVisibilityChanged false , 0
09-09 22:27:18.423  4593  4615 I SurfaceControl: nativeRelease nativeObject s[476505742784]
09-09 22:27:18.423  4593  4615 I SurfaceControl: nativeRelease nativeObject e[476505742784]
09-09 22:27:18.423 10876 10876 I TrayStateController: systemUiVisibilityChanged : 2 0
09-09 22:27:18.423  4229  5611 I SurfaceFlinger: id=31607 createSurf (0x0),-1 flag=24000, Surface(name=dfbd9d StatusBar)/@0x4a7a911 - animation-leash#1
09-09 22:27:18.424  4593  4615 I SurfaceControl: nativeRelease nativeObject s[476505740192]
09-09 22:27:18.424  4593  4615 I SurfaceControl: nativeRelease nativeObject e[476505740192]
09-09 22:27:18.424  4229  5611 I SurfaceFlinger: id=31608 createSurf (0x0),-1 flag=24000, Surface(name=8706a1 NavigationBar0)/@0xf042ce4 - animation-leash#0
09-09 22:27:18.429  4229  5611 E BufferQueueProducer: [com.sec.android.app.launcher/com.sec.android.app.launcher.activities.LauncherActivity$_5400#0](id:108500001a09,api:0,p:-1,c:4229) disconnect: not connected (req=1)
09-09 22:27:18.429  5400  5470 W libEGL  : EGLNativeWindowType 0x6f765be010 disconnect failed
09-09 22:27:18.430  4229  5611 I Layer   : id=31595 removeFromCurrentState Surface(name=dfbd9d StatusBar)/@0x4a7a911 - animation-leash#0 (100)
09-09 22:27:18.430  4229  5611 I Layer   : id=29 removeFromCurrentState dfbd9d StatusBar#0 (100)
09-09 22:27:18.430  4229  5611 I Layer   : id=39 removeFromCurrentState StatusBar$_4897#0 (100)
09-09 22:27:18.430  4229  5611 I Layer   : id=31596 removeFromCurrentState Surface(name=8706a1 NavigationBar0)/@0xf042ce4 - animation-leash#1 (100)
09-09 22:27:18.430  4229  5611 I Layer   : id=29 addToCurrentState dfbd9d StatusBar#0 (100)
09-09 22:27:18.430  4229  5611 I Layer   : id=39 addToCurrentState StatusBar$_4897#0 (100)
09-09 22:27:18.432  4593  7736 V WindowManager: Relayout Window{2456bf8 u0 com.sec.android.app.launcher/com.sec.android.app.launcher.activities.LauncherActivity}: viewVisibility=8 req=1080x2340
09-09 22:27:18.432 17542 17542 D LifecycleMonitor: Lifecycle status change: androidx.fragment.app.testing.FragmentScenario$EmptyFragmentActivity@e85063 in: PRE_ON_CREATE
09-09 22:27:18.432 17542 17542 V ActivityScenario: Activity lifecycle changed event received but ignored because the reported transition was not ON_CREATE while the last known transition was DESTROYED
09-09 22:27:18.433 17542 17542 V ActivityScenario: Activity lifecycle changed event received but ignored because the reported transition was not ON_CREATE while the last known transition was DESTROYED
09-09 22:27:18.433 17542 17542 V ActivityScenario: Activity lifecycle changed event received but ignored because the reported transition was not ON_CREATE while the last known transition was DESTROYED
09-09 22:27:18.433 17542 17542 V ActivityScenario: Activity lifecycle changed event received but ignored because the reported transition was not ON_CREATE while the last known transition was DESTROYED
09-09 22:27:18.433 17542 17542 V ActivityScenario: Activity lifecycle changed event received but ignored because the reported transition was not ON_CREATE while the last known transition was DESTROYED
09-09 22:27:18.433 17542 17542 V ActivityScenario: Activity lifecycle changed event received but ignored because the reported transition was not ON_CREATE while the last known transition was DESTROYED
09-09 22:27:18.433 17542 17542 V ActivityScenario: Activity lifecycle changed event received but ignored because the reported transition was not ON_CREATE while the last known transition was DESTROYED
09-09 22:27:18.433 17542 17542 V ActivityScenario: Activity lifecycle changed event received but ignored because the reported transition was not ON_CREATE while the last known transition was DESTROYED
09-09 22:27:18.433 17542 17542 V ActivityScenario: Activity lifecycle changed event received but ignored because the reported transition was not ON_CREATE while the last known transition was DESTROYED
09-09 22:27:18.433 17542 17542 V ActivityScenario: Activity lifecycle changed event received but ignored because the reported transition was not ON_CREATE while the last known transition was DESTROYED
09-09 22:27:18.433 17542 17542 V ActivityScenario: Activity lifecycle changed event received but ignored because the reported transition was not ON_CREATE while the last known transition was DESTROYED
09-09 22:27:18.433 17542 17542 V ActivityScenario: Activity lifecycle changed event received but ignored because the reported transition was not ON_CREATE while the last known transition was PRE_ON_CREATE
09-09 22:27:18.435  4593  7736 V WindowManager: Relayout hash=2456bf8, pid=5400: mAttrs={(0,0)(fillxfill) sim={adjust=nothing} layoutInDisplayCutoutMode=shortEdges ty=BASE_APPLICATION fmt=TRANSPARENT wanim=0x10302f2
09-09 22:27:18.435  4593  7736 V WindowManager:   fl=81910100
09-09 22:27:18.435  4593  7736 V WindowManager:   pfl=16020000
09-09 22:27:18.435  4593  7736 V WindowManager:   vsysui=1700
09-09 22:27:18.435  4593  7736 V WindowManager:   bhv=SHOW_TRANSIENT_BARS_BY_SWIPE
09-09 22:27:18.435  4593  7736 V WindowManager:   fitSides= naviIconColor=0}
09-09 22:27:18.436  4593  4615 I ViewRootImpl@62e89de[lunchtray]: MSG_RESIZED_REPORT: frame=(0,0,1080,2340) ci=(0,83,0,39) vi=(0,83,0,39) or=1
09-09 22:27:18.436  4593  4615 I ViewRootImpl@62e89de[lunchtray]: [DP] dp(1) 1 android.view.ViewRootImpl.reportNextDraw:10957 android.view.ViewRootImpl.access$1200:256 android.view.ViewRootImpl$ViewRootHandler.handleMessage:6101
09-09 22:27:18.436  5400  5400 I SurfaceControl: nativeRelease nativeObject s[478724411136]
09-09 22:27:18.436  5400  5400 I SurfaceControl: nativeRelease nativeObject e[478724411136]
09-09 22:27:18.437  5400  5400 I SurfaceControl: assignNativeObject: nativeObject = 0 Surface(name=null)/@0xfe4d67b / android.view.SurfaceControl.readFromParcel:1117 android.view.IWindowSession$Stub$Proxy.relayout:1810 android.view.ViewRootImpl.relayoutWindow:9005 android.view.ViewRootImpl.performTraversals:3360 android.view.ViewRootImpl.doTraversal:2618 android.view.ViewRootImpl$TraversalRunnable.run:9971 android.view.Choreographer$CallbackRecord.run:1010 android.view.Choreographer.doCallbacks:809 android.view.Choreographer.doFrame:744 android.view.Choreographer$FrameDisplayEventReceiver.run:995
09-09 22:27:18.437  5400  5400 I SurfaceControl: assignNativeObject: nativeObject = 0 Surface(name=null)/@0x5879613 / android.view.SurfaceControl.readFromParcel:1117 android.view.IWindowSession$Stub$Proxy.relayout:1820 android.view.ViewRootImpl.relayoutWindow:9005 android.view.ViewRootImpl.performTraversals:3360 android.view.ViewRootImpl.doTraversal:2618 android.view.ViewRootImpl$TraversalRunnable.run:9971 android.view.Choreographer$CallbackRecord.run:1010 android.view.Choreographer.doCallbacks:809 android.view.Choreographer.doFrame:744 android.view.Choreographer$FrameDisplayEventReceiver.run:995
09-09 22:27:18.437  5400  5400 I SurfaceControl: nativeRelease nativeObject s[478724430112]
09-09 22:27:18.437  5400  5400 I SurfaceControl: nativeRelease nativeObject e[478724430112]
09-09 22:27:18.438  5400  5400 I SurfaceControl: nativeRelease nativeObject s[478724411232]
09-09 22:27:18.438  5400  5400 I SurfaceControl: nativeRelease nativeObject e[478724411232]
09-09 22:27:18.438  5400  5400 I SurfaceControl: nativeRelease nativeObject s[478724409984]
09-09 22:27:18.438  5400  5400 I SurfaceControl: nativeRelease nativeObject e[478724409984]
09-09 22:27:18.438  5400  5400 I ViewRootImpl@a8bf6fa[LauncherActivity]: Relayout returned: old=(0,0,1080,2340) new=(0,0,1080,2340) req=(1080,2340)8 dur=7 res=0x5 s={false 0} ch=true fn=18
09-09 22:27:18.438  5400  5400 I SurfaceControl: nativeRelease nativeObject s[478724411136]
09-09 22:27:18.438  5400  5400 I SurfaceControl: nativeRelease nativeObject e[478724411136]
09-09 22:27:18.441 17542 17542 I DecorView: [INFO] isPopOver=false, config=true
09-09 22:27:18.441 17542 17542 I DecorView: updateCaptionType >> DecorView@ae4968c[], isFloating=false, isApplication=true, hasWindowDecorCaption=false, hasWindowControllerCallback=true
09-09 22:27:18.441 17542 17542 D DecorView: setCaptionType = 0, this = DecorView@ae4968c[]
09-09 22:27:18.442 31824 17508 V APM_AudioPolicyManager: setAppState(portId:1454, state:1)
09-09 22:27:18.442 31824 17508 V APM_AudioPolicyManager: setAppState(portId:1456, state:2)
09-09 22:27:18.443 10876 10876 I TrayStateController: systemUiVisibilityChanged : 0 0
09-09 22:27:18.443  4897  4897 D NavigationBar: onSystemBarAppearanceChanged() -  displayId:0, appearance:16 (APPEARANCE_LIGHT_NAVIGATION_BARS ), navbarColorManagedByIme:false
09-09 22:27:18.444  4897  4897 V Navbar.Store: handleEvent [EventType] GET_BOOL_REGION_SAMPLING_ENABLED [Module] LightBarController  KEYS_DEFAULT=false
09-09 22:27:18.444  4897  4897 V Navbar.Store: [Band]COLOR_PACK_GET_REGION_SAMPLING_ENABLED
09-09 22:27:18.444  4897  4897 V Navbar.Store: --getValue(BOOL_REGION_SAMPLING_ENABLED)=true
09-09 22:27:18.447 17542 17542 D LifecycleMonitor: Lifecycle status change: androidx.fragment.app.testing.FragmentScenario$EmptyFragmentActivity@e85063 in: CREATED
09-09 22:27:18.448 17542 17542 V ActivityScenario: Update currentActivityStage to CREATED, currentActivity=androidx.fragment.app.testing.FragmentScenario$EmptyFragmentActivity@e85063
09-09 22:27:18.448 17542 17542 V ActivityScenario: Update currentActivityStage to CREATED, currentActivity=androidx.fragment.app.testing.FragmentScenario$EmptyFragmentActivity@e85063
09-09 22:27:18.448 17542 17542 V ActivityScenario: Update currentActivityStage to CREATED, currentActivity=androidx.fragment.app.testing.FragmentScenario$EmptyFragmentActivity@e85063
09-09 22:27:18.448 17542 17542 V ActivityScenario: Update currentActivityStage to CREATED, currentActivity=androidx.fragment.app.testing.FragmentScenario$EmptyFragmentActivity@e85063
09-09 22:27:18.448 17542 17542 V ActivityScenario: Update currentActivityStage to CREATED, currentActivity=androidx.fragment.app.testing.FragmentScenario$EmptyFragmentActivity@e85063
09-09 22:27:18.448 17542 17542 V ActivityScenario: Update currentActivityStage to CREATED, currentActivity=androidx.fragment.app.testing.FragmentScenario$EmptyFragmentActivity@e85063
09-09 22:27:18.448 17542 17542 V ActivityScenario: Update currentActivityStage to CREATED, currentActivity=androidx.fragment.app.testing.FragmentScenario$EmptyFragmentActivity@e85063
09-09 22:27:18.448 17542 17542 V ActivityScenario: Update currentActivityStage to CREATED, currentActivity=androidx.fragment.app.testing.FragmentScenario$EmptyFragmentActivity@e85063
09-09 22:27:18.448 17542 17542 V ActivityScenario: Update currentActivityStage to CREATED, currentActivity=androidx.fragment.app.testing.FragmentScenario$EmptyFragmentActivity@e85063
09-09 22:27:18.448 17542 17542 V ActivityScenario: Update currentActivityStage to CREATED, currentActivity=androidx.fragment.app.testing.FragmentScenario$EmptyFragmentActivity@e85063
09-09 22:27:18.448 17542 17542 V ActivityScenario: Update currentActivityStage to CREATED, currentActivity=androidx.fragment.app.testing.FragmentScenario$EmptyFragmentActivity@e85063
09-09 22:27:18.448 17542 17542 V ActivityScenario: Update currentActivityStage to CREATED, currentActivity=androidx.fragment.app.testing.FragmentScenario$EmptyFragmentActivity@e85063
09-09 22:27:18.452  4593  4615 V WindowManager: Relayout Window{f8687bf u0 Splash Screen com.example.lunchtray}: viewVisibility=0 req=1080x2340
09-09 22:27:18.453  4229  4229 D SurfaceFlinger: Display 0 HWC layers:
09-09 22:27:18.453  4229  4229 D SurfaceFlinger:      DEVICE | 0x73de417700 | 0002 | RGBA_8888    |    0.0    0.0 1080.0 2340.0 |    0    0 1080 2340 | Splash Screen com.example.lunchtray#0
09-09 22:27:18.453  4229  4229 D SurfaceFlinger:      DEVICE | 0x73de415a40 | 0000 | RGBA_8888    |    0.0    0.0 1080.0   83.0 |    0    0 1080   83 | StatusBar$_4897#0
09-09 22:27:18.453  4229  4229 D SurfaceFlinger:      DEVICE | 0x73bd0b6b40 | 0000 | RGBA_8888    |    0.0    0.0   67.0  342.0 |    0  761   67 1103 | com.samsung.android.app.cocktailbars[...]rservice.CocktailBarService$_10876#0
09-09 22:27:18.453  4229  4229 D SurfaceFlinger:      DEVICE | 0x7462431c00 | 0000 | RGBA_8888    |    0.0    0.0  388.0   39.0 |  692 2301 1080 2340 | SGestureOverlayWindow$_5400#0
09-09 22:27:18.453  4229  4229 D SurfaceFlinger:      DEVICE | 0x73de415e00 | 0000 | RGBA_8888    |    0.0    0.0 1080.0  126.0 |    0 2214 1080 2340 | NavigationBar0$_4897#0
09-09 22:27:18.453  4229  4229 D SurfaceFlinger:      DEVICE | 0x73bd0b68c0 | 0000 | RGBA_8888    |    0.0    0.0 1080.0  151.0 |    0    0 1080  151 | ScreenDecorOverlay$_4897#0
09-09 22:27:18.453  4229  4229 D SurfaceFlinger:      DEVICE | 0x7462432d80 | 0000 | RGBA_8888    |    0.0    0.0 1080.0  151.0 |    0 2189 1080 2340 | ScreenDecorOverlayBottom$_4897#0
09-09 22:27:18.453  4229  4229 D SurfaceFlinger:
09-09 22:27:18.453 17542 17542 D LifecycleMonitor: Lifecycle status change: androidx.fragment.app.testing.FragmentScenario$EmptyFragmentActivity@e85063 in: STARTED
09-09 22:27:18.453 17542 17542 V ActivityScenario: Update currentActivityStage to STARTED, currentActivity=androidx.fragment.app.testing.FragmentScenario$EmptyFragmentActivity@e85063
09-09 22:27:18.454 17542 17542 V ActivityScenario: Update currentActivityStage to STARTED, currentActivity=androidx.fragment.app.testing.FragmentScenario$EmptyFragmentActivity@e85063
09-09 22:27:18.454 17542 17542 V ActivityScenario: Update currentActivityStage to STARTED, currentActivity=androidx.fragment.app.testing.FragmentScenario$EmptyFragmentActivity@e85063
09-09 22:27:18.454 17542 17542 V ActivityScenario: Update currentActivityStage to STARTED, currentActivity=androidx.fragment.app.testing.FragmentScenario$EmptyFragmentActivity@e85063
09-09 22:27:18.454 17542 17542 V ActivityScenario: Update currentActivityStage to STARTED, currentActivity=androidx.fragment.app.testing.FragmentScenario$EmptyFragmentActivity@e85063
09-09 22:27:18.454 17542 17542 V ActivityScenario: Update currentActivityStage to STARTED, currentActivity=androidx.fragment.app.testing.FragmentScenario$EmptyFragmentActivity@e85063
09-09 22:27:18.454 17542 17542 V ActivityScenario: Update currentActivityStage to STARTED, currentActivity=androidx.fragment.app.testing.FragmentScenario$EmptyFragmentActivity@e85063
09-09 22:27:18.454 17542 17542 V ActivityScenario: Update currentActivityStage to STARTED, currentActivity=androidx.fragment.app.testing.FragmentScenario$EmptyFragmentActivity@e85063
09-09 22:27:18.454 17542 17542 V ActivityScenario: Update currentActivityStage to STARTED, currentActivity=androidx.fragment.app.testing.FragmentScenario$EmptyFragmentActivity@e85063
09-09 22:27:18.454 17542 17542 V ActivityScenario: Update currentActivityStage to STARTED, currentActivity=androidx.fragment.app.testing.FragmentScenario$EmptyFragmentActivity@e85063
09-09 22:27:18.454 17542 17542 V ActivityScenario: Update currentActivityStage to STARTED, currentActivity=androidx.fragment.app.testing.FragmentScenario$EmptyFragmentActivity@e85063
09-09 22:27:18.454 17542 17542 V ActivityScenario: Update currentActivityStage to STARTED, currentActivity=androidx.fragment.app.testing.FragmentScenario$EmptyFragmentActivity@e85063
09-09 22:27:18.455  4593  4615 I SurfaceControl: nativeRelease nativeObject s[476506428096]
09-09 22:27:18.455  4593  4615 I SurfaceControl: nativeRelease nativeObject e[476506428096]
09-09 22:27:18.456 17542 17542 D LifecycleMonitor: Lifecycle status change: androidx.fragment.app.testing.FragmentScenario$EmptyFragmentActivity@e85063 in: RESUMED
09-09 22:27:18.456 17542 17542 V ActivityScenario: Update currentActivityStage to RESUMED, currentActivity=androidx.fragment.app.testing.FragmentScenario$EmptyFragmentActivity@e85063
09-09 22:27:18.456 17542 17542 V ActivityScenario: Update currentActivityStage to RESUMED, currentActivity=androidx.fragment.app.testing.FragmentScenario$EmptyFragmentActivity@e85063
09-09 22:27:18.456 17542 17542 V ActivityScenario: Update currentActivityStage to RESUMED, currentActivity=androidx.fragment.app.testing.FragmentScenario$EmptyFragmentActivity@e85063
09-09 22:27:18.456 17542 17542 V ActivityScenario: Update currentActivityStage to RESUMED, currentActivity=androidx.fragment.app.testing.FragmentScenario$EmptyFragmentActivity@e85063
09-09 22:27:18.456 17542 17542 V ActivityScenario: Update currentActivityStage to RESUMED, currentActivity=androidx.fragment.app.testing.FragmentScenario$EmptyFragmentActivity@e85063
09-09 22:27:18.456 17542 17542 V ActivityScenario: Update currentActivityStage to RESUMED, currentActivity=androidx.fragment.app.testing.FragmentScenario$EmptyFragmentActivity@e85063
09-09 22:27:18.456 17542 17542 V ActivityScenario: Update currentActivityStage to RESUMED, currentActivity=androidx.fragment.app.testing.FragmentScenario$EmptyFragmentActivity@e85063
09-09 22:27:18.456 17542 17542 V ActivityScenario: Update currentActivityStage to RESUMED, currentActivity=androidx.fragment.app.testing.FragmentScenario$EmptyFragmentActivity@e85063
09-09 22:27:18.456 17542 17542 V ActivityScenario: Update currentActivityStage to RESUMED, currentActivity=androidx.fragment.app.testing.FragmentScenario$EmptyFragmentActivity@e85063
09-09 22:27:18.456 17542 17542 V ActivityScenario: Update currentActivityStage to RESUMED, currentActivity=androidx.fragment.app.testing.FragmentScenario$EmptyFragmentActivity@e85063
09-09 22:27:18.456 17542 17542 V ActivityScenario: Update currentActivityStage to RESUMED, currentActivity=androidx.fragment.app.testing.FragmentScenario$EmptyFragmentActivity@e85063
09-09 22:27:18.457 17542 17542 V ActivityScenario: Update currentActivityStage to RESUMED, currentActivity=androidx.fragment.app.testing.FragmentScenario$EmptyFragmentActivity@e85063
09-09 22:27:18.457  4593  4615 V WindowManager: Relayout hash=f8687bf, pid=4593: mAttrs={(0,0)(fillxfill) sim={adjust=pan} layoutInDisplayCutoutMode=shortEdges ty=APPLICATION_STARTING wanim=0x1030001
09-09 22:27:18.457  4593  4615 V WindowManager:   fl=1830118
09-09 22:27:18.457  4593  4615 V WindowManager:   pfl=12020011
09-09 22:27:18.457  4593  4615 V WindowManager:   apr=LIGHT_NAVIGATION_BARS
09-09 22:27:18.457  4593  4615 V WindowManager:   fitSides= naviIconColor=0
09-09 22:27:18.457  4593  4615 V WindowManager:   sfl=100000}
09-09 22:27:18.457  4593  4615 I SurfaceControl: nativeRelease nativeObject s[476505740192]
09-09 22:27:18.457  4593  4615 I SurfaceControl: nativeRelease nativeObject e[476505740192]
09-09 22:27:18.457  4593  4615 I SurfaceControl: nativeRelease nativeObject s[476505742784]
09-09 22:27:18.457  4593  4615 I SurfaceControl: nativeRelease nativeObject e[476505742784]
09-09 22:27:18.457  4593  4615 I ViewRootImpl@62e89de[lunchtray]: Relayout returned: old=(0,0,1080,2340) new=(0,0,1080,2340) req=(1080,2340)0 dur=6 res=0x1 s={true 476507549696} ch=false fn=2
09-09 22:27:18.458  4164  4197 D gralloc : [mali_gralloc_allocate] begin
09-09 22:27:18.458  4164  4197 D gralloc : buffer_descriptor: wh(1080 2340) usage_pc(0x966 0x906) hal_format(0x1) layer_count(1) sizes(0 0 0) strde(0) byte_stride(0) alloc_wh(0 0) internal_format(0x0) alloc_format(0x0) fd_count(1) plane_count(0)
09-09 22:27:18.460  5400  5400 I ViewRootImpl@a8bf6fa[LauncherActivity]: stopped(true) old=false
09-09 22:27:18.461  5400  5400 I StateManager: goToState isInState Normal
09-09 22:27:18.463  4164  4197 D gralloc : [mali_gralloc_allocate] allocation successful
09-09 22:27:18.464  5400  5400 W LauncherAppWidgetHost: setListenIfResumed, mFlags = 7
09-09 22:27:18.465  4593  5283 I AppWidgetServiceImpl: stopListening callbacks : null
09-09 22:27:18.465  4593  5061 D InputTransport: Input channel constructed: 'dad7966', fd=710
09-09 22:27:18.465  4593  5061 D InputTransport: Input channel constructed: 'dad7966', fd=711
09-09 22:27:18.465  5400  5400 W Launcher.NotificationListener: removeNotificationsChangedListener
09-09 22:27:18.466  5400  5400 I BadgeCountUpdaterImpl: onNotificationsChangedDisConnected
09-09 22:27:18.466  5400  5400 I Launcher.NotificationListener: unregisterObserver, this is not notificationService!!
09-09 22:27:18.466  4229  4590 I SurfaceFlinger: id=31609 createSurf (0x0),-1 flag=80004, dad7966 com.example.lunchtray/androidx.fragment.app.testing.FragmentScenario$EmptyFragmentActivity#0
09-09 22:27:18.467  4593  5061 D WindowManager: isScreenshotDisabledLocked - win: Window{dad7966 u0 com.example.lunchtray/androidx.fragment.app.testing.FragmentScenario$EmptyFragmentActivity}
09-09 22:27:18.467  4593  5061 D WindowManager: isScreenshotDisabledLocked: userId = 0, disabled =false
09-09 22:27:18.467  4593  5061 D InputTransport: Input channel destroyed: 'dad7966', fd=711
09-09 22:27:18.468 17542 17542 D InputTransport: Input channel constructed: 'dad7966', fd=80
09-09 22:27:18.470  5400  5400 I LiveIconUpdateEventHandler: cancelMinuteChangeAlarm
09-09 22:27:18.471 17542 17542 I ViewRootImpl@2be1853[FragmentScenario$EmptyFragmentActivity]: setView = com.android.internal.policy.DecorView@ae4968c TM=true
09-09 22:27:18.474 17542 17542 D LifecycleMonitor: Lifecycle status change: androidx.test.core.app.InstrumentationActivityInvoker$BootstrapActivity@bece565 in: STOPPED
09-09 22:27:18.474 17542 17542 V ActivityScenario: Activity lifecycle changed event received but ignored because the intent does not match. startActivityIntent=Intent { act=android.intent.action.MAIN cat=[android.intent.category.LAUNCHER] cmp=com.example.lunchtray/androidx.fragment.app.testing.FragmentScenario$EmptyFragmentActivity (has extras) }, activity.getIntent()=Intent { act=android.intent.action.MAIN cat=[android.intent.category.LAUNCHER] flg=0x10008000 cmp=com.example.lunchtray/androidx.test.core.app.InstrumentationActivityInvoker$BootstrapActivity (has extras) }, activity=androidx.test.core.app.InstrumentationActivityInvoker$BootstrapActivity@bece565
09-09 22:27:18.474 17542 17542 V ActivityScenario: Activity lifecycle changed event received but ignored because the intent does not match. startActivityIntent=Intent { act=android.intent.action.MAIN cat=[android.intent.category.LAUNCHER] cmp=com.example.lunchtray/androidx.fragment.app.testing.FragmentScenario$EmptyFragmentActivity (has extras) }, activity.getIntent()=Intent { act=android.intent.action.MAIN cat=[android.intent.category.LAUNCHER] flg=0x10008000 cmp=com.example.lunchtray/androidx.test.core.app.InstrumentationActivityInvoker$BootstrapActivity (has extras) }, activity=androidx.test.core.app.InstrumentationActivityInvoker$BootstrapActivity@bece565
09-09 22:27:18.474 17542 17542 V ActivityScenario: Activity lifecycle changed event received but ignored because the intent does not match. startActivityIntent=Intent { act=android.intent.action.MAIN cat=[android.intent.category.LAUNCHER] cmp=com.example.lunchtray/androidx.fragment.app.testing.FragmentScenario$EmptyFragmentActivity (has extras) }, activity.getIntent()=Intent { act=android.intent.action.MAIN cat=[android.intent.category.LAUNCHER] flg=0x10008000 cmp=com.example.lunchtray/androidx.test.core.app.InstrumentationActivityInvoker$BootstrapActivity (has extras) }, activity=androidx.test.core.app.InstrumentationActivityInvoker$BootstrapActivity@bece565
09-09 22:27:18.474 17542 17542 V ActivityScenario: Activity lifecycle changed event received but ignored because the intent does not match. startActivityIntent=Intent { act=android.intent.action.MAIN cat=[android.intent.category.LAUNCHER] cmp=com.example.lunchtray/androidx.fragment.app.testing.FragmentScenario$EmptyFragmentActivity (has extras) }, activity.getIntent()=Intent { act=android.intent.action.MAIN cat=[android.intent.category.LAUNCHER] flg=0x10008000 cmp=com.example.lunchtray/androidx.test.core.app.InstrumentationActivityInvoker$BootstrapActivity (has extras) }, activity=androidx.test.core.app.InstrumentationActivityInvoker$BootstrapActivity@bece565
09-09 22:27:18.475 17542 17542 V ActivityScenario: Activity lifecycle changed event received but ignored because the intent does not match. startActivityIntent=Intent { act=android.intent.action.MAIN cat=[android.intent.category.LAUNCHER] cmp=com.example.lunchtray/androidx.fragment.app.testing.FragmentScenario$EmptyFragmentActivity (has extras) }, activity.getIntent()=Intent { act=android.intent.action.MAIN cat=[android.intent.category.LAUNCHER] flg=0x10008000 cmp=com.example.lunchtray/androidx.test.core.app.InstrumentationActivityInvoker$BootstrapActivity (has extras) }, activity=androidx.test.core.app.InstrumentationActivityInvoker$BootstrapActivity@bece565
09-09 22:27:18.475 17542 17542 V ActivityScenario: Activity lifecycle changed event received but ignored because the intent does not match. startActivityIntent=Intent { act=android.intent.action.MAIN cat=[android.intent.category.LAUNCHER] cmp=com.example.lunchtray/androidx.fragment.app.testing.FragmentScenario$EmptyFragmentActivity (has extras) }, activity.getIntent()=Intent { act=android.intent.action.MAIN cat=[android.intent.category.LAUNCHER] flg=0x10008000 cmp=com.example.lunchtray/androidx.test.core.app.InstrumentationActivityInvoker$BootstrapActivity (has extras) }, activity=androidx.test.core.app.InstrumentationActivityInvoker$BootstrapActivity@bece565
09-09 22:27:18.475 17542 17542 V ActivityScenario: Activity lifecycle changed event received but ignored because the intent does not match. startActivityIntent=Intent { act=android.intent.action.MAIN cat=[android.intent.category.LAUNCHER] cmp=com.example.lunchtray/androidx.fragment.app.testing.FragmentScenario$EmptyFragmentActivity (has extras) }, activity.getIntent()=Intent { act=android.intent.action.MAIN cat=[android.intent.category.LAUNCHER] flg=0x10008000 cmp=com.example.lunchtray/androidx.test.core.app.InstrumentationActivityInvoker$BootstrapActivity (has extras) }, activity=androidx.test.core.app.InstrumentationActivityInvoker$BootstrapActivity@bece565
09-09 22:27:18.475 17542 17542 V ActivityScenario: Activity lifecycle changed event received but ignored because the intent does not match. startActivityIntent=Intent { act=android.intent.action.MAIN cat=[android.intent.category.LAUNCHER] cmp=com.example.lunchtray/androidx.fragment.app.testing.FragmentScenario$EmptyFragmentActivity (has extras) }, activity.getIntent()=Intent { act=android.intent.action.MAIN cat=[android.intent.category.LAUNCHER] flg=0x10008000 cmp=com.example.lunchtray/androidx.test.core.app.InstrumentationActivityInvoker$BootstrapActivity (has extras) }, activity=androidx.test.core.app.InstrumentationActivityInvoker$BootstrapActivity@bece565
09-09 22:27:18.475  4593  4615 I ViewRootImpl@62e89de[lunchtray]: [DP] pdf(0) 1 android.view.ViewRootImpl.performDraw:4809 android.view.ViewRootImpl.performTraversals:3866 android.view.ViewRootImpl.doTraversal:2618
09-09 22:27:18.475 17542 17542 V ActivityScenario: Activity lifecycle changed event received but ignored because the intent does not match. startActivityIntent=Intent { act=android.intent.action.MAIN cat=[android.intent.category.LAUNCHER] cmp=com.example.lunchtray/androidx.fragment.app.testing.FragmentScenario$EmptyFragmentActivity (has extras) }, activity.getIntent()=Intent { act=android.intent.action.MAIN cat=[android.intent.category.LAUNCHER] flg=0x10008000 cmp=com.example.lunchtray/androidx.test.core.app.InstrumentationActivityInvoker$BootstrapActivity (has extras) }, activity=androidx.test.core.app.InstrumentationActivityInvoker$BootstrapActivity@bece565
09-09 22:27:18.475  4593  4615 I ViewRootImpl@62e89de[lunchtray]: [DP] rdf()
09-09 22:27:18.475 17542 17542 V ActivityScenario: Activity lifecycle changed event received but ignored because the intent does not match. startActivityIntent=Intent { act=android.intent.action.MAIN cat=[android.intent.category.LAUNCHER] cmp=com.example.lunchtray/androidx.fragment.app.testing.FragmentScenario$EmptyFragmentActivity (has extras) }, activity.getIntent()=Intent { act=android.intent.action.MAIN cat=[android.intent.category.LAUNCHER] flg=0x10008000 cmp=com.example.lunchtray/androidx.test.core.app.InstrumentationActivityInvoker$BootstrapActivity (has extras) }, activity=androidx.test.core.app.InstrumentationActivityInvoker$BootstrapActivity@bece565
09-09 22:27:18.475 17542 17542 V ActivityScenario: Activity lifecycle changed event received but ignored because the intent does not match. startActivityIntent=Intent { act=android.intent.action.MAIN cat=[android.intent.category.LAUNCHER] cmp=com.example.lunchtray/androidx.fragment.app.testing.FragmentScenario$EmptyFragmentActivity (has extras) }, activity.getIntent()=Intent { act=android.intent.action.MAIN cat=[android.intent.category.LAUNCHER] flg=0x10008000 cmp=com.example.lunchtray/androidx.test.core.app.InstrumentationActivityInvoker$BootstrapActivity (has extras) }, activity=androidx.test.core.app.InstrumentationActivityInvoker$BootstrapActivity@bece565
09-09 22:27:18.475 17542 17542 V ActivityScenario: Activity lifecycle changed event received but ignored because the intent does not match. startActivityIntent=Intent { act=android.intent.action.MAIN cat=[android.intent.category.LAUNCHER] cmp=com.example.lunchtray/androidx.fragment.app.testing.FragmentScenario$EmptyFragmentActivity (has extras) }, activity.getIntent()=Intent { act=android.intent.action.MAIN cat=[android.intent.category.LAUNCHER] flg=0x10008000 cmp=com.example.lunchtray/androidx.test.core.app.InstrumentationActivityInvoker$BootstrapActivity (has extras) }, activity=androidx.test.core.app.InstrumentationActivityInvoker$BootstrapActivity@bece565
09-09 22:27:18.481  4179 17750 I HYPER-HAL: [ResourceManager.cpp]removeResource(): [CPUMinFreq] RemoveResource Request ID : 10642211
09-09 22:27:18.482  4179 17750 I HYPER-HAL: [RequestManager.cpp]releaseLocked(): Released ID : 10642211
09-09 22:27:18.483  4593  5061 V WindowManager: Relayout Window{dad7966 u0 com.example.lunchtray/androidx.fragment.app.testing.FragmentScenario$EmptyFragmentActivity}: viewVisibility=0 req=1080x2340
09-09 22:27:18.485  5400  5400 I LiveIconUpdateEventHandler: cancelDateChangeAlarm
09-09 22:27:18.486  4593  5061 D WindowManager: isScreenshotDisabledLocked - win: Window{dad7966 u0 com.example.lunchtray/androidx.fragment.app.testing.FragmentScenario$EmptyFragmentActivity}
09-09 22:27:18.486  4593  5061 D WindowManager: isScreenshotDisabledLocked: userId = 0, disabled =false
09-09 22:27:18.486  4229  4590 I SurfaceFlinger: id=31610 createSurf (1080x2340),1 flag=404, com.example.lunchtray/androidx.fragment.app.testing.FragmentScenario$EmptyFragmentActivity$_17542#0
09-09 22:27:18.489  4593  5061 I SurfaceControl: nativeRelease nativeObject s[476492625024]
09-09 22:27:18.489  4593  5061 I SurfaceControl: nativeRelease nativeObject e[476492625024]
09-09 22:27:18.489 10876 10876 I TrayStateController: systemUiVisibilityChanged : 0 0
09-09 22:27:18.489  4229  4590 I SurfaceFlinger: id=31611 createSurf (0x0),-1 flag=24000, Surface(name=dfbd9d StatusBar)/@0x4a7a911 - animation-leash#0
09-09 22:27:18.490  4593  5061 I SurfaceControl: nativeRelease nativeObject s[476492625120]
09-09 22:27:18.490  4593  5061 I SurfaceControl: nativeRelease nativeObject e[476492625120]
09-09 22:27:18.490  4229  4590 I SurfaceFlinger: id=31612 createSurf (0x0),-1 flag=24000, Surface(name=8706a1 NavigationBar0)/@0xf042ce4 - animation-leash#1
09-09 22:27:18.493  4593  5061 V WindowManager: Relayout hash=dad7966, pid=17542: mAttrs={(0,0)(fillxfill) sim={adjust=pan forwardNavigation} ty=BASE_APPLICATION wanim=0x1030304
09-09 22:27:18.493  4593  5061 V WindowManager:   fl=81810100
09-09 22:27:18.493  4593  5061 V WindowManager:   pfl=12020000
09-09 22:27:18.493  4593  5061 V WindowManager:   apr=LIGHT_NAVIGATION_BARS
09-09 22:27:18.493  4593  5061 V WindowManager:   fitSides= naviIconColor=0
09-09 22:27:18.493  4593  5061 V WindowManager:   sfl=100000}
09-09 22:27:18.493  4593  5061 I SurfaceControl: nativeRelease nativeObject s[476506050752]
09-09 22:27:18.493  4593  5061 I SurfaceControl: nativeRelease nativeObject e[476506050752]
09-09 22:27:18.495 17542 17542 I SurfaceControl: assignNativeObject: nativeObject = 0 Surface(name=null)/@0x98bd590 / android.view.SurfaceControl.readFromParcel:1117 android.view.IWindowSession$Stub$Proxy.relayout:1820 android.view.ViewRootImpl.relayoutWindow:9005 android.view.ViewRootImpl.performTraversals:3360 android.view.ViewRootImpl.doTraversal:2618 android.view.ViewRootImpl$TraversalRunnable.run:9971 android.view.Choreographer$CallbackRecord.run:1010 android.view.Choreographer.doCallbacks:809 android.view.Choreographer.doFrame:744 android.view.Choreographer$FrameDisplayEventReceiver.run:995
09-09 22:27:18.496  4229  4590 I Layer   : id=31607 removeFromCurrentState Surface(name=dfbd9d StatusBar)/@0x4a7a911 - animation-leash#1 (104)
09-09 22:27:18.496  4229  4590 I Layer   : id=31608 removeFromCurrentState Surface(name=8706a1 NavigationBar0)/@0xf042ce4 - animation-leash#0 (104)
09-09 22:27:18.497 17542 17542 I ViewRootImpl@2be1853[FragmentScenario$EmptyFragmentActivity]: Relayout returned: old=(0,0,1080,2340) new=(0,0,1080,2340) req=(1080,2340)0 dur=13 res=0x7 s={true 478758539264} ch=true fn=-1
09-09 22:27:18.501  4164  4197 D gralloc : [mali_gralloc_allocate] begin
09-09 22:27:18.501  4164  4197 D gralloc : buffer_descriptor: wh(1080 2340) usage_pc(0x40000000000b00 0x40000000000b00) hal_format(0x1) layer_count(1) sizes(0 0 0) strde(0) byte_stride(0) alloc_wh(0 0) internal_format(0x0) alloc_format(0x0) fd_count(1) plane_count(0)
09-09 22:27:18.501  4593  4615 I SurfaceControl: nativeRelease nativeObject s[476492624544]
09-09 22:27:18.501  4593  4615 I SurfaceControl: nativeRelease nativeObject e[476492624544]
09-09 22:27:18.501  4593  4615 I SurfaceControl: nativeRelease nativeObject s[476506428096]
09-09 22:27:18.501  4593  4615 I SurfaceControl: nativeRelease nativeObject e[476506428096]
09-09 22:27:18.501 17542 17542 I ViewRootImpl@2be1853[FragmentScenario$EmptyFragmentActivity]: [DP] dp(1) 1 android.view.ViewRootImpl.reportNextDraw:10957 android.view.ViewRootImpl.performTraversals:3845 android.view.ViewRootImpl.doTraversal:2618
09-09 22:27:18.502 17542 17542 I ViewRootImpl@2be1853[FragmentScenario$EmptyFragmentActivity]: [DP] pd() Asnyc report
09-09 22:27:18.502  4229  4257 I SurfaceFlinger: id=31608 Removed Surface(name=8706a1 NavigationBar0)/@0xf042ce4 - animation-leash#0 (104)
09-09 22:27:18.503  4229  4257 I SurfaceFlinger: id=31607 Removed Surface(name=dfbd9d StatusBar)/@0x4a7a911 - animation-leash#1 (104)
09-09 22:27:18.503  4164  4197 D gralloc : [mali_gralloc_allocate] allocation successful
09-09 22:27:18.505  4164  4197 D gralloc : [mali_gralloc_allocate] begin
09-09 22:27:18.505  4164  4197 D gralloc : buffer_descriptor: wh(1080 2340) usage_pc(0x40000000000b00 0x40000000000b00) hal_format(0x1) layer_count(1) sizes(0 0 0) strde(0) byte_stride(0) alloc_wh(0 0) internal_format(0x0) alloc_format(0x0) fd_count(1) plane_count(0)
09-09 22:27:18.507 31824 17508 V APM_AudioPolicyManager: setAppState(portId:1454, state:1)
09-09 22:27:18.507 31824 17508 V APM_AudioPolicyManager: setAppState(portId:1456, state:2)
09-09 22:27:18.507 31824 17508 V APM_AudioPolicyManager: setAppState(portId:1454, state:1)
09-09 22:27:18.507 31824 17508 V APM_AudioPolicyManager: setAppState(portId:1456, state:2)
09-09 22:27:18.508  5400  5400 I LiveIconUpdateEventHandler: unregisterReceiver
09-09 22:27:18.510  4229  4229 I Layer   : id=31607[1] Destroyed Surface(name=dfbd9d StatusBar)/@0x4a7a911 - animation-leash#1
09-09 22:27:18.510  4229  4229 I Layer   : id=31608[1] Destroyed Surface(name=8706a1 NavigationBar0)/@0xf042ce4 - animation-leash#0
09-09 22:27:18.512 17542 17542 I ViewRootImpl@2be1853[FragmentScenario$EmptyFragmentActivity]: [DP] pdf(0) 1 android.view.ViewRootImpl.lambda$performDraw$1$ViewRootImpl:4668 android.view.-$$Lambda$ViewRootImpl$DJd0VUYJgsebcnSohO6h8zc_ONI.run:6 android.os.Handler.handleCallback:938
09-09 22:27:18.512 17542 17542 I ViewRootImpl@2be1853[FragmentScenario$EmptyFragmentActivity]: [DP] rdf()
09-09 22:27:18.520  4593  4615 D PkgPredictorService: pkg:com.example.lunchtray activity:androidx.fragment.app.testing.FragmentScenario$EmptyFragmentActivity thisTime:269
09-09 22:27:18.520  4593  4615 D PkgPredictorService-Collector: update activity launch time: FragmentScenario$EmptyFragmentActivity : 269
09-09 22:27:18.521  4593  4619 D ArtManagerInternalImpl: /data/misc/iorapd/com.example.lunchtray/1/androidx.fragment.app.testing.FragmentScenario$EmptyFragmentActivity/compiled_traces/compiled_trace.pb doesn't exist
09-09 22:27:18.521  4593  4615 I SemDvfsHyPerManager: acquire hyper - AMS_RESUME_TAIL/4593@18, type = -999
09-09 22:27:18.521  4593  4615 I SemDvfsHyPerManager: acquire hyper - AMS_ACT_LAZY/4593@19, type = -999
09-09 22:27:18.521  4179  4205 I HYPER-HAL: [RequestManager.cpp]acquire(): Acquired ID : 10632984  [4593 / 18]    HINT : AMS_RESUME_TAIL    list :
09-09 22:27:18.522  4179  4205 I HYPER-HAL: [ResourceManager.cpp]updateResource(): [CPUMinFreq] UpdateResource Request ID : 10632984    Value : 1768000
09-09 22:27:18.522  4179  4205 I HYPER-HAL: [RequestManager.cpp]acquire(): Acquired ID : 10637597  [4593 / 19]    HINT :      list :
09-09 22:27:18.523  4179  4205 E HYPER-HAL: [Request.cpp]acquire(): Request:: id : 10637597, No Resource to set
09-09 22:27:18.523  4179  4205 I HYPER-HAL: [ResourceManager.cpp]removeResource(): [CPUMinFreq] RemoveResource Request ID : 10628372
09-09 22:27:18.523  4164  4197 D gralloc : [mali_gralloc_allocate] allocation successful
09-09 22:27:18.523  4179  4205 I HYPER-HAL: [RequestManager.cpp]releaseLocked(): Released ID : 10628372
09-09 22:27:18.524  4164  4197 D gralloc : [mali_gralloc_allocate] begin
09-09 22:27:18.524  4164  4197 D gralloc : buffer_descriptor: wh(1080 2340) usage_pc(0x40000000000b00 0x40000000000b00) hal_format(0x1) layer_count(1) sizes(0 0 0) strde(0) byte_stride(0) alloc_wh(0 0) internal_format(0x0) alloc_format(0x0) fd_count(1) plane_count(0)
09-09 22:27:18.524  4593  4615 D ViewRootImpl@62e89de[lunchtray]: dispatchDetachedFromWindow: reset blurmask
09-09 22:27:18.524  4593  4615 I ViewRootImpl@62e89de[lunchtray]: dispatchDetachedFromWindow
09-09 22:27:18.525  4593  4615 I SurfaceControl: nativeRelease nativeObject s[476506997952]
09-09 22:27:18.525  4593  4615 I SurfaceControl: nativeRelease nativeObject e[476506997952]
09-09 22:27:18.525  4593  4615 D InputTransport: Input channel destroyed: 'f8687bf', fd=704
09-09 22:27:18.526  4229  5611 I SurfaceFlinger: id=31613 createSurf (0x0),-1 flag=24000, Surface(name=f8687bf Splash Screen com.example.lunchtray)/@0x9a8c842 - animation-leash#0
09-09 22:27:18.530  4593  4615 D InputTransport: Input channel destroyed: 'f8687bf', fd=706
09-09 22:27:18.531  4593  7118 I SurfaceControl: nativeRelease nativeObject s[476505736928]
09-09 22:27:18.531  4593  6902 I InputDispatcher: Focus entered window (17542): dad7966 in display 0 0
09-09 22:27:18.535  4593  7118 I SurfaceControl: nativeRelease nativeObject e[476505736928]
09-09 22:27:18.535  4229  4257 I Layer   : id=31594 removeFromCurrentState com.sec.android.app.launcher/com.sec.android.app.launcher.activities.LauncherActivity$_5400#0 (103)
09-09 22:27:18.535  4164  4197 D gralloc : [mali_gralloc_allocate] allocation successful
09-09 22:27:18.537  4145  4151 E statsd  : Predicate -7037417284711607308 dropping data for dimension key (10)0x2010101->10586[I] (10)0x30000->*launch*[S]
09-09 22:27:18.538  4145  4151 E statsd  : Predicate 5980654721335871649 dropping data for dimension key (10)0x2010101->10586[I] (10)0x30000->*launch*[S]
09-09 22:27:18.538 17542 17542 D ScrollView: initGoToTop
09-09 22:27:18.541  4593  4619 I ActivityTaskManager: Displayed com.example.lunchtray/androidx.fragment.app.testing.FragmentScenario$EmptyFragmentActivity: +269ms
09-09 22:27:18.553  4147  4267 E Netd    : getNetworkForDns: getNetId from enterpriseCtrl is netid 0
09-09 22:27:18.559  4229  5522 I SurfaceFlinger: id=31594 Removed com.sec.android.app.launcher/com.sec.android.app.launcher.activities.LauncherActivity$_5400#0 (103)
09-09 22:27:18.560  4229  4229 I Layer   : id=31594[1] Destroyed com.sec.android.app.launcher/com.sec.android.app.launcher.activities.LauncherActivity$_5400#0
09-09 22:27:18.563  4593  4612 D SehCodecSolutionService: Update top [com.example.lunchtray]
09-09 22:27:18.564 13489 13542 I ISG_Wakeup_Verify: [KWD] Normal - scores: [0.0010, 0.0000, t(87500)], [0.0010, 0.0010, t(87504)], [0.0029, 0.0010, t(87508)], [0.0010, 0.0000, t(87512)], [0.0010, 0.0010, t(87516)], RMS: 0
09-09 22:27:18.574  4147  4273 E Netd    : getNetworkForDns: getNetId from enterpriseCtrl is netid 0
09-09 22:27:18.581  4593  7118 D NetdEventListenerService: DNS Requested by : 693, 10141
09-09 22:27:18.586  4593  4827 E NetdEventListenerService: DNS failed (10141) : 7
09-09 22:27:18.586  4147  4267 E Netd    : getNetworkForDns: getNetId from enterpriseCtrl is netid 0
09-09 22:27:18.587  4229  4229 D SurfaceFlinger: Display 0 HWC layers:
09-09 22:27:18.587  4229  4229 D SurfaceFlinger:      DEVICE | 0x73de414c80 | 0002 | RGBA_8888    |    0.0    0.0 1080.0 2340.0 |    0    0 1080 2340 | com.example.lunchtray/androidx.fragm[...]nario$EmptyFragmentActivity$_17542#0
09-09 22:27:18.587  4229  4229 D SurfaceFlinger:      DEVICE | 0x73de414f00 | 0002 | RGBA_8888    |    0.0    0.0 1080.0 2340.0 |    0    0 1080 2340 | Splash Screen com.example.lunchtray#0
09-09 22:27:18.587  4229  4229 D SurfaceFlinger:      DEVICE | 0x73de415a40 | 0000 | RGBA_8888    |    0.0    0.0 1080.0   83.0 |    0    0 1080   83 | StatusBar$_4897#0
09-09 22:27:18.587  4229  4229 D SurfaceFlinger:      DEVICE | 0x73bd0b6b40 | 0000 | RGBA_8888    |    0.0    0.0   67.0  342.0 |    0  761   67 1103 | com.samsung.android.app.cocktailbars[...]rservice.CocktailBarService$_10876#0
09-09 22:27:18.587  4229  4229 D SurfaceFlinger:      DEVICE | 0x7462431c00 | 0000 | RGBA_8888    |    0.0    0.0  388.0   39.0 |  692 2301 1080 2340 | SGestureOverlayWindow$_5400#0
09-09 22:27:18.587  4229  4229 D SurfaceFlinger:      DEVICE | 0x73de4166c0 | 0000 | RGBA_8888    |    0.0    0.0 1080.0  126.0 |    0 2214 1080 2340 | NavigationBar0$_4897#0
09-09 22:27:18.587  4229  4229 D SurfaceFlinger:      DEVICE | 0x73bd0b68c0 | 0000 | RGBA_8888    |    0.0    0.0 1080.0  151.0 |    0    0 1080  151 | ScreenDecorOver
09-09 22:27:18.587  4229  4229 D SurfaceFlinger: lay$_4897#0
09-09 22:27:18.587  4229  4229 D SurfaceFlinger:      DEVICE | 0x7462432d80 | 0000 | RGBA_8888    |    0.0    0.0 1080.0  151.0 |    0 2189 1080 2340 | ScreenDecorOverlayBottom$_4897#0
09-09 22:27:18.587  4229  4229 D SurfaceFlinger:
09-09 22:27:18.596  4593  4615 I SurfaceControl: nativeRelease nativeObject s[476376218304]
09-09 22:27:18.596  4593  4615 I SurfaceControl: nativeRelease nativeObject e[476376218304]
09-09 22:27:18.599  4593  4615 I SurfaceControl: nativeRelease nativeObject s[476506424544]
09-09 22:27:18.599  4593  4615 I SurfaceControl: nativeRelease nativeObject e[476506424544]
09-09 22:27:18.600  4229  4255 I Layer   : id=31605 removeFromCurrentState Splash Screen com.example.lunchtray#0 (102)
09-09 22:27:18.600  4593  4615 I SurfaceControl: nativeRelease nativeObject s[476505738944]
09-09 22:27:18.600  4593  4615 I SurfaceControl: nativeRelease nativeObject e[476505738944]
09-09 22:27:18.602  4593  7118 D NetdEventListenerService: DNS Requested by : 693, 10141
09-09 22:27:18.603  4147  4273 E Netd    : getNetworkForDns: getNetId from enterpriseCtrl is netid 0
09-09 22:27:18.604  4593  4827 E NetdEventListenerService: DNS failed (10141) : 7
09-09 22:27:18.605  4229  4257 I Layer   : id=31604 removeFromCurrentState f8687bf Splash Screen com.example.lunchtray#0 (102)
09-09 22:27:18.605  4229  4257 I Layer   : id=31613 removeFromCurrentState Surface(name=f8687bf Splash Screen com.example.lunchtray)/@0x9a8c842 - animation-leash#0 (102)
09-09 22:27:18.606  4229  5611 I SurfaceFlinger: id=31604 Removed f8687bf Splash Screen com.example.lunchtray#0 (102)
09-09 22:27:18.606  4229  4590 I SurfaceFlinger: id=31613 Removed Surface(name=f8687bf Splash Screen com.example.lunchtray)/@0x9a8c842 - animation-leash#0 (102)
09-09 22:27:18.606  4229  5611 I SurfaceFlinger: id=31605 Removed Splash Screen com.example.lunchtray#0 (102)
09-09 22:27:18.610  4229  4229 I Layer   : id=31613[1] Destroyed Surface(name=f8687bf Splash Screen com.example.lunchtray)/@0x9a8c842 - animation-leash#0
09-09 22:27:18.611  4229  4229 I Layer   : id=31604[1] Destroyed f8687bf Splash Screen com.example.lunchtray#0
09-09 22:27:18.614  4229  4229 I Layer   : id=31605[1] Destroyed Splash Screen com.example.lunchtray#0
09-09 22:27:18.619  4593  7118 V WindowManager: Relayout Window{dad7966 u0 com.example.lunchtray/androidx.fragment.app.testing.FragmentScenario$EmptyFragmentActivity}: viewVisibility=0 req=1080x2340
09-09 22:27:18.619  4229  4229 D SurfaceFlinger: Display 0 HWC layers:
09-09 22:27:18.619  4229  4229 D SurfaceFlinger:      DEVICE | 0x73de414c80 | 0002 | RGBA_8888    |    0.0    0.0 1080.0 2340.0 |    0    0 1080 2340 | com.example.lunchtray/androidx.fragm[...]nario$EmptyFragmentActivity$_17542#0
09-09 22:27:18.619  4229  4229 D SurfaceFlinger:      DEVICE | 0x73de415a40 | 0000 | RGBA_8888    |    0.0    0.0 1080.0   83.0 |    0    0 1080   83 | StatusBar$_4897#0
09-09 22:27:18.619  4229  4229 D SurfaceFlinger:      DEVICE | 0x73bd0b6b40 | 0000 | RGBA_8888    |    0.0    0.0   67.0  342.0 |    0  761   67 1103 | com.samsung.android.app.cocktailbars[...]rservice.CocktailBarService$_10876#0
09-09 22:27:18.619  4229  4229 D SurfaceFlinger:      DEVICE | 0x7462431c00 | 0000 | RGBA_8888    |    0.0    0.0  388.0   39.0 |  692 2301 1080 2340 | SGestureOverlayWindow$_5400#0
09-09 22:27:18.619  4229  4229 D SurfaceFlinger:      DEVICE | 0x73de415180 | 0000 | RGBA_8888    |    0.0    0.0 1080.0  126.0 |    0 2214 1080 2340 | NavigationBar0$_4897#0
09-09 22:27:18.619  4229  4229 D SurfaceFlinger:      DEVICE | 0x73bd0b68c0 | 0000 | RGBA_8888    |    0.0    0.0 1080.0  151.0 |    0    0 1080  151 | ScreenDecorOverlay$_4897#0
09-09 22:27:18.619  4229  4229 D SurfaceFlinger:      DEVICE | 0x7462432d80 | 0000 | RGBA_8888    |    0.0    0.0 1080.0  151.0 |    0 2189 1080 2340 | ScreenDecorOverlayBottom$_
09-09 22:27:18.619  4229  4229 D SurfaceFlinger: 4897#0
09-09 22:27:18.619  4229  4229 D SurfaceFlinger:
