09-09 22:27:18.623  4593  7118 V WindowManager: Relayout hash=dad7966, pid=17542: mAttrs={(0,0)(fillxfill) sim={adjust=resize forwardNavigation} ty=BASE_APPLICATION wanim=0x1030304
09-09 22:27:18.623  4593  7118 V WindowManager:   fl=81810100
09-09 22:27:18.623  4593  7118 V WindowManager:   pfl=12020000
09-09 22:27:18.623  4593  7118 V WindowManager:   apr=LIGHT_NAVIGATION_BARS
09-09 22:27:18.623  4593  7118 V WindowManager:   fitSides= naviIconColor=0
09-09 22:27:18.623  4593  7118 V WindowManager:   sfl=100000}
09-09 22:27:18.623  4593  7118 I SurfaceControl: nativeRelease nativeObject s[476505736928]
09-09 22:27:18.623  4593  7118 I SurfaceControl: nativeRelease nativeObject e[476505736928]
09-09 22:27:18.625 17542 17542 I SurfaceControl: nativeRelease nativeObject s[477178294208]
09-09 22:27:18.625 17542 17542 I SurfaceControl: nativeRelease nativeObject e[477178294208]
09-09 22:27:18.625 17542 17542 I SurfaceControl: assignNativeObject: nativeObject = 0 Surface(name=null)/@0x98bd590 / android.view.SurfaceControl.readFromParcel:1117 android.view.IWindowSession$Stub$Proxy.relayout:1820 android.view.ViewRootImpl.relayoutWindow:9005 android.view.ViewRootImpl.performTraversals:3360 android.view.ViewRootImpl.doTraversal:2618 android.view.ViewRootImpl$TraversalRunnable.run:9971 android.view.Choreographer$CallbackRecord.run:1010 android.view.Choreographer.doCallbacks:809 android.view.Choreographer.doFrame:744 android.view.Choreographer$FrameDisplayEventReceiver.run:995
09-09 22:27:18.626 17542 17542 I SurfaceControl: nativeRelease nativeObject s[478744357312]
09-09 22:27:18.626 17542 17542 I SurfaceControl: nativeRelease nativeObject e[478744357312]
09-09 22:27:18.626 17542 17542 I SurfaceControl: nativeRelease nativeObject s[477087364192]
09-09 22:27:18.626 17542 17542 I SurfaceControl: nativeRelease nativeObject e[477087364192]
09-09 22:27:18.627 17542 17542 I ViewRootImpl@2be1853[FragmentScenario$EmptyFragmentActivity]: Relayout returned: old=(0,0,1080,2340) new=(0,0,1080,2340) req=(1080,2340)0 dur=7 res=0x1 s={true 478758539264} ch=false fn=2
09-09 22:27:18.628 17542 17542 D ScrollView:  onsize change changed
09-09 22:27:18.639 17542 17542 I ViewRootImpl@2be1853[FragmentScenario$EmptyFragmentActivity]: MSG_WINDOW_FOCUS_CHANGED 1 1
09-09 22:27:18.640 17542 17542 D InputMethodManager: prepareNavigationBarInfo() DecorView@ae4968c[FragmentScenario$EmptyFragmentActivity]
09-09 22:27:18.640 17542 17542 D InputMethodManager: getNavigationBarColor() -855310
09-09 22:27:18.641 17542 17542 D InputMethodManager: prepareNavigationBarInfo() DecorView@ae4968c[FragmentScenario$EmptyFragmentActivity]
09-09 22:27:18.641 17542 17542 D InputMethodManager: getNavigationBarColor() -855310
09-09 22:27:18.641 17542 17542 V InputMethodManager: Starting input: tba=com.example.lunchtray ic=null mNaviBarColor -855310 mIsGetNaviBarColorSuccess true , NavVisible : true , NavTrans : false
09-09 22:27:18.642 17542 17542 D InputMethodManager: startInputInner - Id : 0
09-09 22:27:18.642 17542 17542 I InputMethodManager: startInputInner - mService.startInputOrWindowGainedFocus
09-09 22:27:18.643  4593  7118 D InputMethodManagerService: mSecureKeypadEnabled = false
09-09 22:27:18.643  4593  7118 V InputMethodManagerService: hideCurrentInputLocked : shouldHideSoftInput is false
09-09 22:27:18.643  4593  7118 D InputMethodManagerService: mDesktopModeManager null!
09-09 22:27:18.643  4593  7118 V InputMethodManagerService: getDisplayIdOfInputMethodWindowToBeAdded : 0
09-09 22:27:18.644  4593  7118 D SamsungIMMSHWKeyboard: isConnectedDexOnPC false
09-09 22:27:18.644  4593  7118 D InputMethodManagerService: isImeSwitcherDisabledPackage : false
09-09 22:27:18.645  4593  7118 D InputMethodManagerService: checkDisplayOfStartInputAndUpdateKeyboard display Id 0last 0
09-09 22:27:18.645  4593  7118 D InputTransport: Input channel constructed: 'ClientS', fd=691
09-09 22:27:18.645  4593  7118 D InputTransport: Input channel destroyed: 'ClientS', fd=691
09-09 22:27:18.645 17542 17542 D InputTransport: Input channel constructed: 'ClientS', fd=90
09-09 22:27:18.649  4593  7118 I SurfaceControl: nativeRelease nativeObject s[476505733376]
09-09 22:27:18.649  4593  7118 I SurfaceControl: nativeRelease nativeObject e[476505733376]
09-09 22:27:18.650  4229  5522 I SurfaceFlinger: id=31614 createSurf (0x0),-1 flag=24004, Surface(name=cd0e9cf InputMethod)/@0x5308265 - animation-leash#1
09-09 22:27:18.653  7209  7209 I HBD     : HoneyBoardService onFinishInput
09-09 22:27:18.654  7209  7209 I HBD     : a IC have been unbinded,  InputConnectionWrapper{idHash=#28319a mMissingMethods=}
09-09 22:27:18.654  7209  7209 I HBD     : HoneyBoardService [PF_CL][onFinishInput]  530038 ns
09-09 22:27:18.655  7209  7209 I HBD     : HoneyBoardService [IMI] onStartInput - caller pid : 17542 , caller uid : 10586
09-09 22:27:18.657  7209  7209 I HBD     : i updateConfigs
09-09 22:27:18.657  7209  7209 I HBD     : i isEnabledNightMode : false
09-09 22:27:18.658  7209  7209 I HBD     : a IC have been binded, InputConnectionWrapper{idHash=#9a312a8 mMissingMethods=}
09-09 22:27:18.659  7209  7209 I HBD     : h [EditorInputType]setPrivateImeOptionsToTable privateImeOptions ( null )
09-09 22:27:18.659  7209  7209 I HBD     : b incognitoMode : false
09-09 22:27:18.659  7209  7209 I HBD     : a needOff = true , isForceOff = false, isNullInputClass : true
09-09 22:27:18.661  4229  5522 I Layer   : id=31601 removeFromCurrentState Surface(name=cd0e9cf InputMethod)/@0x5308265 - animation-leash#0 (100)
09-09 22:27:18.665  7209  7209 I HBD     : h getDefaultInputRange : UNKNOWN
09-09 22:27:18.665  7209  7209 I HBD     : h getDefaultInputRange : UNKNOWN
09-09 22:27:18.665  7209  7209 I HBD     : h getDefaultInputRange : UNKNOWN
09-09 22:27:18.665  5400  5400 I SurfaceControl: nativeRelease nativeObject s[478724408544]
09-09 22:27:18.665  5400  5400 I SurfaceControl: nativeRelease nativeObject e[478724408544]
09-09 22:27:18.666  4593  7118 D SdpManagerService: Not an enterprise user : 0
09-09 22:27:18.666  4593  7118 D SdpManagerService: Not an enterprise user : 0
09-09 22:27:18.668  7209  7209 I HBD     : h getDefaultInputRange : UNKNOWN
09-09 22:27:18.668  7209  7209 I HBD     : a currentState : 0
09-09 22:27:18.671  4593  7118 D SamsungIMMSHWKeyboard: isConnectedDexOnPC false
09-09 22:27:18.671 17542 17542 I SurfaceControl: nativeRelease nativeObject s[477178302176]
09-09 22:27:18.671 17542 17542 I SurfaceControl: nativeRelease nativeObject e[477178302176]
09-09 22:27:18.671 17542 17542 I SurfaceControl: nativeRelease nativeObject s[477178294208]
09-09 22:27:18.671  7209  7209 I HBD     : h load selected json info : {"version":"1.0","currentLanguageOrder":1,"selected":[{"activeOptionList":["auto_replace","auto_spacing"],"engName":"Russian","id":3342336,"inputType":"qwerty","isUsed":true},{"activeOptionList":["auto_replace","auto_spacing"],"engName":"English","id":65537,"inputType":"qwerty","isUsed":true}]}
09-09 22:27:18.671 17542 17542 I SurfaceControl: nativeRelease nativeObject e[477178294208]
09-09 22:27:18.671  4593  7118 D InputMethodManagerService: isImeSwitcherDisabledPackage : false
09-09 22:27:18.672  7209  7209 I HBD     : a [UpdatePolicy] [post] a: 0 cl: 65537 kit: [0/0] vt: 0 ir: 1
09-09 22:27:18.673  7209  7209 I HBD     : HoneyBoardService [PF_OP][onStartInput]  17986347 ns
09-09 22:27:18.673 17542 17542 I ViewInteraction: Performing 'single click' action on view view.getId() is <2131231081/com.example.lunchtray:id/next_button>
09-09 22:27:18.676  4593  7118 D InputDispatcher: Inject motion (17542): action=0x0, time=177520720000000, f=0x0, d=0
09-09 22:27:18.676  4593  4724 D InputDispatcher: pointer touchable region used!
09-09 22:27:18.676  4593  4724 I InputDispatcher: Delivering touch to (4897): action: 0x4, f=0x0, d=0, '8706a1 ', t=0
09-09 22:27:18.678  4593  4724 I InputDispatcher: Delivering touch to (17542): action: 0x0, f=0x0, d=0, 'dad7966', t=0
09-09 22:27:18.678 17542 17542 I ViewRootImpl@2be1853[FragmentScenario$EmptyFragmentActivity]: ViewPostIme pointer 0
09-09 22:27:18.681  5400  5400 W RecentsAnimationDeviceState: isInSwipeUpTouchRegion = false
09-09 22:27:18.681  5400  5400 W TouchInteractionService: onInputEvent, inputConsumer = com.android.quickstep.-$$Lambda$InputConsumer$pgTpBxbssXPLgozwhOXQifnNImE@f3b9ba9
09-09 22:27:18.691  4147  4267 E Netd    : getNetworkForDns: getNetId from enterpriseCtrl is netid 0
09-09 22:27:18.697  4593  7118 D NetdEventListenerService: DNS Requested by : 693, 10141
09-09 22:27:18.698  4593  4827 E NetdEventListenerService: DNS failed (10141) : 7
09-09 22:27:18.699  4147  4273 E Netd    : getNetworkForDns: getNetId from enterpriseCtrl is netid 0
09-09 22:27:18.704  4147  4267 E Netd    : getNetworkForDns: getNetId from enterpriseCtrl is netid 0
09-09 22:27:18.709  4593  7118 D NetdEventListenerService: DNS Requested by : 693, 10141
09-09 22:27:18.711  4147  4273 E Netd    : getNetworkForDns: getNetId from enterpriseCtrl is netid 0
09-09 22:27:18.713  4593  4827 E NetdEventListenerService: DNS failed (10141) : 7
09-09 22:27:18.718  4593  7118 D InputDispatcher: Inject motion (17542): action=0x1, time=177520762000000, f=0x0, d=0
09-09 22:27:18.718  4593  4724 I InputDispatcher: Delivering touch to (17542): action: 0x1, f=0x0, d=0, 'dad7966', t=1
09-09 22:27:18.718  5400  5400 W TouchInteractionService: reset
09-09 22:27:18.718 17542 17542 I ViewRootImpl@2be1853[FragmentScenario$EmptyFragmentActivity]: ViewPostIme pointer 1
09-09 22:27:18.759 13489 13542 I ISG_Wakeup_Verify: [KWD] Normal - scores: [0.0010, 0.0000, t(87520)], [0.0010, 0.0000, t(87524)], [0.0010, 0.0049, t(87528)], [0.0107, 0.0029, t(87532)], [0.0098, 0.0068, t(87536)], RMS: 2
09-09 22:27:18.773  6776  6776 I GsaVoiceInteractionSrv: Handling ACTION_STOP_HOTWORD
09-09 22:27:18.806 10876 10876 I Utils   : isCurrentUser current = 0, ownerId = 0
09-09 22:27:18.806 10876 10876 I TrayVisibilityController: getComputedTrayVisible : keyguardState = 1
09-09 22:27:18.806 10876 10876 I TrayVisibilityController: updateTrayVisible: State=1 visible=1 mCurrentVisible=1 specificMode=0
09-09 22:27:18.806 10876 10876 I TrayStateController: onNotifyUpdateTray: 0 to need to visible? true
09-09 22:27:18.951 17542 17542 I ViewInteraction: Checking 'MatchesViewAssertion{viewMatcher=(view has effective visibility <VISIBLE> and view.getGlobalVisibleRect() to return non-empty rectangle)}' assertion on view view.getId() is <2131231081/com.example.lunchtray:id/next_button>
09-09 22:27:18.951 17542 17582 I TestRunner: finished: navigate_to_side_menu_from_entree_menu(com.example.lunchtray.NavigationTests)
