09-09 22:27:17.211  4229  4257 I SurfaceFlinger: id=31587 createSurf (0x0),-1 flag=24000, Surface(name=8706a1 NavigationBar0)/@0xf042ce4 - animation-leash#1
09-09 22:27:17.213 10876 10876 I TrayStateController: systemUiVisibilityChanged : 0 0
09-09 22:27:17.214  4229  4257 I Layer   : id=31574 removeFromCurrentState Surface(name=dfbd9d StatusBar)/@0x4a7a911 - animation-leash#1 (97)
09-09 22:27:17.214  4229  4257 I Layer   : id=31575 removeFromCurrentState Surface(name=8706a1 NavigationBar0)/@0xf042ce4 - animation-leash#0 (97)
09-09 22:27:17.214  4897  4897 D WallpaperService: reportVisibility onVisibilityChanged visible: false
09-09 22:27:17.214  4897  5175 I ImageWallpaper:  onVisibilityChanged false , 0
09-09 22:27:17.214  4897  4897 D NavigationBar: onSystemBarAppearanceChanged() -  displayId:0, appearance:16 (APPEARANCE_LIGHT_NAVIGATION_BARS ), navbarColorManagedByIme:false
09-09 22:27:17.214  4897  4897 V Navbar.Store: handleEvent [EventType] GET_BOOL_REGION_SAMPLING_ENABLED [Module] LightBarController  KEYS_DEFAULT=false
09-09 22:27:17.215  4897  4897 V Navbar.Store: [Band]COLOR_PACK_GET_REGION_SAMPLING_ENABLED
09-09 22:27:17.215  4897  4897 V Navbar.Store: --getValue(BOOL_REGION_SAMPLING_ENABLED)=true
09-09 22:27:17.215  4229  5611 E BufferQueueProducer: [com.sec.android.app.launcher/com.sec.android.app.launcher.activities.LauncherActivity$_5400#0](id:108500001a06,api:0,p:-1,c:4229) disconnect: not connected (req=1)
09-09 22:27:17.216  5400  5470 W libEGL  : EGLNativeWindowType 0x6f765be010 disconnect failed
09-09 22:27:17.216 17542 17542 D LifecycleMonitor: Lifecycle status change: androidx.fragment.app.testing.FragmentScenario$EmptyFragmentActivity@306c761 in: PRE_ON_CREATE
09-09 22:27:17.216 17542 17542 V ActivityScenario: Activity lifecycle changed event received but ignored because the reported transition was not ON_CREATE while the last known transition was DESTROYED
09-09 22:27:17.216 17542 17542 V ActivityScenario: Activity lifecycle changed event received but ignored because the reported transition was not ON_CREATE while the last known transition was DESTROYED
09-09 22:27:17.216 17542 17542 V ActivityScenario: Activity lifecycle changed event received but ignored because the reported transition was not ON_CREATE while the last known transition was DESTROYED
09-09 22:27:17.217 17542 17542 V ActivityScenario: Activity lifecycle changed event received but ignored because the reported transition was not ON_CREATE while the last known transition was DESTROYED
09-09 22:27:17.217 17542 17542 V ActivityScenario: Activity lifecycle changed event received but ignored because the reported transition was not ON_CREATE while the last known transition was DESTROYED
09-09 22:27:17.217 17542 17542 V ActivityScenario: Activity lifecycle changed event received but ignored because the reported transition was not ON_CREATE while the last known transition was DESTROYED
09-09 22:27:17.217 17542 17542 V ActivityScenario: Activity lifecycle changed event received but ignored because the reported transition was not ON_CREATE while the last known transition was DESTROYED
09-09 22:27:17.217 17542 17542 V ActivityScenario: Activity lifecycle changed event received but ignored because the reported transition was not ON_CREATE while the last known transition was DESTROYED
09-09 22:27:17.217 17542 17542 V ActivityScenario: Activity lifecycle changed event received but ignored because the reported transition was not ON_CREATE while the last known transition was DESTROYED
09-09 22:27:17.217 17542 17542 V ActivityScenario: Activity lifecycle changed event received but ignored because the reported transition was not ON_CREATE while the last known transition was DESTROYED
09-09 22:27:17.217 17542 17542 V ActivityScenario: Activity lifecycle changed event received but ignored because the reported transition was not ON_CREATE while the last known transition was PRE_ON_CREATE
09-09 22:27:17.221  4593  4615 I ViewRootImpl@5d437f1[lunchtray]: MSG_RESIZED_REPORT: frame=(0,0,1080,2340) ci=(0,83,0,39) vi=(0,83,0,39) or=1
09-09 22:27:17.222  4593  4615 I ViewRootImpl@5d437f1[lunchtray]: [DP] dp(1) 1 android.view.ViewRootImpl.reportNextDraw:10957 android.view.ViewRootImpl.access$1200:256 android.view.ViewRootImpl$ViewRootHandler.handleMessage:6101
09-09 22:27:17.226 17542 17542 I DecorView: [INFO] isPopOver=false, config=true
09-09 22:27:17.226 17542 17542 I DecorView: updateCaptionType >> DecorView@d5c6112[], isFloating=false, isApplication=true, hasWindowDecorCaption=false, hasWindowControllerCallback=true
09-09 22:27:17.226 17542 17542 D DecorView: setCaptionType = 0, this = DecorView@d5c6112[]
09-09 22:27:17.232  4229  4229 D SurfaceFlinger: Display 0 HWC layers:
09-09 22:27:17.232  4229  4229 D SurfaceFlinger:      DEVICE | 0x73bd0b6780 | 0002 | RGBA_8888    |    0.0    0.0 1080.0 2340.0 |    0    0 1080 2340 | Splash Screen com.example.lunchtray#0
09-09 22:27:17.232  4229  4229 D SurfaceFlinger:      DEVICE | 0x73de415a40 | 0000 | RGBA_8888    |    0.0    0.0 1080.0   83.0 |    0    0 1080   83 | StatusBar$_4897#0
09-09 22:27:17.232  4229  4229 D SurfaceFlinger:      DEVICE | 0x73bd0b6b40 | 0000 | RGBA_8888    |    0.0    0.0   67.0  342.0 |    0  761   67 1103 | com.samsung.android.app.cocktailbars[...]rservice.CocktailBarService$_10876#0
09-09 22:27:17.232  4229  4229 D SurfaceFlinger:      DEVICE | 0x7462431c00 | 0000 | RGBA_8888    |    0.0    0.0  388.0   39.0 |  692 2301 1080 2340 | SGestureOverlayWindow$_5400#0
09-09 22:27:17.232  4229  4229 D SurfaceFlinger:      DEVICE | 0x73de415e00 | 0000 | RGBA_8888    |    0.0    0.0 1080.0  126.0 |    0 2214 1080 2340 | NavigationBar0$_4897#0
09-09 22:27:17.232  4229  4229 D SurfaceFlinger:      DEVICE | 0x73bd0b68c0 | 0000 | RGBA_8888    |    0.0    0.0 1080.0  151.0 |    0    0 1080  151 | ScreenDecorOverlay$_4897#0
09-09 22:27:17.232  4229  4229 D SurfaceFlinger:      DEVICE | 0x7462432d80 | 0000 | RGBA_8888    |    0.0    0.0 1080.0  151.0 |    0 2189 1080 2340 | ScreenDecorOverlayBottom$_4897#0
09-09 22:27:17.232  4229  4229 D SurfaceFlinger:
09-09 22:27:17.235  4593  7736 V WindowManager: Relayout Window{2456bf8 u0 com.sec.android.app.launcher/com.sec.android.app.launcher.activities.LauncherActivity}: viewVisibility=8 req=1080x2340
09-09 22:27:17.236 17542 17542 D LifecycleMonitor: Lifecycle status change: androidx.fragment.app.testing.FragmentScenario$EmptyFragmentActivity@306c761 in: CREATED
09-09 22:27:17.236 17542 17542 V ActivityScenario: Update currentActivityStage to CREATED, currentActivity=androidx.fragment.app.testing.FragmentScenario$EmptyFragmentActivity@306c761
09-09 22:27:17.236 17542 17542 V ActivityScenario: Update currentActivityStage to CREATED, currentActivity=androidx.fragment.app.testing.FragmentScenario$EmptyFragmentActivity@306c761
09-09 22:27:17.236 17542 17542 V ActivityScenario: Update currentActivityStage to CREATED, currentActivity=androidx.fragment.app.testing.FragmentScenario$EmptyFragmentActivity@306c761
09-09 22:27:17.236 17542 17542 V ActivityScenario: Update currentActivityStage to CREATED, currentActivity=androidx.fragment.app.testing.FragmentScenario$EmptyFragmentActivity@306c761
09-09 22:27:17.236 17542 17542 V ActivityScenario: Update currentActivityStage to CREATED, currentActivity=androidx.fragment.app.testing.FragmentScenario$EmptyFragmentActivity@306c761
09-09 22:27:17.236 17542 17542 V ActivityScenario: Update currentActivityStage to CREATED, currentActivity=androidx.fragment.app.testing.FragmentScenario$EmptyFragmentActivity@306c761
09-09 22:27:17.236 17542 17542 V ActivityScenario: Update currentActivityStage to CREATED, currentActivity=androidx.fragment.app.testing.FragmentScenario$EmptyFragmentActivity@306c761
09-09 22:27:17.236 17542 17542 V ActivityScenario: Update currentActivityStage to CREATED, currentActivity=androidx.fragment.app.testing.FragmentScenario$EmptyFragmentActivity@306c761
09-09 22:27:17.236 17542 17542 V ActivityScenario: Update currentActivityStage to CREATED, currentActivity=androidx.fragment.app.testing.FragmentScenario$EmptyFragmentActivity@306c761
09-09 22:27:17.236 17542 17542 V ActivityScenario: Update currentActivityStage to CREATED, currentActivity=androidx.fragment.app.testing.FragmentScenario$EmptyFragmentActivity@306c761
09-09 22:27:17.236 17542 17542 V ActivityScenario: Update currentActivityStage to CREATED, currentActivity=androidx.fragment.app.testing.FragmentScenario$EmptyFragmentActivity@306c761
09-09 22:27:17.238  4593  4615 V WindowManager: Relayout Window{9cd6fd6 u0 Splash Screen com.example.lunchtray}: viewVisibility=0 req=1080x2340
09-09 22:27:17.239  4593  7736 V WindowManager: Relayout hash=2456bf8, pid=5400: mAttrs={(0,0)(fillxfill) sim={adjust=nothing} layoutInDisplayCutoutMode=shortEdges ty=BASE_APPLICATION fmt=TRANSPARENT wanim=0x10302f2
09-09 22:27:17.239  4593  7736 V WindowManager:   fl=81910100
09-09 22:27:17.239  4593  7736 V WindowManager:   pfl=16020000
09-09 22:27:17.239  4593  7736 V WindowManager:   vsysui=1700
09-09 22:27:17.239  4593  7736 V WindowManager:   bhv=SHOW_TRANSIENT_BARS_BY_SWIPE
09-09 22:27:17.239  4593  7736 V WindowManager:   fitSides= naviIconColor=0}
09-09 22:27:17.240  4593  4615 I SurfaceControl: nativeRelease nativeObject s[476494333024]
09-09 22:27:17.240  4593  4615 I SurfaceControl: nativeRelease nativeObject e[476494333024]
09-09 22:27:17.241  5400  5400 I SurfaceControl: nativeRelease nativeObject s[478724430112]
09-09 22:27:17.241  5400  5400 I SurfaceControl: nativeRelease nativeObject e[478724430112]
09-09 22:27:17.242  4593  4615 V WindowManager: Relayout hash=9cd6fd6, pid=4593: mAttrs={(0,0)(fillxfill) sim={adjust=pan} layoutInDisplayCutoutMode=shortEdges ty=APPLICATION_STARTING wanim=0x1030001
09-09 22:27:17.242  4593  4615 V WindowManager:   fl=1830118
09-09 22:27:17.242  4593  4615 V WindowManager:   pfl=12020011
09-09 22:27:17.242  4593  4615 V WindowManager:   apr=LIGHT_NAVIGATION_BARS
09-09 22:27:17.242  4593  4615 V WindowManager:   fitSides= naviIconColor=0
09-09 22:27:17.242  4593  4615 V WindowManager:   sfl=100000}
09-09 22:27:17.242  4593  4615 I SurfaceControl: nativeRelease nativeObject s[478590744096]
09-09 22:27:17.242 17542 17542 D LifecycleMonitor: Lifecycle status change: androidx.fragment.app.testing.FragmentScenario$EmptyFragmentActivity@306c761 in: STARTED
09-09 22:27:17.243  4593  4615 I SurfaceControl: nativeRelease nativeObject e[478590744096]
09-09 22:27:17.243  4593  4615 I SurfaceControl: nativeRelease nativeObject s[476505740480]
09-09 22:27:17.243 17542 17542 V ActivityScenario: Update currentActivityStage to STARTED, currentActivity=androidx.fragment.app.testing.FragmentScenario$EmptyFragmentActivity@306c761
09-09 22:27:17.243  4593  4615 I SurfaceControl: nativeRelease nativeObject e[476505740480]
09-09 22:27:17.243 17542 17542 V ActivityScenario: Update currentActivityStage to STARTED, currentActivity=androidx.fragment.app.testing.FragmentScenario$EmptyFragmentActivity@306c761
09-09 22:27:17.243  4593  4615 I ViewRootImpl@5d437f1[lunchtray]: Relayout returned: old=(0,0,1080,2340) new=(0,0,1080,2340) req=(1080,2340)0 dur=4 res=0x1 s={true 476507549696} ch=false fn=2
09-09 22:27:17.243 17542 17542 V ActivityScenario: Update currentActivityStage to STARTED, currentActivity=androidx.fragment.app.testing.FragmentScenario$EmptyFragmentActivity@306c761
09-09 22:27:17.243 17542 17542 V ActivityScenario: Update currentActivityStage to STARTED, currentActivity=androidx.fragment.app.testing.FragmentScenario$EmptyFragmentActivity@306c761
09-09 22:27:17.243 17542 17542 V ActivityScenario: Update currentActivityStage to STARTED, currentActivity=androidx.fragment.app.testing.FragmentScenario$EmptyFragmentActivity@306c761
09-09 22:27:17.243 17542 17542 V ActivityScenario: Update currentActivityStage to STARTED, currentActivity=androidx.fragment.app.testing.FragmentScenario$EmptyFragmentActivity@306c761
09-09 22:27:17.243 17542 17542 V ActivityScenario: Update currentActivityStage to STARTED, currentActivity=androidx.fragment.app.testing.FragmentScenario$EmptyFragmentActivity@306c761
09-09 22:27:17.243 17542 17542 V ActivityScenario: Update currentActivityStage to STARTED, currentActivity=androidx.fragment.app.testing.FragmentScenario$EmptyFragmentActivity@306c761
09-09 22:27:17.243 17542 17542 V ActivityScenario: Update currentActivityStage to STARTED, currentActivity=androidx.fragment.app.testing.FragmentScenario$EmptyFragmentActivity@306c761
09-09 22:27:17.244 17542 17542 V ActivityScenario: Update currentActivityStage to STARTED, currentActivity=androidx.fragment.app.testing.FragmentScenario$EmptyFragmentActivity@306c761
09-09 22:27:17.244 17542 17542 V ActivityScenario: Update currentActivityStage to STARTED, currentActivity=androidx.fragment.app.testing.FragmentScenario$EmptyFragmentActivity@306c761
09-09 22:27:17.244  4164  4197 D gralloc : [mali_gralloc_allocate] begin
09-09 22:27:17.244  4164  4197 D gralloc : buffer_descriptor: wh(1080 2340) usage_pc(0x966 0x906) hal_format(0x1) layer_count(1) sizes(0 0 0) strde(0) byte_stride(0) alloc_wh(0 0) internal_format(0x0) alloc_format(0x0) fd_count(1) plane_count(0)
09-09 22:27:17.244  5400  5400 I SurfaceControl: assignNativeObject: nativeObject = 0 Surface(name=null)/@0xfe4d67b / android.view.SurfaceControl.readFromParcel:1117 android.view.IWindowSession$Stub$Proxy.relayout:1810 android.view.ViewRootImpl.relayoutWindow:9005 android.view.ViewRootImpl.performTraversals:3360 android.view.ViewRootImpl.doTraversal:2618 android.view.ViewRootImpl$TraversalRunnable.run:9971 android.view.Choreographer$CallbackRecord.run:1010 android.view.Choreographer.doCallbacks:809 android.view.Choreographer.doFrame:744 android.view.Choreographer$FrameDisplayEventReceiver.run:995
09-09 22:27:17.245  5400  5400 I SurfaceControl: assignNativeObject: nativeObject = 0 Surface(name=null)/@0x5879613 / android.view.SurfaceControl.readFromParcel:1117 android.view.IWindowSession$Stub$Proxy.relayout:1820 android.view.ViewRootImpl.relayoutWindow:9005 android.view.ViewRootImpl.performTraversals:3360 android.view.ViewRootImpl.doTraversal:2618 android.view.ViewRootImpl$TraversalRunnable.run:9971 android.view.Choreographer$CallbackRecord.run:1010 android.view.Choreographer.doCallbacks:809 android.view.Choreographer.doFrame:744 android.view.Choreographer$FrameDisplayEventReceiver.run:995
09-09 22:27:17.246 17542 17542 D LifecycleMonitor: Lifecycle status change: androidx.fragment.app.testing.FragmentScenario$EmptyFragmentActivity@306c761 in: RESUMED
09-09 22:27:17.246  4164  4197 D gralloc : [mali_gralloc_allocate] allocation successful
09-09 22:27:17.246 17542 17542 V ActivityScenario: Update currentActivityStage to RESUMED, currentActivity=androidx.fragment.app.testing.FragmentScenario$EmptyFragmentActivity@306c761
09-09 22:27:17.246 17542 17542 V ActivityScenario: Update currentActivityStage to RESUMED, currentActivity=androidx.fragment.app.testing.FragmentScenario$EmptyFragmentActivity@306c761
09-09 22:27:17.246 17542 17542 V ActivityScenario: Update currentActivityStage to RESUMED, currentActivity=androidx.fragment.app.testing.FragmentScenario$EmptyFragmentActivity@306c761
09-09 22:27:17.246 17542 17542 V ActivityScenario: Update currentActivityStage to RESUMED, currentActivity=androidx.fragment.app.testing.FragmentScenario$EmptyFragmentActivity@306c761
09-09 22:27:17.246 17542 17542 V ActivityScenario: Update currentActivityStage to RESUMED, currentActivity=androidx.fragment.app.testing.FragmentScenario$EmptyFragmentActivity@306c761
09-09 22:27:17.247 17542 17542 V ActivityScenario: Update currentActivityStage to RESUMED, currentActivity=androidx.fragment.app.testing.FragmentScenario$EmptyFragmentActivity@306c761
09-09 22:27:17.247 17542 17542 V ActivityScenario: Update currentActivityStage to RESUMED, currentActivity=androidx.fragment.app.testing.FragmentScenario$EmptyFragmentActivity@306c761
09-09 22:27:17.247 17542 17542 V ActivityScenario: Update currentActivityStage to RESUMED, currentActivity=androidx.fragment.app.testing.FragmentScenario$EmptyFragmentActivity@306c761
09-09 22:27:17.247 17542 17542 V ActivityScenario: Update currentActivityStage to RESUMED, currentActivity=androidx.fragment.app.testing.FragmentScenario$EmptyFragmentActivity@306c761
09-09 22:27:17.247 17542 17542 V ActivityScenario: Update currentActivityStage to RESUMED, currentActivity=androidx.fragment.app.testing.FragmentScenario$EmptyFragmentActivity@306c761
09-09 22:27:17.247 17542 17542 V ActivityScenario: Update currentActivityStage to RESUMED, currentActivity=androidx.fragment.app.testing.FragmentScenario$EmptyFragmentActivity@306c761
09-09 22:27:17.249  5400  5400 I SurfaceControl: nativeRelease nativeObject s[478744364992]
09-09 22:27:17.249  5400  5400 I SurfaceControl: nativeRelease nativeObject e[478744364992]
09-09 22:27:17.249  5400  5400 I SurfaceControl: nativeRelease nativeObject s[478590749760]
09-09 22:27:17.249  5400  5400 I SurfaceControl: nativeRelease nativeObject e[478590749760]
09-09 22:27:17.249  5400  5400 I SurfaceControl: nativeRelease nativeObject s[478724429728]
09-09 22:27:17.249  5400  5400 I SurfaceControl: nativeRelease nativeObject e[478724429728]
09-09 22:27:17.249  5400  5400 I ViewRootImpl@a8bf6fa[LauncherActivity]: Relayout returned: old=(0,0,1080,2340) new=(0,0,1080,2340) req=(1080,2340)8 dur=26 res=0x5 s={false 0} ch=true fn=19
09-09 22:27:17.250  5400  5400 I SurfaceControl: nativeRelease nativeObject s[478724430112]
09-09 22:27:17.250  5400  5400 I SurfaceControl: nativeRelease nativeObject e[478724430112]
09-09 22:27:17.252  4593  7736 D InputTransport: Input channel constructed: '44678e3', fd=697
09-09 22:27:17.252  4593  7736 D InputTransport: Input channel constructed: '44678e3', fd=703
09-09 22:27:17.253  4229  5522 I SurfaceFlinger: id=31588 createSurf (0x0),-1 flag=80004, 44678e3 com.example.lunchtray/androidx.fragment.app.testing.FragmentScenario$EmptyFragmentActivity#0
09-09 22:27:17.254  4593  7736 D WindowManager: isScreenshotDisabledLocked - win: Window{44678e3 u0 com.example.lunchtray/androidx.fragment.app.testing.FragmentScenario$EmptyFragmentActivity}
09-09 22:27:17.254  4593  7736 D WindowManager: isScreenshotDisabledLocked: userId = 0, disabled =false
09-09 22:27:17.254  4593  7736 D InputTransport: Input channel destroyed: '44678e3', fd=703
09-09 22:27:17.255 17542 17542 D InputTransport: Input channel constructed: '44678e3', fd=80
09-09 22:27:17.255  4179 17742 I HYPER-HAL: [ResourceManager.cpp]removeResource(): [CPUMinFreq] RemoveResource Request ID : 10642211
09-09 22:27:17.255  4179 17742 I HYPER-HAL: [RequestManager.cpp]releaseLocked(): Released ID : 10642211
09-09 22:27:17.258  5400  5400 I ViewRootImpl@a8bf6fa[LauncherActivity]: stopped(true) old=false
09-09 22:27:17.258 17542 17542 I ViewRootImpl@1ff4ad1[FragmentScenario$EmptyFragmentActivity]: setView = com.android.internal.policy.DecorView@d5c6112 TM=true
09-09 22:27:17.261  4593  4615 I ViewRootImpl@5d437f1[lunchtray]: [DP] pdf(0) 1 android.view.ViewRootImpl.performDraw:4809 android.view.ViewRootImpl.performTraversals:3866 android.view.ViewRootImpl.doTraversal:2618
09-09 22:27:17.261  4593  4615 I ViewRootImpl@5d437f1[lunchtray]: [DP] rdf()
09-09 22:27:17.263  5400  5400 I StateManager: goToState isInState Normal
09-09 22:27:17.266  4593  7736 V WindowManager: Relayout Window{44678e3 u0 com.example.lunchtray/androidx.fragment.app.testing.FragmentScenario$EmptyFragmentActivity}: viewVisibility=0 req=1080x2340
09-09 22:27:17.267  5400  5400 W LauncherAppWidgetHost: setListenIfResumed, mFlags = 7
09-09 22:27:17.267  4593  7732 I AppWidgetServiceImpl: stopListening callbacks : null
09-09 22:27:17.268  5400  5400 W Launcher.NotificationListener: removeNotificationsChangedListener
09-09 22:27:17.268  5400  5400 I BadgeCountUpdaterImpl: onNotificationsChangedDisConnected
09-09 22:27:17.268  5400  5400 I Launcher.NotificationListener: unregisterObserver, this is not notificationService!!
09-09 22:27:17.269  4593  7736 D WindowManager: isScreenshotDisabledLocked - win: Window{44678e3 u0 com.example.lunchtray/androidx.fragment.app.testing.FragmentScenario$EmptyFragmentActivity}
09-09 22:27:17.269  4593  7736 D WindowManager: isScreenshotDisabledLocked: userId = 0, disabled =false
09-09 22:27:17.269  5400  5400 I LiveIconUpdateEventHandler: cancelMinuteChangeAlarm
09-09 22:27:17.269  4229  5611 I SurfaceFlinger: id=31589 createSurf (1080x2340),1 flag=404, com.example.lunchtray/androidx.fragment.app.testing.FragmentScenario$EmptyFragmentActivity$_17542#0
09-09 22:27:17.272  4593  7736 I SurfaceControl: nativeRelease nativeObject s[476506424832]
09-09 22:27:17.272  4593  7736 I SurfaceControl: nativeRelease nativeObject e[476506424832]
09-09 22:27:17.272 10876 10876 I TrayStateController: systemUiVisibilityChanged : 0 0
09-09 22:27:17.272  4229  5611 I SurfaceFlinger: id=31590 createSurf (0x0),-1 flag=24000, Surface(name=dfbd9d StatusBar)/@0x4a7a911 - animation-leash#1
09-09 22:27:17.273  5400  5400 I LiveIconUpdateEventHandler: cancelDateChangeAlarm
09-09 22:27:17.273  4593  7736 I SurfaceControl: nativeRelease nativeObject s[476506427520]
09-09 22:27:17.273  4593  7736 I SurfaceControl: nativeRelease nativeObject e[476506427520]
09-09 22:27:17.274  4229  5611 I SurfaceFlinger: id=31591 createSurf (0x0),-1 flag=24000, Surface(name=8706a1 NavigationBar0)/@0xf042ce4 - animation-leash#0
09-09 22:27:17.279  4593  7736 V WindowManager: Relayout hash=44678e3, pid=17542: mAttrs={(0,0)(fillxfill) sim={adjust=pan forwardNavigation} ty=BASE_APPLICATION wanim=0x1030304
09-09 22:27:17.279  4593  7736 V WindowManager:   fl=81810100
09-09 22:27:17.279  4593  7736 V WindowManager:   pfl=12020000
09-09 22:27:17.279  4593  7736 V WindowManager:   apr=LIGHT_NAVIGATION_BARS
09-09 22:27:17.279  4593  7736 V WindowManager:   fitSides= naviIconColor=0
09-09 22:27:17.279  4593  7736 V WindowManager:   sfl=100000}
09-09 22:27:17.280  4593  7736 I SurfaceControl: nativeRelease nativeObject s[476506055360]
09-09 22:27:17.280  4593  7736 I SurfaceControl: nativeRelease nativeObject e[476506055360]
09-09 22:27:17.281  4229  5611 I Layer   : id=31586 removeFromCurrentState Surface(name=dfbd9d StatusBar)/@0x4a7a911 - animation-leash#0 (101)
09-09 22:27:17.281  4229  5611 I Layer   : id=31587 removeFromCurrentState Surface(name=8706a1 NavigationBar0)/@0xf042ce4 - animation-leash#1 (101)
09-09 22:27:17.282 17542 17542 I SurfaceControl: assignNativeObject: nativeObject = 0 Surface(name=null)/@0x124b936 / android.view.SurfaceControl.readFromParcel:1117 android.view.IWindowSession$Stub$Proxy.relayout:1820 android.view.ViewRootImpl.relayoutWindow:9005 android.view.ViewRootImpl.performTraversals:3360 android.view.ViewRootImpl.doTraversal:2618 android.view.ViewRootImpl$TraversalRunnable.run:9971 android.view.Choreographer$CallbackRecord.run:1010 android.view.Choreographer.doCallbacks:809 android.view.Choreographer.doFrame:744 android.view.Choreographer$FrameDisplayEventReceiver.run:995
09-09 22:27:17.282  4593  4615 I SurfaceControl: nativeRelease nativeObject s[476506424544]
09-09 22:27:17.282  4593  4615 I SurfaceControl: nativeRelease nativeObject e[476506424544]
09-09 22:27:17.282  4593  4615 I SurfaceControl: nativeRelease nativeObject s[476494333024]
09-09 22:27:17.282  4229  5611 I SurfaceFlinger: id=31587 Removed Surface(name=8706a1 NavigationBar0)/@0xf042ce4 - animation-leash#1 (101)
09-09 22:27:17.282  4593  4615 I SurfaceControl: nativeRelease nativeObject e[476494333024]
09-09 22:27:17.282  4229  5611 I SurfaceFlinger: id=31586 Removed Surface(name=dfbd9d StatusBar)/@0x4a7a911 - animation-leash#0 (101)
09-09 22:27:17.283 17542 17542 I ViewRootImpl@1ff4ad1[FragmentScenario$EmptyFragmentActivity]: Relayout returned: old=(0,0,1080,2340) new=(0,0,1080,2340) req=(1080,2340)0 dur=16 res=0x7 s={true 478758539264} ch=true fn=-1
09-09 22:27:17.286  4164  4197 D gralloc : [mali_gralloc_allocate] begin
09-09 22:27:17.286  4164  4197 D gralloc : buffer_descriptor: wh(1080 2340) usage_pc(0x40000000000b00 0x40000000000b00) hal_format(0x1) layer_count(1) sizes(0 0 0) strde(0) byte_stride(0) alloc_wh(0 0) internal_format(0x0) alloc_format(0x0) fd_count(1) plane_count(0)
09-09 22:27:17.286 17542 17542 I ViewRootImpl@1ff4ad1[FragmentScenario$EmptyFragmentActivity]: [DP] dp(1) 1 android.view.ViewRootImpl.reportNextDraw:10957 android.view.ViewRootImpl.performTraversals:3845 android.view.ViewRootImpl.doTraversal:2618
09-09 22:27:17.286 17542 17542 I ViewRootImpl@1ff4ad1[FragmentScenario$EmptyFragmentActivity]: [DP] pd() Asnyc report
09-09 22:27:17.287 31824 17508 V APM_AudioPolicyManager: setAppState(portId:1454, state:1)
09-09 22:27:17.287 31824 17508 V APM_AudioPolicyManager: setAppState(portId:1456, state:2)
09-09 22:27:17.287 31824 17508 V APM_AudioPolicyManager: setAppState(portId:1454, state:1)
09-09 22:27:17.287 31824 17508 V APM_AudioPolicyManager: setAppState(portId:1456, state:2)
09-09 22:27:17.287  4164  4197 D gralloc : [mali_gralloc_allocate] allocation successful
09-09 22:27:17.290  4164  4197 D gralloc : [mali_gralloc_allocate] begin
09-09 22:27:17.290  4164  4197 D gralloc : buffer_descriptor: wh(1080 2340) usage_pc(0x40000000000b00 0x40000000000b00) hal_format(0x1) layer_count(1) sizes(0 0 0) strde(0) byte_stride(0) alloc_wh(0 0) internal_format(0x0) alloc_format(0x0) fd_count(1) plane_count(0)
09-09 22:27:17.291  4229  4229 I Layer   : id=31586[1] Destroyed Surface(name=dfbd9d StatusBar)/@0x4a7a911 - animation-leash#0
09-09 22:27:17.292  4229  4229 I Layer   : id=31587[1] Destroyed Surface(name=8706a1 NavigationBar0)/@0xf042ce4 - animation-leash#1
09-09 22:27:17.292 17542 17542 I ViewRootImpl@1ff4ad1[FragmentScenario$EmptyFragmentActivity]: [DP] pdf(0) 1 android.view.ViewRootImpl.lambda$performDraw$1$ViewRootImpl:4668 android.view.-$$Lambda$ViewRootImpl$DJd0VUYJgsebcnSohO6h8zc_ONI.run:6 android.os.Handler.handleCallback:938
09-09 22:27:17.292 17542 17542 I ViewRootImpl@1ff4ad1[FragmentScenario$EmptyFragmentActivity]: [DP] rdf()
09-09 22:27:17.293  4164  4197 D gralloc : [mali_gralloc_allocate] allocation successful
09-09 22:27:17.293 17542 17542 D LifecycleMonitor: Lifecycle status change: androidx.test.core.app.InstrumentationActivityInvoker$BootstrapActivity@604f4f3 in: STOPPED
09-09 22:27:17.294 17542 17542 V ActivityScenario: Activity lifecycle changed event received but ignored because the intent does not match. startActivityIntent=Intent { act=android.intent.action.MAIN cat=[android.intent.category.LAUNCHER] cmp=com.example.lunchtray/androidx.fragment.app.testing.FragmentScenario$EmptyFragmentActivity (has extras) }, activity.getIntent()=Intent { act=android.intent.action.MAIN cat=[android.intent.category.LAUNCHER] flg=0x10008000 cmp=com.example.lunchtray/androidx.test.core.app.InstrumentationActivityInvoker$BootstrapActivity (has extras) }, activity=androidx.test.core.app.InstrumentationActivityInvoker$BootstrapActivity@604f4f3
09-09 22:27:17.294 17542 17542 V ActivityScenario: Activity lifecycle changed event received but ignored because the intent does not match. startActivityIntent=Intent { act=android.intent.action.MAIN cat=[android.intent.category.LAUNCHER] cmp=com.example.lunchtray/androidx.fragment.app.testing.FragmentScenario$EmptyFragmentActivity (has extras) }, activity.getIntent()=Intent { act=android.intent.action.MAIN cat=[android.intent.category.LAUNCHER] flg=0x10008000 cmp=com.example.lunchtray/androidx.test.core.app.InstrumentationActivityInvoker$BootstrapActivity (has extras) }, activity=androidx.test.core.app.InstrumentationActivityInvoker$BootstrapActivity@604f4f3
09-09 22:27:17.294 17542 17542 V ActivityScenario: Activity lifecycle changed event received but ignored because the intent does not match. startActivityIntent=Intent { act=android.intent.action.MAIN cat=[android.intent.category.LAUNCHER] cmp=com.example.lunchtray/androidx.fragment.app.testing.FragmentScenario$EmptyFragmentActivity (has extras) }, activity.getIntent()=Intent { act=android.intent.action.MAIN cat=[android.intent.category.LAUNCHER] flg=0x10008000 cmp=com.example.lunchtray/androidx.test.core.app.InstrumentationActivityInvoker$BootstrapActivity (has extras) }, activity=androidx.test.core.app.InstrumentationActivityInvoker$BootstrapActivity@604f4f3
09-09 22:27:17.294 17542 17542 V ActivityScenario: Activity lifecycle changed event received but ignored because the intent does not match. startActivityIntent=Intent { act=android.intent.action.MAIN cat=[android.intent.category.LAUNCHER] cmp=com.example.lunchtray/androidx.fragment.app.testing.FragmentScenario$EmptyFragmentActivity (has extras) }, activity.getIntent()=Intent { act=android.intent.action.MAIN cat=[android.intent.category.LAUNCHER] flg=0x10008000 cmp=com.example.lunchtray/androidx.test.core.app.InstrumentationActivityInvoker$BootstrapActivity (has extras) }, activity=androidx.test.core.app.InstrumentationActivityInvoker$BootstrapActivity@604f4f3
09-09 22:27:17.294 17542 17542 V ActivityScenario: Activity lifecycle changed event received but ignored because the intent does not match. startActivityIntent=Intent { act=android.intent.action.MAIN cat=[android.intent.category.LAUNCHER] cmp=com.example.lunchtray/androidx.fragment.app.testing.FragmentScenario$EmptyFragmentActivity (has extras) }, activity.getIntent()=Intent { act=android.intent.action.MAIN cat=[android.intent.category.LAUNCHER] flg=0x10008000 cmp=com.example.lunchtray/androidx.test.core.app.InstrumentationActivityInvoker$BootstrapActivity (has extras) }, activity=androidx.test.core.app.InstrumentationActivityInvoker$BootstrapActivity@604f4f3
09-09 22:27:17.294 17542 17542 V ActivityScenario: Activity lifecycle changed event received but ignored because the intent does not match. startActivityIntent=Intent { act=android.intent.action.MAIN cat=[android.intent.category.LAUNCHER] cmp=com.example.lunchtray/androidx.fragment.app.testing.FragmentScenario$EmptyFragmentActivity (has extras) }, activity.getIntent()=Intent { act=android.intent.action.MAIN cat=[android.intent.category.LAUNCHER] flg=0x10008000 cmp=com.example.lunchtray/androidx.test.core.app.InstrumentationActivityInvoker$BootstrapActivity (has extras) }, activity=androidx.test.core.app.InstrumentationActivityInvoker$BootstrapActivity@604f4f3
09-09 22:27:17.294 17542 17542 V ActivityScenario: Activity lifecycle changed event received but ignored because the intent does not match. startActivityIntent=Intent { act=android.intent.action.MAIN cat=[android.intent.category.LAUNCHER] cmp=com.example.lunchtray/androidx.fragment.app.testing.FragmentScenario$EmptyFragmentActivity (has extras) }, activity.getIntent()=Intent { act=android.intent.action.MAIN cat=[android.intent.category.LAUNCHER] flg=0x10008000 cmp=com.example.lunchtray/androidx.test.core.app.InstrumentationActivityInvoker$BootstrapActivity (has extras) }, activity=androidx.test.core.app.InstrumentationActivityInvoker$BootstrapActivity@604f4f3
09-09 22:27:17.294 17542 17542 V ActivityScenario: Activity lifecycle changed event received but ignored because the intent does not match. startActivityIntent=Intent { act=android.intent.action.MAIN cat=[android.intent.category.LAUNCHER] cmp=com.example.lunchtray/androidx.fragment.app.testing.FragmentScenario$EmptyFragmentActivity (has extras) }, activity.getIntent()=Intent { act=android.intent.action.MAIN cat=[android.intent.category.LAUNCHER] flg=0x10008000 cmp=com.example.lunchtray/androidx.test.core.app.InstrumentationActivityInvoker$BootstrapActivity (has extras) }, activity=androidx.test.core.app.InstrumentationActivityInvoker$BootstrapActivity@604f4f3
09-09 22:27:17.295 17542 17542 V ActivityScenario: Activity lifecycle changed event received but ignored because the intent does not match. startActivityIntent=Intent { act=android.intent.action.MAIN cat=[android.intent.category.LAUNCHER] cmp=com.example.lunchtray/androidx.fragment.app.testing.FragmentScenario$EmptyFragmentActivity (has extras) }, activity.getIntent()=Intent { act=android.intent.action.MAIN cat=[android.intent.category.LAUNCHER] flg=0x10008000 cmp=com.example.lunchtray/androidx.test.core.app.InstrumentationActivityInvoker$BootstrapActivity (has extras) }, activity=androidx.test.core.app.InstrumentationActivityInvoker$BootstrapActivity@604f4f3
09-09 22:27:17.295 17542 17542 V ActivityScenario: Activity lifecycle changed event received but ignored because the intent does not match. startActivityIntent=Intent { act=android.intent.action.MAIN cat=[android.intent.category.LAUNCHER] cmp=com.example.lunchtray/androidx.fragment.app.testing.FragmentScenario$EmptyFragmentActivity (has extras) }, activity.getIntent()=Intent { act=android.intent.action.MAIN cat=[android.intent.category.LAUNCHER] flg=0x10008000 cmp=com.example.lunchtray/androidx.test.core.app.InstrumentationActivityInvoker$BootstrapActivity (has extras) }, activity=androidx.test.core.app.InstrumentationActivityInvoker$BootstrapActivity@604f4f3
09-09 22:27:17.295 17542 17542 V ActivityScenario: Activity lifecycle changed event received but ignored because the intent does not match. startActivityIntent=Intent { act=android.intent.action.MAIN cat=[android.intent.category.LAUNCHER] cmp=com.example.lunchtray/androidx.fragment.app.testing.FragmentScenario$EmptyFragmentActivity (has extras) }, activity.getIntent()=Intent { act=android.intent.action.MAIN cat=[android.intent.category.LAUNCHER] flg=0x10008000 cmp=com.example.lunchtray/androidx.test.core.app.InstrumentationActivityInvoker$BootstrapActivity (has extras) }, activity=androidx.test.core.app.InstrumentationActivityInvoker$BootstrapActivity@604f4f3
09-09 22:27:17.295  4164  4197 D gralloc : [mali_gralloc_allocate] begin
09-09 22:27:17.295  4164  4197 D gralloc : buffer_descriptor: wh(1080 2340) usage_pc(0x40000000000b00 0x40000000000b00) hal_format(0x1) layer_count(1) sizes(0 0 0) strde(0) byte_stride(0) alloc_wh(0 0) internal_format(0x0) alloc_format(0x0) fd_count(1) plane_count(0)
09-09 22:27:17.303  4593  4615 D PkgPredictorService: pkg:com.example.lunchtray activity:androidx.fragment.app.testing.FragmentScenario$EmptyFragmentActivity thisTime:278
09-09 22:27:17.303  4593  4615 D PkgPredictorService-Collector: update activity launch time: FragmentScenario$EmptyFragmentActivity : 278
09-09 22:27:17.303  4164  4197 D gralloc : [mali_gralloc_allocate] allocation successful
09-09 22:27:17.303  4593  4615 I SemDvfsHyPerManager: acquire hyper - AMS_RESUME_TAIL/4593@18, type = -999
09-09 22:27:17.303  4593  4615 I SemDvfsHyPerManager: acquire hyper - AMS_ACT_LAZY/4593@19, type = -999
09-09 22:27:17.303  4179  4205 I HYPER-HAL: [RequestManager.cpp]acquire(): Acquired ID : 10632984  [4593 / 18]    HINT : AMS_RESUME_TAIL    list :
09-09 22:27:17.304  4179  4205 I HYPER-HAL: [ResourceManager.cpp]updateResource(): [CPUMinFreq] UpdateResource Request ID : 10632984    Value : 1768000
09-09 22:27:17.304  4179  4205 I HYPER-HAL: [RequestManager.cpp]acquire(): Acquired ID : 10637597  [4593 / 19]    HINT :      list :
09-09 22:27:17.304  4179  4205 E HYPER-HAL: [Request.cpp]acquire(): Request:: id : 10637597, No Resource to set
09-09 22:27:17.305  4179  4205 I HYPER-HAL: [ResourceManager.cpp]removeResource(): [CPUMinFreq] RemoveResource Request ID : 10628372
09-09 22:27:17.305  4179  4205 I HYPER-HAL: [RequestManager.cpp]releaseLocked(): Released ID : 10628372
09-09 22:27:17.307  4593  4615 D ViewRootImpl@5d437f1[lunchtray]: dispatchDetachedFromWindow: reset blurmask
09-09 22:27:17.307  4593  4615 I ViewRootImpl@5d437f1[lunchtray]: dispatchDetachedFromWindow
09-09 22:27:17.308  4593  4615 I SurfaceControl: nativeRelease nativeObject s[476506051040]
09-09 22:27:17.308  4593  4615 I SurfaceControl: nativeRelease nativeObject e[476506051040]
09-09 22:27:17.308  4593  4615 D InputTransport: Input channel destroyed: '9cd6fd6', fd=691
09-09 22:27:17.308  4593  5061 I InputDispatcher: Focus entered window (17542): 44678e3 in display 0 0
09-09 22:27:17.309  4229  4590 I SurfaceFlinger: id=31592 createSurf (0x0),-1 flag=24000, Surface(name=9cd6fd6 Splash Screen com.example.lunchtray)/@0x952e54f - animation-leash#0
09-09 22:27:17.315  4593  4615 D InputTransport: Input channel destroyed: '9cd6fd6', fd=695
09-09 22:27:17.331  5400  5400 I LiveIconUpdateEventHandler: unregisterReceiver
09-09 22:27:17.331 17542 17542 I ViewRootImpl@1ff4ad1[FragmentScenario$EmptyFragmentActivity]: MSG_WINDOW_FOCUS_CHANGED 1 1
09-09 22:27:17.332 17542 17542 D InputMethodManager: prepareNavigationBarInfo() DecorView@d5c6112[FragmentScenario$EmptyFragmentActivity]
09-09 22:27:17.332 17542 17542 D InputMethodManager: getNavigationBarColor() -855310
09-09 22:27:17.333 17542 17542 D InputMethodManager: prepareNavigationBarInfo() DecorView@d5c6112[FragmentScenario$EmptyFragmentActivity]
09-09 22:27:17.333 17542 17542 D InputMethodManager: getNavigationBarColor() -855310
09-09 22:27:17.333 17542 17542 V InputMethodManager: Starting input: tba=com.example.lunchtray ic=null mNaviBarColor -855310 mIsGetNaviBarColorSuccess true , NavVisible : true , NavTrans : false
09-09 22:27:17.333 17542 17542 D InputMethodManager: startInputInner - Id : 0
09-09 22:27:17.333 17542 17542 I InputMethodManager: startInputInner - mService.startInputOrWindowGainedFocus
09-09 22:27:17.334  4593  7732 D InputMethodManagerService: mSecureKeypadEnabled = false
09-09 22:27:17.335  4593  7732 V InputMethodManagerService: hideCurrentInputLocked : shouldHideSoftInput is false
09-09 22:27:17.335  4593  7732 D InputMethodManagerService: mDesktopModeManager null!
09-09 22:27:17.335  4593  7732 V InputMethodManagerService: getDisplayIdOfInputMethodWindowToBeAdded : 0
09-09 22:27:17.336  4593  7732 D SamsungIMMSHWKeyboard: isConnectedDexOnPC false
09-09 22:27:17.336  4593  7732 D InputMethodManagerService: isImeSwitcherDisabledPackage : false
09-09 22:27:17.337  4593  7732 D InputMethodManagerService: checkDisplayOfStartInputAndUpdateKeyboard display Id 0last 0
09-09 22:27:17.337  4593  7732 D InputTransport: Input channel constructed: 'ClientS', fd=691
09-09 22:27:17.337  4593  7732 D InputTransport: Input channel destroyed: 'ClientS', fd=691
09-09 22:27:17.337 17542 17542 D InputTransport: Input channel constructed: 'ClientS', fd=92
09-09 22:27:17.337  4593  4619 D ArtManagerInternalImpl: /data/misc/iorapd/com.example.lunchtray/1/androidx.fragment.app.testing.FragmentScenario$EmptyFragmentActivity/compiled_traces/compiled_trace.pb doesn't exist
09-09 22:27:17.339  4593  7736 I SurfaceControl: nativeRelease nativeObject s[478593091552]
09-09 22:27:17.339  4593  7736 I SurfaceControl: nativeRelease nativeObject e[478593091552]
09-09 22:27:17.339  4229  4255 I SurfaceFlinger: id=31593 createSurf (0x0),-1 flag=24004, Surface(name=cd0e9cf InputMethod)/@0x5308265 - animation-leash#1
09-09 22:27:17.341  7209  7209 I HBD     : HoneyBoardService onFinishInput
09-09 22:27:17.342  7209  7209 I HBD     : a IC have been unbinded,  InputConnectionWrapper{idHash=#cf2fa8e mMissingMethods=}
09-09 22:27:17.342  7209  7209 I HBD     : HoneyBoardService [PF_CL][onFinishInput]  631000 ns
09-09 22:27:17.343  7209  7209 I HBD     : HoneyBoardService [IMI] onStartInput - caller pid : 17542 , caller uid : 10586
09-09 22:27:17.343  7209  7209 I HBD     : i updateConfigs
09-09 22:27:17.343  7209  7209 I HBD     : i isEnabledNightMode : false
09-09 22:27:17.345  7209  7209 I HBD     : a IC have been binded, InputConnectionWrapper{idHash=#81a46bc mMissingMethods=}
09-09 22:27:17.345  7209  7209 I HBD     : h [EditorInputType]setPrivateImeOptionsToTable privateImeOptions ( null )
09-09 22:27:17.346  4145  4151 E statsd  : Predicate -7037417284711607308 dropping data for dimension key (10)0x2010101->10586[I] (10)0x30000->*launch*[S]
09-09 22:27:17.346  7209  7209 I HBD     : b incognitoMode : false
09-09 22:27:17.346  4145  4151 E statsd  : Predicate 5980654721335871649 dropping data for dimension key (10)0x2010101->10586[I] (10)0x30000->*launch*[S]
09-09 22:27:17.346  7209  7209 I HBD     : a needOff = true , isForceOff = false, isNullInputClass : true
09-09 22:27:17.347  4229  4257 I Layer   : id=31580 removeFromCurrentState Surface(name=cd0e9cf InputMethod)/@0x5308265 - animation-leash#0 (101)
09-09 22:27:17.347 17542 17542 D ScrollView: initGoToTop
09-09 22:27:17.347  7209  7209 I HBD     : h getDefaultInputRange : UNKNOWN
09-09 22:27:17.348  7209  7209 I HBD     : h getDefaultInputRange : UNKNOWN
09-09 22:27:17.348  7209  7209 I HBD     : h getDefaultInputRange : UNKNOWN
09-09 22:27:17.348  4593  5061 I SurfaceControl: nativeRelease nativeObject s[476506424736]
09-09 22:27:17.348  4593  5061 I SurfaceControl: nativeRelease nativeObject e[476506424736]
09-09 22:27:17.349  4229  4255 I Layer   : id=31573 removeFromCurrentState com.sec.android.app.launcher/com.sec.android.app.launcher.activities.LauncherActivity$_5400#0 (101)
09-09 22:27:17.349  4593  7732 D SdpManagerService: Not an enterprise user : 0
09-09 22:27:17.349  4593  7732 D SdpManagerService: Not an enterprise user : 0
09-09 22:27:17.350  7209  7209 I HBD     : h getDefaultInputRange : UNKNOWN
09-09 22:27:17.351  7209  7209 I HBD     : a currentState : 0
09-09 22:27:17.353  4593  4619 I ActivityTaskManager: Displayed com.example.lunchtray/androidx.fragment.app.testing.FragmentScenario$EmptyFragmentActivity: +278ms
09-09 22:27:17.353  7209  7209 I HBD     : h load selected json info : {"version":"1.0","currentLanguageOrder":1,"selected":[{"activeOptionList":["auto_replace","auto_spacing"],"engName":"Russian","id":3342336,"inputType":"qwerty","isUsed":true},{"activeOptionList":["auto_replace","auto_spacing"],"engName":"English","id":65537,"inputType":"qwerty","isUsed":true}]}
09-09 22:27:17.354  7209  7209 I HBD     : a [UpdatePolicy] [post] a: 0 cl: 65537 kit: [0/0] vt: 0 ir: 1
09-09 22:27:17.356  7209  7209 I HBD     : HoneyBoardService [PF_OP][onStartInput]  13092846 ns
09-09 22:27:17.356 13489 13542 I ISG_Wakeup_Verify: [KWD] Normal - scores: [0.0010, 0.0000, t(87380)], [0.0010, 0.0029, t(87384)], [0.0000, 0.0010, t(87388)], [0.0010, 0.0000, t(87392)], [0.0000, 0.0010, t(87396)], RMS: 1
09-09 22:27:17.365  4229  4229 D SurfaceFlinger: Display 0 HWC layers:
09-09 22:27:17.365  4229  4229 D SurfaceFlinger:      DEVICE | 0x73bd0b72c0 | 0002 | RGBA_8888    |    0.0    0.0 1080.0 2340.0 |    0    0 1080 2340 | com.example.lunchtray/androidx.fragm[...]nario$EmptyFragmentActivity$_17542#0
09-09 22:27:17.365  4229  4229 D SurfaceFlinger:      DEVICE | 0x73bd0b6140 | 0002 | RGBA_8888    |    0.0    0.0 1080.0 2340.0 |    0    0 1080 2340 | Splash Screen com.example.lunchtray#0
09-09 22:27:17.365  4229  4229 D SurfaceFlinger:      DEVICE | 0x73de415a40 | 0000 | RGBA_8888    |    0.0    0.0 1080.0   83.0 |    0    0 1080   83 | StatusBar$_4897#0
09-09 22:27:17.365  4229  4229 D SurfaceFlinger:      DEVICE | 0x73bd0b6b40 | 0000 | RGBA_8888    |    0.0    0.0   67.0  342.0 |    0  761   67 1103 | com.samsung.android.app.cocktailbars[...]rservice.CocktailBarService$_10876#0
09-09 22:27:17.365  4229  4229 D SurfaceFlinger:      DEVICE | 0x7462431c00 | 0000 | RGBA_8888    |    0.0    0.0  388.0   39.0 |  692 2301 1080 2340 | SGestureOverlayWindow$_5400#0
09-09 22:27:17.365  4229  4229 D SurfaceFlinger:      DEVICE | 0x73de4166c0 | 0000 | RGBA_8888    |    0.0    0.0 1080.0  126.0 |    0 2214 1080 2340 | NavigationBar0$_4897#0
09-09 22:27:17.365  4229  4229 D SurfaceFlinger:      DEVICE | 0x73bd0b68c0 | 0000 | RGBA_8888    |    0.0    0.0 1080.0  151.0 |    0    0 1080  151 | ScreenDecorOver
09-09 22:27:17.365  4229  4229 D SurfaceFlinger: lay$_4897#0
09-09 22:27:17.365  4229  4229 D SurfaceFlinger:      DEVICE | 0x7462432d80 | 0000 | RGBA_8888    |    0.0    0.0 1080.0  151.0 |    0 2189 1080 2340 | ScreenDecorOverlayBottom$_4897#0
09-09 22:27:17.365  4229  4229 D SurfaceFlinger:
09-09 22:27:17.367  4593  4612 D SehCodecSolutionService: Update top [com.example.lunchtray]
09-09 22:27:17.367  4229  4255 I SurfaceFlinger: id=31573 Removed com.sec.android.app.launcher/com.sec.android.app.launcher.activities.LauncherActivity$_5400#0 (101)
09-09 22:27:17.368  5400  5400 I SurfaceControl: nativeRelease nativeObject s[478724409984]
09-09 22:27:17.368  5400  5400 I SurfaceControl: nativeRelease nativeObject e[478724409984]
09-09 22:27:17.374  4229  4229 I Layer   : id=31573[1] Destroyed com.sec.android.app.launcher/com.sec.android.app.launcher.activities.LauncherActivity$_5400#0
09-09 22:27:17.374  4593  4615 I SurfaceControl: nativeRelease nativeObject s[476506427712]
09-09 22:27:17.374  4593  4615 I SurfaceControl: nativeRelease nativeObject e[476506427712]
09-09 22:27:17.375  4593  4615 I SurfaceControl: nativeRelease nativeObject s[476505741632]
09-09 22:27:17.375  4593  4615 I SurfaceControl: nativeRelease nativeObject e[476505741632]
09-09 22:27:17.376  4229  5522 I Layer   : id=31584 removeFromCurrentState Splash Screen com.example.lunchtray#0 (100)
09-09 22:27:17.376  4593  4615 I SurfaceControl: nativeRelease nativeObject s[478590739296]
09-09 22:27:17.377  4593  4615 I SurfaceControl: nativeRelease nativeObject e[478590739296]
09-09 22:27:17.382  4229  4590 I Layer   : id=31583 removeFromCurrentState 9cd6fd6 Splash Screen com.example.lunchtray#0 (100)
09-09 22:27:17.383  4229  4590 I Layer   : id=31592 removeFromCurrentState Surface(name=9cd6fd6 Splash Screen com.example.lunchtray)/@0x952e54f - animation-leash#0 (100)
09-09 22:27:17.383  4229  4590 I SurfaceFlinger: id=31583 Removed 9cd6fd6 Splash Screen com.example.lunchtray#0 (100)
09-09 22:27:17.383  4229  4590 I SurfaceFlinger: id=31592 Removed Surface(name=9cd6fd6 Splash Screen com.example.lunchtray)/@0x952e54f - animation-leash#0 (100)
09-09 22:27:17.383  4229  4255 I SurfaceFlinger: id=31584 Removed Splash Screen com.example.lunchtray#0 (100)
09-09 22:27:17.391  4229  4229 I Layer   : id=31592[1] Destroyed Surface(name=9cd6fd6 Splash Screen com.example.lunchtray)/@0x952e54f - animation-leash#0
09-09 22:27:17.391  4229  4229 I Layer   : id=31583[1] Destroyed 9cd6fd6 Splash Screen com.example.lunchtray#0
09-09 22:27:17.392  4229  4229 I Layer   : id=31584[1] Destroyed Splash Screen com.example.lunchtray#0
09-09 22:27:17.397  4229  4229 D SurfaceFlinger: Display 0 HWC layers:
09-09 22:27:17.397  4229  4229 D SurfaceFlinger:      DEVICE | 0x73bd0b72c0 | 0002 | RGBA_8888    |    0.0    0.0 1080.0 2340.0 |    0    0 1080 2340 | com.example.lunchtray/androidx.fragm[...]nario$EmptyFragmentActivity$_17542#0
09-09 22:27:17.397  4229  4229 D SurfaceFlinger:      DEVICE | 0x73de415a40 | 0000 | RGBA_8888    |    0.0    0.0 1080.0   83.0 |    0    0 1080   83 | StatusBar$_4897#0
09-09 22:27:17.397  4229  4229 D SurfaceFlinger:      DEVICE | 0x73bd0b6b40 | 0000 | RGBA_8888    |    0.0    0.0   67.0  342.0 |    0  761   67 1103 | com.samsung.android.app.cocktailbars[...]rservice.CocktailBarService$_10876#0
09-09 22:27:17.397  4229  4229 D SurfaceFlinger:      DEVICE | 0x7462431c00 | 0000 | RGBA_8888    |    0.0    0.0  388.0   39.0 |  692 2301 1080 2340 | SGestureOverlayWindow$_5400#0
09-09 22:27:17.397  4229  4229 D SurfaceFlinger:      DEVICE | 0x73de415180 | 0000 | RGBA_8888    |    0.0    0.0 1080.0  126.0 |    0 2214 1080 2340 | NavigationBar0$_4897#0
09-09 22:27:17.397  4229  4229 D SurfaceFlinger:      DEVICE | 0x73bd0b68c0 | 0000 | RGBA_8888    |    0.0    0.0 1080.0  151.0 |    0    0 1080  151 | ScreenDecorOverlay$_4897#0
09-09 22:27:17.397  4229  4229 D SurfaceFlinger:      DEVICE | 0x7462432d80 | 0000 | RGBA_8888    |    0.0    0.0 1080.0  151.0 |    0 2189 1080 2340 | ScreenDecorOverlayBottom$_
09-09 22:27:17.397  4229  4229 D SurfaceFlinger: 4897#0
09-09 22:27:17.397  4229  4229 D SurfaceFlinger:
09-09 22:27:17.406  4593  5061 D SamsungIMMSHWKeyboard: isConnectedDexOnPC false
09-09 22:27:17.407  4593  5061 D InputMethodManagerService: isImeSwitcherDisabledPackage : false
09-09 22:27:17.407 17542 17542 I SurfaceControl: nativeRelease nativeObject s[477087364000]
09-09 22:27:17.407 17542 17542 I SurfaceControl: nativeRelease nativeObject e[477087364000]
09-09 22:27:17.407 17542 17542 I SurfaceControl: nativeRelease nativeObject s[477087363904]
09-09 22:27:17.407 17542 17542 I SurfaceControl: nativeRelease nativeObject e[477087363904]
09-09 22:27:17.432  4593  7731 V WindowManager: Relayout Window{44678e3 u0 com.example.lunchtray/androidx.fragment.app.testing.FragmentScenario$EmptyFragmentActivity}: viewVisibility=0 req=1080x2340
09-09 22:27:17.436  4593  7731 V WindowManager: Relayout hash=44678e3, pid=17542: mAttrs={(0,0)(fillxfill) sim={adjust=resize} ty=BASE_APPLICATION wanim=0x1030304
09-09 22:27:17.436  4593  7731 V WindowManager:   fl=81810100
09-09 22:27:17.436  4593  7731 V WindowManager:   pfl=12020000
09-09 22:27:17.436  4593  7731 V WindowManager:   apr=LIGHT_NAVIGATION_BARS
09-09 22:27:17.436  4593  7731 V WindowManager:   fitSides= naviIconColor=0
09-09 22:27:17.436  4593  7731 V WindowManager:   sfl=100000}
09-09 22:27:17.436  4593  7731 I SurfaceControl: nativeRelease nativeObject s[476505740096]
09-09 22:27:17.436  4593  7731 I SurfaceControl: nativeRelease nativeObject e[476505740096]
09-09 22:27:17.438 17542 17542 I SurfaceControl: nativeRelease nativeObject s[477178291424]
09-09 22:27:17.438 17542 17542 I SurfaceControl: nativeRelease nativeObject e[477178291424]
09-09 22:27:17.439 17542 17542 I SurfaceControl: assignNativeObject: nativeObject = 0 Surface(name=null)/@0x124b936 / android.view.SurfaceControl.readFromParcel:1117 android.view.IWindowSession$Stub$Proxy.relayout:1820 android.view.ViewRootImpl.relayoutWindow:9005 android.view.ViewRootImpl.performTraversals:3360 android.view.ViewRootImpl.doTraversal:2618 android.view.ViewRootImpl$TraversalRunnable.run:9971 android.view.Choreographer$CallbackRecord.run:1010 android.view.Choreographer.doCallbacks:809 android.view.Choreographer.doFrame:744 android.view.Choreographer$FrameDisplayEventReceiver.run:995
09-09 22:27:17.440 17542 17542 I SurfaceControl: nativeRelease nativeObject s[478592701888]
