09-09 22:27:27.637  7209  7209 I HBD     : h getDefaultInputRange : UNKNOWN
09-09 22:27:27.637  7209  7209 I HBD     : a currentState : 0
09-09 22:27:27.638  4593  4610 D InputDispatcher: Inject motion (17542): action=0x0, time=177529680000000, f=0x0, d=0
09-09 22:27:27.638  4593  4724 D InputDispatcher: pointer touchable region used!
09-09 22:27:27.638  4593  4724 W InputDispatcher: obscured by Splash Screen
09-09 22:27:27.639  4593  4724 I InputDispatcher: Delivering touch to (4897): action: 0x4, f=0x0, d=0, '8706a1 ', t=0
09-09 22:27:27.639  4593  4724 I InputDispatcher: Delivering touch to (17542): action: 0x0, f=0x1, d=0, '694f030', t=0
09-09 22:27:27.639 17542 17542 I ViewRootImpl@7b69d49[MainActivity]: ViewPostIme pointer 0
09-09 22:27:27.642  7209  7209 I HBD     : h load selected json info : {"version":"1.0","currentLanguageOrder":1,"selected":[{"activeOptionList":["auto_replace","auto_spacing"],"engName":"Russian","id":3342336,"inputType":"qwerty","isUsed":true},{"activeOptionList":["auto_replace","auto_spacing"],"engName":"English","id":65537,"inputType":"qwerty","isUsed":true}]}
09-09 22:27:27.643  7209  7209 I HBD     : a [UpdatePolicy] [post] a: 0 cl: 65537 kit: [0/0] vt: 0 ir: 1
09-09 22:27:27.643  4145  4151 E statsd  : Predicate -7037417284711607308 dropping data for dimension key (10)0x2010101->10586[I] (10)0x30000->*launch*[S]
09-09 22:27:27.643  4145  4151 E statsd  : Predicate 5980654721335871649 dropping data for dimension key (10)0x2010101->10586[I] (10)0x30000->*launch*[S]
09-09 22:27:27.643  7209  7209 I HBD     : HoneyBoardService [PF_OP][onStartInput]  13026461 ns
09-09 22:27:27.644  5400  5400 W RecentsAnimationDeviceState: isInSwipeUpTouchRegion = false
09-09 22:27:27.644  5400  5400 W TouchInteractionService: onInputEvent, inputConsumer = com.android.quickstep.-$$Lambda$InputConsumer$pgTpBxbssXPLgozwhOXQifnNImE@f3b9ba9
09-09 22:27:27.646  4593  4615 I SurfaceControl: nativeRelease nativeObject s[476408311744]
09-09 22:27:27.646  4593  4615 I SurfaceControl: nativeRelease nativeObject e[476408311744]
09-09 22:27:27.647  4593  4615 I SurfaceControl: nativeRelease nativeObject s[476505735296]
09-09 22:27:27.647  4593  4615 I SurfaceControl: nativeRelease nativeObject e[476505735296]
09-09 22:27:27.648  4229  5522 I Layer   : id=31693 removeFromCurrentState Splash Screen com.example.lunchtray#0 (96)
09-09 22:27:27.648  4593  4615 I SurfaceControl: nativeRelease nativeObject s[476406231584]
09-09 22:27:27.648  4593  4615 I SurfaceControl: nativeRelease nativeObject e[476406231584]
09-09 22:27:27.649  4593  4610 D SamsungIMMSHWKeyboard: isConnectedDexOnPC false
09-09 22:27:27.650 17542 17542 I SurfaceControl: nativeRelease nativeObject s[478744354816]
09-09 22:27:27.650 17542 17542 I SurfaceControl: nativeRelease nativeObject e[478744354816]
09-09 22:27:27.650 17542 17542 I SurfaceControl: nativeRelease nativeObject s[477087360832]
09-09 22:27:27.650 17542 17542 I SurfaceControl: nativeRelease nativeObject e[477087360832]
09-09 22:27:27.651  4229  4590 I Layer   : id=31692 removeFromCurrentState 1cfdc9 Splash Screen com.example.lunchtray#0 (96)
09-09 22:27:27.652  4229  4590 I Layer   : id=31701 removeFromCurrentState Surface(name=1cfdc9 Splash Screen com.example.lunchtray)/@0xb21e594 - animation-leash#0 (96)
09-09 22:27:27.652  4229  4590 I SurfaceFlinger: id=31692 Removed 1cfdc9 Splash Screen com.example.lunchtray#0 (96)
09-09 22:27:27.652  4229  4590 I SurfaceFlinger: id=31701 Removed Surface(name=1cfdc9 Splash Screen com.example.lunchtray)/@0xb21e594 - animation-leash#0 (96)
09-09 22:27:27.652  4229  4257 I SurfaceFlinger: id=31693 Removed Splash Screen com.example.lunchtray#0 (96)
09-09 22:27:27.655  4593  4610 D InputMethodManagerService: isImeSwitcherDisabledPackage : false
09-09 22:27:27.663  4229  4229 I Layer   : id=31701[1] Destroyed Surface(name=1cfdc9 Splash Screen com.example.lunchtray)/@0xb21e594 - animation-leash#0
09-09 22:27:27.663  4229  4229 I Layer   : id=31692[1] Destroyed 1cfdc9 Splash Screen com.example.lunchtray#0
09-09 22:27:27.664  4229  4229 I Layer   : id=31693[1] Destroyed Splash Screen com.example.lunchtray#0
09-09 22:27:27.670  4229  4229 D SurfaceFlinger: Display 0 HWC layers:
09-09 22:27:27.670  4229  4229 D SurfaceFlinger:      DEVICE | 0x73bd0b7040 | 0002 | RGBA_8888    |    0.0    0.0 1080.0 2340.0 |    0    0 1080 2340 | com.example.lunchtray/com.example.lunchtray.MainActivity$_17542#0
09-09 22:27:27.670  4229  4229 D SurfaceFlinger:      DEVICE | 0x73de415400 | 0000 | RGBA_8888    |    0.0    0.0 1080.0   83.0 |    0    0 1080   83 | StatusBar$_4897#0
09-09 22:27:27.670  4229  4229 D SurfaceFlinger:      DEVICE | 0x73bd0b6b40 | 0000 | RGBA_8888    |    0.0    0.0   67.0  342.0 |    0  761   67 1103 | com.samsung.android.app.cocktailbars[...]rservice.CocktailBarService$_10876#0
09-09 22:27:27.670  4229  4229 D SurfaceFlinger:      DEVICE | 0x7462431c00 | 0000 | RGBA_8888    |    0.0    0.0  388.0   39.0 |  692 2301 1080 2340 | SGestureOverlayWindow$_5400#0
09-09 22:27:27.670  4229  4229 D SurfaceFlinger:      DEVICE | 0x73de4166c0 | 0000 | RGBA_8888    |    0.0    0.0 1080.0  126.0 |    0 2214 1080 2340 | NavigationBar0$_4897#0
09-09 22:27:27.670  4229  4229 D SurfaceFlinger:      DEVICE | 0x73bd0b68c0 | 0000 | RGBA_8888    |    0.0    0.0 1080.0  151.0 |    0    0 1080  151 | ScreenDecorOverlay$_4897#0
09-09 22:27:27.670  4229  4229 D SurfaceFlinger:      DEVICE | 0x7462432d80 | 0000 | RGBA_8888    |    0.0    0.0 1080.0  151.0 |    0 2189 1080 2340 | ScreenDecorOverlayBottom$_4897#0
09-09 22:27:27.670  4229  4229 D SurfaceFlinger:
09-09 22:27:27.676  4593  4610 D InputDispatcher: Inject motion (17542): action=0x1, time=177529721000000, f=0x0, d=0
09-09 22:27:27.677  4593  4724 I InputDispatcher: Delivering touch to (17542): action: 0x1, f=0x1, d=0, '694f030', t=1
09-09 22:27:27.677  5400  5400 W TouchInteractionService: reset
09-09 22:27:27.677 17542 17542 I ViewRootImpl@7b69d49[MainActivity]: ViewPostIme pointer 1
09-09 22:27:27.691 17542 17542 D ScrollView: initGoToTop
09-09 22:27:27.761 13489 13542 I ISG_Wakeup_Verify: [KWD] Normal - scores: [0.0107, 0.0039, t(88420)], [0.0039, 0.0010, t(88424)], [0.0049, 0.0010, t(88428)], [0.0020, 0.0010, t(88432)], [0.0020, 0.0029, t(88436)], RMS: 4
09-09 22:27:27.773  4593  4610 V WindowManager: Relayout Window{694f030 u0 com.example.lunchtray/com.example.lunchtray.MainActivity}: viewVisibility=0 req=1080x2340
09-09 22:27:27.775  4593  4610 V WindowManager: Relayout hash=694f030, pid=17542: mAttrs={(0,0)(fillxfill) sim={adjust=resize} ty=BASE_APPLICATION wanim=0x1030304
09-09 22:27:27.775  4593  4610 V WindowManager:   fl=81810100
09-09 22:27:27.775  4593  4610 V WindowManager:   pfl=12020000
09-09 22:27:27.775  4593  4610 V WindowManager:   apr=LIGHT_NAVIGATION_BARS
09-09 22:27:27.775  4593  4610 V WindowManager:   fitSides= naviIconColor=0
09-09 22:27:27.775  4593  4610 V WindowManager:   sfl=100000}
09-09 22:27:27.776  4593  4610 I SurfaceControl: nativeRelease nativeObject s[478745187232]
09-09 22:27:27.776  4593  4610 I SurfaceControl: nativeRelease nativeObject e[478745187232]
09-09 22:27:27.777 17542 17542 I SurfaceControl: nativeRelease nativeObject s[478759812192]
09-09 22:27:27.777 17542 17542 I SurfaceControl: nativeRelease nativeObject e[478759812192]
09-09 22:27:27.777 17542 17542 I SurfaceControl: assignNativeObject: nativeObject = 0 Surface(name=null)/@0x721f126 / android.view.SurfaceControl.readFromParcel:1117 android.view.IWindowSession$Stub$Proxy.relayout:1820 android.view.ViewRootImpl.relayoutWindow:9005 android.view.ViewRootImpl.performTraversals:3360 android.view.ViewRootImpl.doTraversal:2618 android.view.ViewRootImpl$TraversalRunnable.run:9971 android.view.Choreographer$CallbackRecord.run:1010 android.view.Choreographer.doCallbacks:809 android.view.Choreographer.doFrame:744 android.view.Choreographer$FrameDisplayEventReceiver.run:995
09-09 22:27:27.778 17542 17542 I SurfaceControl: nativeRelease nativeObject s[478744356352]
09-09 22:27:27.778 17542 17542 I SurfaceControl: nativeRelease nativeObject e[478744356352]
09-09 22:27:27.778 17542 17542 I SurfaceControl: nativeRelease nativeObject s[478744356160]
09-09 22:27:27.778 17542 17542 I SurfaceControl: nativeRelease nativeObject e[478744356160]
09-09 22:27:27.778 17542 17542 I SurfaceControl: nativeRelease nativeObject s[478744355488]
09-09 22:27:27.778 17542 17542 I SurfaceControl: nativeRelease nativeObject e[478744355488]
09-09 22:27:27.778 17542 17542 I ViewRootImpl@7b69d49[MainActivity]: Relayout returned: old=(0,0,1080,2340) new=(0,0,1080,2340) req=(1080,2340)0 dur=6 res=0x1 s={true 478758539264} ch=false fn=12
09-09 22:27:27.780 17542 17542 D ScrollView:  onsize change changed
09-09 22:27:27.790  6776  6776 I GsaVoiceInteractionSrv: Handling ACTION_STOP_HOTWORD
09-09 22:27:27.820 10876 10876 I Utils   : isCurrentUser current = 0, ownerId = 0
09-09 22:27:27.821 10876 10876 I TrayVisibilityController: getComputedTrayVisible : keyguardState = 1
09-09 22:27:27.821 10876 10876 I TrayVisibilityController: updateTrayVisible: State=1 visible=1 mCurrentVisible=1 specificMode=0
09-09 22:27:27.821 10876 10876 I TrayStateController: onNotifyUpdateTray: 0 to need to visible? true
09-09 22:27:27.934  4897  5064 D NetworkController.SecMobileSignalController(0/5): onDataActivity: direction=3
09-09 22:27:27.934  4897  5064 D MobileSignalIconsSelector: getDataIconGroup(): connected=true,enabled=true,level=3,inetCondition=1,dataIconGroup=DataIconGroup(4G),activityIn=true,activityOut=true,lastModified=09-09 22:27:27.934,dataSim=true,networkName=HUMANS,networkNameData=HUMANS,dataConnected=true,roaming=false,isDefault=true,isEmergency=false,airplaneMode=false,carrierNetworkChangeMode=false,userSetup=true,defaultDataOff=false,cdmaEriIconIndex=-1,cdmaEriIconMode=-1,callState=0,voWifiConnected=false,shouldShowDisabledDataIcon=false,bluetoothTethered=false,isLTEFemtoCell=false,cardOperator=OTHERS,optionalRadioTech=0,isCAIndicator=false,isLimitedStateForCTCSlaveVoLTE=false,isSWRoaming=false,isMobileDataSettingEnabled=false,nwBoosterRilEnabled=false,nwBoosterSettingEnabled=false,emergencyModeActivated=false,ismmW5G=false,slotId=0,simState=LOADED, iconSet = [I@7015350
09-09 22:27:27.935  4897  4897 D StatusbarSignalPolicy: setMobileDataIndicators state = MobileIconState(subId=5, strengthId=2131233571, roaming=false, typeId=2131233365, visible=true, activityId=2131233456, roamingId=0, slotId=0)
09-09 22:27:27.956 13489 13542 I ISG_Wakeup_Verify: [KWD] Normal - scores: [0.0000, 0.0059, t(88440)], [0.0000, 0.0107, t(88444)], [0.0010, 0.0283, t(88448)], [0.0029, 0.0361, t(88452)], [0.0010, 0.0195, t(88456)], RMS: 0
09-09 22:27:28.016 17542 17542 I ViewInteraction: Performing 'single click' action on view view.getId() is <2131230844/com.example.lunchtray:id/cauliflower>
09-09 22:27:28.018  4593  4610 D InputDispatcher: Inject motion (17542): action=0x0, time=177530063000000, f=0x0, d=0
09-09 22:27:28.019  4593  4724 D InputDispatcher: pointer touchable region used!
09-09 22:27:28.019  4593  4724 I InputDispatcher: Delivering touch to (4897): action: 0x4, f=0x0, d=0, '8706a1 ', t=0
09-09 22:27:28.019  4593  4724 I InputDispatcher: Delivering touch to (17542): action: 0x0, f=0x0, d=0, '694f030', t=0
09-09 22:27:28.019 17542 17542 I ViewRootImpl@7b69d49[MainActivity]: ViewPostIme pointer 0
09-09 22:27:28.020  5400  5400 W RecentsAnimationDeviceState: isInSwipeUpTouchRegion = false
09-09 22:27:28.020  5400  5400 W TouchInteractionService: onInputEvent, inputConsumer = com.android.quickstep.-$$Lambda$InputConsumer$pgTpBxbssXPLgozwhOXQifnNImE@f3b9ba9
09-09 22:27:28.060  4593  4610 D InputDispatcher: Inject motion (17542): action=0x1, time=177530105000000, f=0x0, d=0
09-09 22:27:28.060  4593  4724 I InputDispatcher: Delivering touch to (17542): action: 0x1, f=0x0, d=0, '694f030', t=1
09-09 22:27:28.060 17542 17542 I ViewRootImpl@7b69d49[MainActivity]: ViewPostIme pointer 1
09-09 22:27:28.060  5400  5400 W TouchInteractionService: reset
09-09 22:27:28.135 13489 13635 I AsyncCachedReader: Ph_[increasing RB:, c.c.c.a.b[pos=26400640 lim=28320640 cap=1920000] inner::java.nio.HeapByteBuffer[pos=1440640 lim=1920000 cap=1920000]] [VF-ATP-3]
09-09 22:27:28.161 13489 13542 I ISG_Wakeup_Verify: [KWD] Normal - scores: [0.0039, 0.0020, t(88460)], [0.0010, 0.0039, t(88464)], [0.0039, 0.0000, t(88468)], [0.0020, 0.0000, t(88472)], [0.0000, 0.0000, t(88476)], RMS: 0
09-09 22:27:28.316 17542 17542 I ViewInteraction: Performing 'single click' action on view view.getId() is <2131231081/com.example.lunchtray:id/next_button>
09-09 22:27:28.319  4593  4610 D InputDispatcher: Inject motion (17542): action=0x0, time=177530363000000, f=0x0, d=0
09-09 22:27:28.319  4593  4724 D InputDispatcher: pointer touchable region used!
09-09 22:27:28.319  4593  4724 I InputDispatcher: Delivering touch to (4897): action: 0x4, f=0x0, d=0, '8706a1 ', t=0
09-09 22:27:28.319  4593  4724 I InputDispatcher: Delivering touch to (17542): action: 0x0, f=0x0, d=0, '694f030', t=0
09-09 22:27:28.320 17542 17542 I ViewRootImpl@7b69d49[MainActivity]: ViewPostIme pointer 0
09-09 22:27:28.320  5400  5400 W RecentsAnimationDeviceState: isInSwipeUpTouchRegion = false
09-09 22:27:28.320  5400  5400 W TouchInteractionService: onInputEvent, inputConsumer = com.android.quickstep.-$$Lambda$InputConsumer$pgTpBxbssXPLgozwhOXQifnNImE@f3b9ba9
09-09 22:27:28.333  4593  4838 D SemWifiApTrafficPoller: received START_TRAFFIC_CHECK
09-09 22:27:28.362 13489 13542 I ISG_Wakeup_Verify: [KWD] Normal - scores: [0.0000, 0.0000, t(88480)], [0.0000, 0.0000, t(88484)], [0.0049, 0.0000, t(88488)], [0.0000, 0.0000, t(88492)], [0.0000, 0.0000, t(88496)], RMS: 0
09-09 22:27:28.367  4593  4610 D InputDispatcher: Inject motion (17542): action=0x1, time=177530411000000, f=0x0, d=0
09-09 22:27:28.367  4593  4724 I InputDispatcher: Delivering touch to (17542): action: 0x1, f=0x0, d=0, '694f030', t=1
09-09 22:27:28.367  5400  5400 W TouchInteractionService: reset
09-09 22:27:28.367 17542 17542 I ViewRootImpl@7b69d49[MainActivity]: ViewPostIme pointer 1
09-09 22:27:28.380  4179 17820 I HYPER-HAL: [ResourceManager.cpp]removeResource(): [CPUMinFreq] RemoveResource Request ID : 10632984
09-09 22:27:28.381  4179 17820 I HYPER-HAL: [RequestManager.cpp]releaseLocked(): Released ID : 10632984
09-09 22:27:28.391 17542 17542 D ScrollView: initGoToTop
09-09 22:27:28.465 17542 17542 D ScrollView:  onsize change changed
09-09 22:27:28.561 13489 13542 I ISG_Wakeup_Verify: [KWD] Normal - scores: [0.0000, 0.0010, t(88500)], [0.0020, 0.0029, t(88504)], [0.0000, 0.0010, t(88508)], [0.0000, 0.0020, t(88512)], [0.0010, 0.0020, t(88516)], RMS: 0
09-09 22:27:28.701 17542 17542 I ViewInteraction: Performing 'single click' action on view view.getId() is <2131231138/com.example.lunchtray:id/salad>
09-09 22:27:28.703  4593  4610 D InputDispatcher: Inject motion (17542): action=0x0, time=177530747000000, f=0x0, d=0
09-09 22:27:28.703  4593  4724 D InputDispatcher: pointer touchable region used!
09-09 22:27:28.703  4593  4724 I InputDispatcher: Delivering touch to (4897): action: 0x4, f=0x0, d=0, '8706a1 ', t=0
09-09 22:27:28.703  4593  4724 I InputDispatcher: Delivering touch to (17542): action: 0x0, f=0x0, d=0, '694f030', t=0
09-09 22:27:28.704 17542 17542 I ViewRootImpl@7b69d49[MainActivity]: ViewPostIme pointer 0
09-09 22:27:28.704  5400  5400 W RecentsAnimationDeviceState: isInSwipeUpTouchRegion = false
09-09 22:27:28.704  5400  5400 W TouchInteractionService: onInputEvent, inputConsumer = com.android.quickstep.-$$Lambda$InputConsumer$pgTpBxbssXPLgozwhOXQifnNImE@f3b9ba9
09-09 22:27:28.708  4897  5064 D NetworkController.SecMobileSignalController(0/5): onSignalStrengthsChanged level=4
09-09 22:27:28.709  4897  5064 D MobileSignalIconsSelector: getDataIconGroup(): 13
09-09 22:27:28.744  4593  4610 D InputDispatcher: Inject motion (17542): action=0x1, time=177530789000000, f=0x0, d=0
09-09 22:27:28.744  4593  4724 I InputDispatcher: Delivering touch to (17542): action: 0x1, f=0x0, d=0, '694f030', t=1
09-09 22:27:28.744 17542 17542 I ViewRootImpl@7b69d49[MainActivity]: ViewPostIme pointer 1
09-09 22:27:28.744  5400  5400 W TouchInteractionService: reset
09-09 22:27:28.758 13489 13542 I ISG_Wakeup_Verify: [KWD] Normal - scores: [0.0010, 0.0000, t(88520)], [0.0000, 0.0010, t(88524)], [0.0020, 0.0010, t(88528)], [0.0078, 0.0010, t(88532)], [0.0059, 0.0020, t(88536)], RMS: 1
09-09 22:27:28.961 13489 13542 I ISG_Wakeup_Verify: [KWD] Normal - scores: [0.0049, 0.0068, t(88540)], [0.0029, 0.0127, t(88544)], [0.0020, 0.0215, t(88548)], [0.0010, 0.0840, t(88552)], [0.0010, 0.1172, t(88556)], RMS: 0
09-09 22:27:28.967  4897  5064 D NetworkController.SecMobileSignalController(0/5): onDataActivity: direction=0
09-09 22:27:28.968  4897  5064 D MobileSignalIconsSelector: getDataIconGroup(): connected=true,enabled=true,level=3,inetCondition=1,dataIconGroup=DataIconGroup(4G),activityIn=false,activityOut=false,lastModified=09-09 22:27:28.967,dataSim=true,networkName=HUMANS,networkNameData=HUMANS,dataConnected=true,roaming=false,isDefault=true,isEmergency=false,airplaneMode=false,carrierNetworkChangeMode=false,userSetup=true,defaultDataOff=false,cdmaEriIconIndex=-1,cdmaEriIconMode=-1,callState=0,voWifiConnected=false,shouldShowDisabledDataIcon=false,bluetoothTethered=false,isLTEFemtoCell=false,cardOperator=OTHERS,optionalRadioTech=0,isCAIndicator=false,isLimitedStateForCTCSlaveVoLTE=false,isSWRoaming=false,isMobileDataSettingEnabled=false,nwBoosterRilEnabled=false,nwBoosterSettingEnabled=false,emergencyModeActivated=false,ismmW5G=false,slotId=0,simState=LOADED, iconSet = [I@7015350
09-09 22:27:28.968  4897  4897 D StatusbarSignalPolicy: setMobileDataIndicators state = MobileIconState(subId=5, strengthId=2131233571, roaming=false, typeId=2131233365, visible=true, activityId=2131233449, roamingId=0, slotId=0)
09-09 22:27:29.001 17542 17542 I ViewInteraction: Performing 'single click' action on view view.getId() is <2131231081/com.example.lunchtray:id/next_button>
09-09 22:27:29.004  4593  4610 D InputDispatcher: Inject motion (17542): action=0x0, time=177531048000000, f=0x0, d=0
09-09 22:27:29.004  4593  4724 D InputDispatcher: pointer touchable region used!
09-09 22:27:29.004  4593  4724 I InputDispatcher: Delivering touch to (4897): action: 0x4, f=0x0, d=0, '8706a1 ', t=0
09-09 22:27:29.005  4593  4724 I InputDispatcher: Delivering touch to (17542): action: 0x0, f=0x0, d=0, '694f030', t=0
09-09 22:27:29.005  5400  5400 W RecentsAnimationDeviceState: isInSwipeUpTouchRegion = false
09-09 22:27:29.005  5400  5400 W TouchInteractionService: onInputEvent, inputConsumer = com.android.quickstep.-$$Lambda$InputConsumer$pgTpBxbssXPLgozwhOXQifnNImE@f3b9ba9
09-09 22:27:29.005 17542 17542 I ViewRootImpl@7b69d49[MainActivity]: ViewPostIme pointer 0
09-09 22:27:29.043  4593  4610 D InputDispatcher: Inject motion (17542): action=0x1, time=177531088000000, f=0x0, d=0
09-09 22:27:29.043  4593  4724 I InputDispatcher: Delivering touch to (17542): action: 0x1, f=0x0, d=0, '694f030', t=1
09-09 22:27:29.044  5400  5400 W TouchInteractionService: reset
09-09 22:27:29.044 17542 17542 I ViewRootImpl@7b69d49[MainActivity]: ViewPostIme pointer 1
09-09 22:27:29.060 17542 17542 D ScrollView: initGoToTop
09-09 22:27:29.139 17542 17542 D ScrollView:  onsize change changed
09-09 22:27:29.158 13489 13542 I ISG_Wakeup_Verify: [KWD] Normal - scores: [0.0029, 0.0371, t(88560)], [0.0010, 0.0010, t(88564)], [0.0000, 0.0000, t(88568)], [0.0020, 0.0010, t(88572)], [0.0010, 0.0000, t(88576)], RMS: 0
09-09 22:27:29.280  4179 17817 I HYPER-HAL: [ResourceManager.cpp]removeResource(): [CPUMinFreq] RemoveResource Request ID : 10623761
09-09 22:27:29.281  4179 17817 I HYPER-HAL: [RequestManager.cpp]releaseLocked(): Released ID : 10623761
09-09 22:27:29.327  4147  4273 E Netd    : getNetworkForDns: getNetId from enterpriseCtrl is netid 0
09-09 22:27:29.361 13489 13542 I ISG_Wakeup_Verify: [KWD] Normal - scores: [0.0010, 0.0000, t(88580)], [0.0029, 0.0010, t(88584)], [0.0020, 0.0000, t(88588)], [0.0010, 0.0000, t(88592)], [0.0000, 0.0010, t(88596)], RMS: 0
09-09 22:27:29.376 17542 17542 I ViewInteraction: Performing 'single click' action on view view.getId() is <2131230835/com.example.lunchtray:id/bread>
09-09 22:27:29.379  4593  4610 D InputDispatcher: Inject motion (17542): action=0x0, time=177531423000000, f=0x0, d=0
09-09 22:27:29.379  4593  4724 D InputDispatcher: pointer touchable region used!
09-09 22:27:29.379  4593  4724 I InputDispatcher: Delivering touch to (4897): action: 0x4, f=0x0, d=0, '8706a1 ', t=0
09-09 22:27:29.380  4593  4724 I InputDispatcher: Delivering touch to (17542): action: 0x0, f=0x0, d=0, '694f030', t=0
09-09 22:27:29.380 17542 17542 I ViewRootImpl@7b69d49[MainActivity]: ViewPostIme pointer 0
09-09 22:27:29.382  5400  5400 W RecentsAnimationDeviceState: isInSwipeUpTouchRegion = false
09-09 22:27:29.382  5400  5400 W TouchInteractionService: onInputEvent, inputConsumer = com.android.quickstep.-$$Lambda$InputConsumer$pgTpBxbssXPLgozwhOXQifnNImE@f3b9ba9
09-09 22:27:29.421  4593  4610 D InputDispatcher: Inject motion (17542): action=0x1, time=177531465000000, f=0x0, d=0
09-09 22:27:29.422  4593  4724 I InputDispatcher: Delivering touch to (17542): action: 0x1, f=0x0, d=0, '694f030', t=1
09-09 22:27:29.423  5400  5400 W TouchInteractionService: reset
09-09 22:27:29.423 17542 17542 I ViewRootImpl@7b69d49[MainActivity]: ViewPostIme pointer 1
09-09 22:27:29.560 13489 13542 I ISG_Wakeup_Verify: [KWD] Normal - scores: [0.0010, 0.0000, t(88600)], [0.0000, 0.0000, t(88604)], [0.0000, 0.0000, t(88608)], [0.0010, 0.0000, t(88612)], [0.0000, 0.0000, t(88616)], RMS: 0
09-09 22:27:29.692 17542 17542 I ViewInteraction: Performing 'single click' action on view view.getId() is <2131231081/com.example.lunchtray:id/next_button>
09-09 22:27:29.696  4593  4610 D InputDispatcher: Inject motion (17542): action=0x0, time=177531740000000, f=0x0, d=0
09-09 22:27:29.697  4593  4724 D InputDispatcher: pointer touchable region used!
09-09 22:27:29.697  4593  4724 I InputDispatcher: Delivering touch to (4897): action: 0x4, f=0x0, d=0, '8706a1 ', t=0
09-09 22:27:29.697  4593  4724 I InputDispatcher: Delivering touch to (17542): action: 0x0, f=0x0, d=0, '694f030', t=0
09-09 22:27:29.698 17542 17542 I ViewRootImpl@7b69d49[MainActivity]: ViewPostIme pointer 0
09-09 22:27:29.700  5400  5400 W RecentsAnimationDeviceState: isInSwipeUpTouchRegion = false
09-09 22:27:29.700  5400  5400 W TouchInteractionService: onInputEvent, inputConsumer = com.android.quickstep.-$$Lambda$InputConsumer$pgTpBxbssXPLgozwhOXQifnNImE@f3b9ba9
09-09 22:27:29.740  4593  4610 D InputDispatcher: Inject motion (17542): action=0x1, time=177531783000000, f=0x0, d=0
09-09 22:27:29.741  4593  4724 I InputDispatcher: Delivering touch to (17542): action: 0x1, f=0x0, d=0, '694f030', t=1
09-09 22:27:29.742 17542 17542 I ViewRootImpl@7b69d49[MainActivity]: ViewPostIme pointer 1
09-09 22:27:29.744  5400  5400 W TouchInteractionService: reset
09-09 22:27:29.761 13489 13542 I ISG_Wakeup_Verify: [KWD] Normal - scores: [0.0010, 0.0020, t(88620)], [0.0000, 0.0000, t(88624)], [0.0029, 0.0000, t(88628)], [0.0059, 0.0049, t(88632)], [0.0098, 0.0459, t(88636)], RMS: 14
09-09 22:27:29.780 17542 17542 D ScrollView: initGoToTop
09-09 22:27:29.844 17542 17542 D ScrollView:  onsize change changed
09-09 22:27:29.956 13489 13542 I ISG_Wakeup_Verify: [KWD] Normal - scores: [0.0010, 0.0010, t(88640)], [0.0020, 0.0244, t(88644)], [0.0293, 0.0771, t(88648)], [0.0459, 0.3418, t(88652)], [0.0020, 0.2344, t(88656)], RMS: 19
09-09 22:27:30.022  4897  5064 D NetworkController.SecMobileSignalController(0/5): onDataActivity: direction=3
09-09 22:27:30.023  4897  5064 D MobileSignalIconsSelector: getDataIconGroup(): connected=true,enabled=true,level=3,inetCondition=1,dataIconGroup=DataIconGroup(4G),activityIn=true,activityOut=true,lastModified=09-09 22:27:30.023,dataSim=true,networkName=HUMANS,networkNameData=HUMANS,dataConnected=true,roaming=false,isDefault=true,isEmergency=false,airplaneMode=false,carrierNetworkChangeMode=false,userSetup=true,defaultDataOff=false,cdmaEriIconIndex=-1,cdmaEriIconMode=-1,callState=0,voWifiConnected=false,shouldShowDisabledDataIcon=false,bluetoothTethered=false,isLTEFemtoCell=false,cardOperator=OTHERS,optionalRadioTech=0,isCAIndicator=false,isLimitedStateForCTCSlaveVoLTE=false,isSWRoaming=false,isMobileDataSettingEnabled=false,nwBoosterRilEnabled=false,nwBoosterSettingEnabled=false,emergencyModeActivated=false,ismmW5G=false,slotId=0,simState=LOADED, iconSet = [I@7015350
09-09 22:27:30.024  4897  4897 D StatusbarSignalPolicy: setMobileDataIndicators state = MobileIconState(subId=5, strengthId=2131233571, roaming=false, typeId=2131233365, visible=true, activityId=2131233456, roamingId=0, slotId=0)
09-09 22:27:30.082 17542 17542 I ViewInteraction: Performing 'single click' action on view view.getId() is <2131231216/com.example.lunchtray:id/submit_button>
09-09 22:27:30.086  4593  4610 D InputDispatcher: Inject motion (17542): action=0x0, time=177532129000000, f=0x0, d=0
09-09 22:27:30.086  4593  4724 D InputDispatcher: pointer touchable region used!
09-09 22:27:30.086  4593  4724 I InputDispatcher: Delivering touch to (4897): action: 0x4, f=0x0, d=0, '8706a1 ', t=0
09-09 22:27:30.087  4593  4724 I InputDispatcher: Delivering touch to (17542): action: 0x0, f=0x0, d=0, '694f030', t=0
09-09 22:27:30.087 17542 17542 I ViewRootImpl@7b69d49[MainActivity]: ViewPostIme pointer 0
09-09 22:27:30.088  5400  5400 W RecentsAnimationDeviceState: isInSwipeUpTouchRegion = false
09-09 22:27:30.088  5400  5400 W TouchInteractionService: onInputEvent, inputConsumer = com.android.quickstep.-$$Lambda$InputConsumer$pgTpBxbssXPLgozwhOXQifnNImE@f3b9ba9
09-09 22:27:30.127  4593  4610 D InputDispatcher: Inject motion (17542): action=0x1, time=177532171000000, f=0x0, d=0
09-09 22:27:30.128  4593  4724 I InputDispatcher: Delivering touch to (17542): action: 0x1, f=0x0, d=0, '694f030', t=1
09-09 22:27:30.129 17542 17542 I ViewRootImpl@7b69d49[MainActivity]: ViewPostIme pointer 1
09-09 22:27:30.129  5400  5400 W TouchInteractionService: reset
09-09 22:27:30.171 17542 17542 I FragmentNavigator: FragmentManager cannot save the state of the initial destination androidx.navigation.NavBackStackEntry@3d69a5c9
09-09 22:27:30.179 13489 13542 I ISG_Wakeup_Verify: [KWD] Normal - scores: [0.0010, 0.1875, t(88660)], [0.0000, 0.3672, t(88664)], [0.0010, 0.1240, t(88668)], [0.0029, 0.0176, t(88672)], [0.0049, 0.2314, t(88676)], RMS: 6
09-09 22:27:30.212  4593  4610 V WindowManager: Relayout Window{694f030 u0 com.example.lunchtray/com.example.lunchtray.MainActivity}: viewVisibility=0 req=1080x2340
09-09 22:27:30.219  4593  4610 V WindowManager: Relayout hash=694f030, pid=17542: mAttrs={(0,0)(fillxfill) sim={adjust=pan} ty=BASE_APPLICATION wanim=0x1030304
09-09 22:27:30.219  4593  4610 V WindowManager:   fl=81810100
09-09 22:27:30.219  4593  4610 V WindowManager:   pfl=12020000
09-09 22:27:30.219  4593  4610 V WindowManager:   apr=LIGHT_NAVIGATION_BARS
09-09 22:27:30.219  4593  4610 V WindowManager:   fitSides= naviIconColor=0
09-09 22:27:30.219  4593  4610 V WindowManager:   sfl=100000}
09-09 22:27:30.219  4593  4610 I SurfaceControl: nativeRelease nativeObject s[478745187232]
09-09 22:27:30.219  4593  4610 I SurfaceControl: nativeRelease nativeObject e[478745187232]
09-09 22:27:30.221 17542 17542 I SurfaceControl: nativeRelease nativeObject s[477087360832]
09-09 22:27:30.222 17542 17542 I SurfaceControl: nativeRelease nativeObject e[477087360832]
09-09 22:27:30.222 17542 17542 I SurfaceControl: assignNativeObject: nativeObject = 0 Surface(name=null)/@0x721f126 / android.view.SurfaceControl.readFromParcel:1117 android.view.IWindowSession$Stub$Proxy.relayout:1820 android.view.ViewRootImpl.relayoutWindow:9005 android.view.ViewRootImpl.performTraversals:3360 android.view.ViewRootImpl.doTraversal:2618 android.view.ViewRootImpl$TraversalRunnable.run:9971 android.view.Choreographer$CallbackRecord.run:1010 android.view.Choreographer.doCallbacks:809 android.view.Choreographer.doFrame:744 android.view.Choreographer$FrameDisplayEventReceiver.run:995
09-09 22:27:30.224 17542 17542 I SurfaceControl: nativeRelease nativeObject s[478759809120]
09-09 22:27:30.224 17542 17542 I SurfaceControl: nativeRelease nativeObject e[478759809120]
09-09 22:27:30.224 17542 17542 I SurfaceControl: nativeRelease nativeObject s[478744354816]
09-09 22:27:30.224 17542 17542 I SurfaceControl: nativeRelease nativeObject e[478744354816]
09-09 22:27:30.224 17542 17542 I SurfaceControl: nativeRelease nativeObject s[478759812192]
09-09 22:27:30.224 17542 17542 I SurfaceControl: nativeRelease nativeObject e[478759812192]
09-09 22:27:30.224 17542 17542 I ViewRootImpl@7b69d49[MainActivity]: Relayout returned: old=(0,0,1080,2340) new=(0,0,1080,2340) req=(1080,2340)0 dur=11 res=0x1 s={true 478758539264} ch=false fn=97
09-09 22:27:30.360 13489 13542 I ISG_Wakeup_Verify: [KWD] Normal - scores: [0.0029, 0.5420, t(88680)], [0.0029, 0.6338, t(88684)], [0.0010, 0.4316, t(88688)], [0.0010, 0.3955, t(88692)], [0.0000, 0.2207, t(88696)], RMS: 1
09-09 22:27:30.465 17542 17542 I ViewInteraction: Checking 'MatchesViewAssertion{viewMatcher=(view has effective visibility <VISIBLE> and view.getGlobalVisibleRect() to return non-empty rectangle)}' assertion on view an instance of android.widget.TextView and view.getText() with or without transformation to match: a string containing "Order Submitted!"
09-09 22:27:30.467 17542 17582 I TestRunner: finished: order_snackbar(com.example.lunchtray.OrderFunctionalityTests)
