09-09 22:27:05.204  4229  4229 D SurfaceFlinger:
09-09 22:27:05.210 17609 17609 I [AUTHFW][PASS]AuthFwApp:  onCreate
09-09 22:27:05.297 17609 17609 W [AUTHFW][TZ]AbstractTzApp: e. not supported chipset
09-09 22:27:05.300 17609 17609 I [AUTHFW][TZ]TzAppAsset: AFD
09-09 22:27:05.303 17609 17609 I [AUTHFW][TZ]TzAppAsset: Found
09-09 22:27:05.304 17609 17609 I [AUTHFW][TZ]TzApp: Start using TzAppAsset as TzApp
09-09 22:27:05.310 17609 17609 I [AUTHFW][TZ]TzAppAsset: AFD
09-09 22:27:05.336 17542 17542 I ample.lunchtra: Waiting for a blocking GC ClassLinker
09-09 22:27:05.344 17542 17542 I ample.lunchtra: WaitForGcToComplete blocked ClassLinker on ClassLinker for 7.968ms
09-09 22:27:05.361 13489 13542 I ISG_Wakeup_Verify: [KWD] Normal - scores: [0.0020, 0.0010, t(86180)], [0.0010, 0.0010, t(86184)], [0.0010, 0.0010, t(86188)], [0.0000, 0.0010, t(86192)], [0.0000, 0.0010, t(86196)], RMS: 1
09-09 22:27:05.381 17542 17542 D LifecycleMonitor: Lifecycle status change: androidx.test.core.app.InstrumentationActivityInvoker$BootstrapActivity@2129bfa in: STOPPED
09-09 22:27:05.382 17542 17542 V ActivityScenario: Activity lifecycle changed event received but ignored because the intent does not match. startActivityIntent=Intent { act=android.intent.action.MAIN cat=[android.intent.category.LAUNCHER] cmp=com.example.lunchtray/androidx.fragment.app.testing.FragmentScenario$EmptyFragmentActivity (has extras) }, activity.getIntent()=Intent { act=android.intent.action.MAIN cat=[android.intent.category.LAUNCHER] flg=0x10008000 cmp=com.example.lunchtray/androidx.test.core.app.InstrumentationActivityInvoker$BootstrapActivity (has extras) }, activity=androidx.test.core.app.InstrumentationActivityInvoker$BootstrapActivity@2129bfa
09-09 22:27:05.409 31824 21135 V APM_AudioPolicyManager: setAppState(portId:1454, state:1)
09-09 22:27:05.409 31824 21135 V APM_AudioPolicyManager: setAppState(portId:1456, state:2)
09-09 22:27:05.413 11403 11679 I FontLog : Received query Noto Color Emoji Compat, URI content://com.google.android.gms.fonts [CONTEXT service_id=132 ]
09-09 22:27:05.414 11403 11679 I FontLog : Query [emojicompat-emoji-font] resolved to {Noto Color Emoji Compat, wdth 100.0, wght 400, ital 0.0, bestEffort false} [CONTEXT service_id=132 ]
09-09 22:27:05.419 17542 17582 D EventInjectionStrategy: Creating injection strategy with input manager.
09-09 22:27:05.421 17542 17582 W ample.lunchtra: Accessing hidden method Landroid/hardware/input/InputManager;->getInstance()Landroid/hardware/input/InputManager; (greylist, reflection, allowed)
09-09 22:27:05.422 17542 17582 W ample.lunchtra: Accessing hidden method Landroid/hardware/input/InputManager;->injectInputEvent(Landroid/view/InputEvent;I)Z (greylist, reflection, allowed)
09-09 22:27:05.422 17542 17582 W ample.lunchtra: Accessing hidden field Landroid/hardware/input/InputManager;->INJECT_INPUT_EVENT_MODE_WAIT_FOR_FINISH:I (greylist, reflection, allowed)
09-09 22:27:05.427 11403 11679 I FontLog : Fetch {Noto Color Emoji Compat, wdth 100.0, wght 400, ital 0.0, bestEffort false} end status Status{statusCode=SUCCESS, resolution=null} [CONTEXT service_id=132 ]
09-09 22:27:05.437  4593  7734 V WindowManager: Relayout Window{9d2d517 u0 com.example.lunchtray/androidx.fragment.app.testing.FragmentScenario$EmptyFragmentActivity}: viewVisibility=0 req=1080x2340
09-09 22:27:05.439  4593  7118 I tlcFidoAuthnr: process start.
09-09 22:27:05.439  4593  7118 I tlcFidoAuthnr: process start. state:1
09-09 22:27:05.439  4593  7118 I tlcFidoAuthnr: processPass start. state:2
09-09 22:27:05.440  4593  7734 V WindowManager: Relayout hash=9d2d517, pid=17542: mAttrs={(0,0)(fillxfill) sim={adjust=resize forwardNavigation} ty=BASE_APPLICATION wanim=0x1030304
09-09 22:27:05.440  4593  7734 V WindowManager:   fl=81810100
09-09 22:27:05.440  4593  7734 V WindowManager:   pfl=12020000
09-09 22:27:05.440  4593  7734 V WindowManager:   apr=LIGHT_NAVIGATION_BARS
09-09 22:27:05.440  4593  7734 V WindowManager:   fitSides= naviIconColor=0
09-09 22:27:05.440  4593  7734 V WindowManager:   sfl=100000}
09-09 22:27:05.441  4593  7734 I SurfaceControl: nativeRelease nativeObject s[476488889280]
09-09 22:27:05.441  4593  7734 I SurfaceControl: nativeRelease nativeObject e[476488889280]
09-09 22:27:05.444 11403 11679 I FontLog : Pulling font file for id = 12, cache size = 10 [CONTEXT service_id=132 ]
09-09 22:27:05.444 17542 17542 I SurfaceControl: nativeRelease nativeObject s[478590746688]
09-09 22:27:05.444 17542 17542 I SurfaceControl: nativeRelease nativeObject e[478590746688]
09-09 22:27:05.445  4593  7118 I tlcFidoAuthnr: terminateFido start.
09-09 22:27:05.445  4593  7118 I tlcFidoAuthnr: terminateFido start. state:1
09-09 22:27:05.445 17542 17542 I SurfaceControl: assignNativeObject: nativeObject = 0 Surface(name=null)/@0x8fe7962 / android.view.SurfaceControl.readFromParcel:1117 android.view.IWindowSession$Stub$Proxy.relayout:1820 android.view.ViewRootImpl.relayoutWindow:9005 android.view.ViewRootImpl.performTraversals:3360 android.view.ViewRootImpl.doTraversal:2618 android.view.ViewRootImpl$TraversalRunnable.run:9971 android.view.Choreographer$CallbackRecord.run:1010 android.view.Choreographer.doCallbacks:809 android.view.Choreographer.doFrame:744 android.view.Choreographer$FrameDisplayEventReceiver.run:995
09-09 22:27:05.447 17542 17542 I SurfaceControl: nativeRelease nativeObject s[481289013664]
09-09 22:27:05.447 17542 17542 I SurfaceControl: nativeRelease nativeObject e[481289013664]
09-09 22:27:05.447 17542 17542 I SurfaceControl: nativeRelease nativeObject s[481289013568]
09-09 22:27:05.447 17542 17542 I SurfaceControl: nativeRelease nativeObject e[481289013568]
09-09 22:27:05.447 17542 17542 I ViewRootImpl@5e48744[FragmentScenario$EmptyFragmentActivity]: Relayout returned: old=(0,0,1080,2340) new=(0,0,1080,2340) req=(1080,2340)0 dur=9 res=0x1 s={true 478592045056} ch=false fn=2
09-09 22:27:05.448 17609 17609 I [AUTHFW][TZ]TzApp: TAD - Use assets
09-09 22:27:05.450 17542 17542 D ScrollView:  onsize change changed
09-09 22:27:05.451 17609 17609 I [PASS][SDK]SamsungPassService: initialize()
09-09 22:27:05.459 17609 17609 I [PASS][SDK]h: bind
09-09 22:27:05.460 17609 17644 I [AUTHFW][TZ]TzUtil: idt start
09-09 22:27:05.461 17609 17644 I [AUTHFW][TZ]TzAppAsset: AFD
09-09 22:27:05.462 11403 11679 I FontLog : Pulling font file for id = 12, cache size = 10 [CONTEXT service_id=132 ]
09-09 22:27:05.463 17542 17542 I ViewRootImpl@5e48744[FragmentScenario$EmptyFragmentActivity]: MSG_WINDOW_FOCUS_CHANGED 1 1
09-09 22:27:05.464 17542 17542 D InputMethodManager: prepareNavigationBarInfo() DecorView@83e68b9[FragmentScenario$EmptyFragmentActivity]
09-09 22:27:05.464 17542 17542 D InputMethodManager: getNavigationBarColor() -855310
09-09 22:27:05.466 17542 17542 D InputMethodManager: prepareNavigationBarInfo() DecorView@83e68b9[FragmentScenario$EmptyFragmentActivity]
09-09 22:27:05.466 17542 17542 D InputMethodManager: getNavigationBarColor() -855310
09-09 22:27:05.467 17542 17542 V InputMethodManager: Starting input: tba=com.example.lunchtray ic=null mNaviBarColor -855310 mIsGetNaviBarColorSuccess true , NavVisible : true , NavTrans : false
09-09 22:27:05.467 17542 17542 D InputMethodManager: startInputInner - Id : 0
09-09 22:27:05.467 17542 17542 I InputMethodManager: startInputInner - mService.startInputOrWindowGainedFocus
09-09 22:27:05.469  4593  7731 D InputMethodManagerService: mSecureKeypadEnabled = false
09-09 22:27:05.469  4593  7731 V InputMethodManagerService: hideCurrentInputLocked : shouldHideSoftInput is false
09-09 22:27:05.470  4593  7731 D InputMethodManagerService: mDesktopModeManager null!
09-09 22:27:05.470  4593  7731 V InputMethodManagerService: getDisplayIdOfInputMethodWindowToBeAdded : 0
09-09 22:27:05.470  4593  7731 D SamsungIMMSHWKeyboard: isConnectedDexOnPC false
09-09 22:27:05.470  4593  7731 D InputMethodManagerService: isImeSwitcherDisabledPackage : false
09-09 22:27:05.471  4593  7731 D InputTransport: Input channel constructed: 'ClientS', fd=754
09-09 22:27:05.471  4593  7731 D InputTransport: Input channel constructed: 'ClientS', fd=773
09-09 22:27:05.472  4593  7731 D InputTransport: Input channel destroyed: 'ClientS', fd=773
09-09 22:27:05.477  4593  6902 D InputMethodManagerService: checkDisplayOfStartInputAndUpdateKeyboard display Id 0last 0
09-09 22:27:05.477  4593  6902 D InputTransport: Input channel constructed: 'ClientS', fd=776
09-09 22:27:05.477  4593  6902 D InputTransport: Input channel destroyed: 'ClientS', fd=776
09-09 22:27:05.478 17542 17570 D InputTransport: Input channel constructed: 'ClientS', fd=93
09-09 22:27:05.482 31824 21135 V APM_AudioPolicyManager: setAppState(portId:1454, state:1)
09-09 22:27:05.482 31824 21135 V APM_AudioPolicyManager: setAppState(portId:1456, state:2)
09-09 22:27:05.482 17609 17609 I [AUTHFW][PASS]PassService: personaId : 0
09-09 22:27:05.482 31824 21135 V APM_AudioPolicyManager: setAppState(portId:1454, state:1)
09-09 22:27:05.482 31824 21135 V APM_AudioPolicyManager: setAppState(portId:1456, state:2)
09-09 22:27:05.483 31824 21135 V APM_AudioPolicyManager: setAppState(portId:1454, state:1)
09-09 22:27:05.483 31824 21135 V APM_AudioPolicyManager: setAppState(portId:1456, state:2)
09-09 22:27:05.485  3931  4199 I servicemanager: Adding 'u:r:platform_app:s0:c512,c768' service (com.samsung.android.pass.IPassService:17609)
09-09 22:27:05.487  4593  7118 I SurfaceControl: nativeRelease nativeObject s[478745186944]
09-09 22:27:05.487  4593  7118 I SurfaceControl: nativeRelease nativeObject e[478745186944]
09-09 22:27:05.490  4229  4590 I SurfaceFlinger: id=31375 createSurf (0x0),-1 flag=24004, Surface(name=cd0e9cf InputMethod)/@0x5308265 - animation-leash#1
09-09 22:27:05.499  7209  7209 I HBD     : HoneyBoardService onFinishInput
09-09 22:27:05.500  7209  7209 I HBD     : a IC have been unbinded,  InputConnectionWrapper{idHash=#66a6956 mMissingMethods=}
09-09 22:27:05.500  7209  7209 I HBD     : HoneyBoardService [PF_CL][onFinishInput]  802577 ns
09-09 22:27:05.500  4229  4257 I Layer   : id=31360 removeFromCurrentState Surface(name=cd0e9cf InputMethod)/@0x5308265 - animation-leash#0 (80)
09-09 22:27:05.500  7209  7209 I HBD     : HoneyBoardService [IMI] onStartInput - caller pid : 17542 , caller uid : 10586
09-09 22:27:05.500  7209  7209 I HBD     : i updateConfigs
09-09 22:27:05.501  7209  7209 I HBD     : i isEnabledNightMode : false
09-09 22:27:05.501  7209  7209 I HBD     : a IC have been binded, InputConnectionWrapper{idHash=#d4b06c4 mMissingMethods=}
09-09 22:27:05.501  7209  7209 I HBD     : h [EditorInputType]setPrivateImeOptionsToTable privateImeOptions ( null )
09-09 22:27:05.502  7209  7209 I HBD     : b incognitoMode : false
09-09 22:27:05.502  7209  7209 I HBD     : a needOff = true , isForceOff = false, isNullInputClass : true
09-09 22:27:05.502  7209  7209 I HBD     : h getDefaultInputRange : UNKNOWN
09-09 22:27:05.503  7209  7209 I HBD     : h getDefaultInputRange : UNKNOWN
09-09 22:27:05.503  7209  7209 I HBD     : h getDefaultInputRange : UNKNOWN
09-09 22:27:05.504  5400  5400 I SurfaceControl: nativeRelease nativeObject s[478590749952]
09-09 22:27:05.504  5400  5400 I SurfaceControl: nativeRelease nativeObject e[478590749952]
09-09 22:27:05.508  4593  7736 D SdpManagerService: Not an enterprise user : 0
09-09 22:27:05.508  4593  7736 D SdpManagerService: Not an enterprise user : 0
09-09 22:27:05.509 17609 17609 I [AUTHFW][PASS]PassService: onBind:PassOperation
09-09 22:27:05.512  7209  7209 I HBD     : h getDefaultInputRange : UNKNOWN
09-09 22:27:05.513  7209  7209 I HBD     : a currentState : 0
09-09 22:27:05.514 16810 16810 I [AUTHFW][PSDK]PassServiceConnection: onServiceConnected
09-09 22:27:05.515  7209  7209 I HBD     : h load selected json info : {"version":"1.0","currentLanguageOrder":1,"selected":[{"activeOptionList":["auto_replace","auto_spacing"],"engName":"Russian","id":3342336,"inputType":"qwerty","isUsed":true},{"activeOptionList":["auto_replace","auto_spacing"],"engName":"English","id":65537,"inputType":"qwerty","isUsed":true}]}
09-09 22:27:05.518 31824 31869 V APM_AudioPolicyManager: setAppState(portId:1454, state:1)
09-09 22:27:05.518 31824 31869 V APM_AudioPolicyManager: setAppState(portId:1456, state:2)
09-09 22:27:05.518  7209  7209 I HBD     : a [UpdatePolicy] [post] a: 0 cl: 65537 kit: [0/0] vt: 0 ir: 1
09-09 22:27:05.519 17609 17609 I [PASS][SDK]h: onServiceConnected
09-09 22:27:05.519 17609 17609 I [AUTHFW][PASS]AuthFwApp: Samsung Pass Service is connected
09-09 22:27:05.521  7209  7209 I HBD     : HoneyBoardService [PF_OP][onStartInput]  21084731 ns
09-09 22:27:05.525 16810 16810 I [PASS][SPASS]SPassApplication: pass connected
09-09 22:27:05.542  4593  7734 I tlcFidoAuthnr: process start.
09-09 22:27:05.542  4593  7734 I tlcFidoAuthnr: process start. state:1
09-09 22:27:05.542  4593  7734 I tlcFidoAuthnr: processPass start. state:2
09-09 22:27:05.561 13489 13542 I ISG_Wakeup_Verify: [KWD] Normal - scores: [0.0010, 0.0000, t(86200)], [0.0000, 0.0010, t(86204)], [0.0010, 0.0020, t(86208)], [0.0000, 0.0000, t(86212)], [0.0000, 0.0020, t(86216)], RMS: 0
09-09 22:27:05.563  4593  7734 I tlcFidoAuthnr: terminateFido start.
09-09 22:27:05.563  4593  7734 I tlcFidoAuthnr: terminateFido start. state:1
09-09 22:27:05.568 17542 17542 D InputMethodManager: prepareNavigationBarInfo() DecorView@83e68b9[FragmentScenario$EmptyFragmentActivity]
09-09 22:27:05.568 17542 17542 D InputMethodManager: getNavigationBarColor() -855310
09-09 22:27:05.568 17542 17542 V InputMethodManager: Starting input: tba=com.example.lunchtray ic=null mNaviBarColor -855310 mIsGetNaviBarColorSuccess true , NavVisible : true , NavTrans : false
09-09 22:27:05.568 17542 17542 D InputMethodManager: startInputInner - Id : 0
09-09 22:27:05.572 17542 17542 I SurfaceControl: nativeRelease nativeObject s[478590744000]
09-09 22:27:05.572 17542 17542 I SurfaceControl: nativeRelease nativeObject e[478590744000]
09-09 22:27:05.572 17542 17542 I SurfaceControl: nativeRelease nativeObject s[478590746688]
09-09 22:27:05.572 17542 17542 I SurfaceControl: nativeRelease nativeObject e[478590746688]
09-09 22:27:05.572  4593  7734 D SamsungIMMSHWKeyboard: isConnectedDexOnPC false
09-09 22:27:05.572  4593  7734 D InputMethodManagerService: isImeSwitcherDisabledPackage : false
09-09 22:27:05.580  4593  7734 D IcccManagerService: IcccManagerService() - Valid Caller
09-09 22:27:05.583  3932  3932 I hwservicemanager: Since vendor.samsung.hardware.tlc.iccc@1.0::ISehIccc/default is not registered, trying to start it as a lazy HAL.
09-09 22:27:05.587  3932  3932 I hwservicemanager: Since vendor.samsung.hardware.tlc.iccc@1.0::ISehIccc/default is not registered, trying to start it as a lazy HAL.
09-09 22:27:05.588  4593  7734 I HidlServiceManagement: getService: Trying again for vendor.samsung.hardware.tlc.iccc@1.0::ISehIccc/default...
09-09 22:27:05.596 17542 17542 W ample.lunchtra: Accessing hidden method Landroid/os/MessageQueue;->next()Landroid/os/Message; (greylist, reflection, allowed)
09-09 22:27:05.596 17542 17542 W ample.lunchtra: Accessing hidden field Landroid/os/MessageQueue;->mMessages:Landroid/os/Message; (greylist, reflection, allowed)
09-09 22:27:05.596 17542 17542 W ample.lunchtra: Accessing hidden method Landroid/os/Message;->recycleUnchecked()V (greylist, reflection, allowed)
09-09 22:27:05.602 17542 17542 W ample.lunchtra: Accessing hidden method Landroid/view/WindowManagerGlobal;->getInstance()Landroid/view/WindowManagerGlobal; (greylist, reflection, allowed)
09-09 22:27:05.602  4593  4623 I libprocessgroup: Successfully killed process cgroup uid 10111 pid 16880 in 82ms
09-09 22:27:05.602 17542 17542 W ample.lunchtra: Accessing hidden field Landroid/view/WindowManagerGlobal;->mViews:Ljava/util/ArrayList; (greylist, reflection, allowed)
09-09 22:27:05.602 17542 17542 W ample.lunchtra: Accessing hidden field Landroid/view/WindowManagerGlobal;->mParams:Ljava/util/ArrayList; (greylist, reflection, allowed)
09-09 22:27:05.604  4149  4149 I Zygote  : Process 16880 exited due to signal 9 (Killed)
09-09 22:27:05.610 17542 17542 I ViewInteraction: Checking 'MatchesViewAssertion{viewMatcher=an instance of android.widget.TextView and view.getText() with or without transformation to match: a string containing "Summer Salad"}' assertion on view view.getId() is <2131231138/com.example.lunchtray:id/salad>
09-09 22:27:05.616  4288 16512 I CameraService: UidPolicy: No processes running for a uid=10111 disabled=0
09-09 22:27:05.616 31824 31843 V APM_AudioPolicyManager: setAppState(portId:1454, state:1)
09-09 22:27:05.616 31824 31843 V APM_AudioPolicyManager: setAppState(portId:1456, state:2)
09-09 22:27:05.628 17542 17542 I ViewInteraction: Checking 'MatchesViewAssertion{viewMatcher=an instance of android.widget.TextView and view.getText() with or without transformation to match: a string containing "Heirloom tomatoes"}' assertion on view view.getId() is <2131231139/com.example.lunchtray:id/salad_description>
09-09 22:27:05.631 17542 17542 I ViewInteraction: Checking 'MatchesViewAssertion{viewMatcher=an instance of android.widget.TextView and view.getText() with or without transformation to match: a string containing "$2.50"}' assertion on view view.getId() is <2131231140/com.example.lunchtray:id/salad_price>
09-09 22:27:05.635 17542 17542 I ViewInteraction: Checking 'MatchesViewAssertion{viewMatcher=an instance of android.widget.TextView and view.getText() with or without transformation to match: a string containing "Butternut Squash"}' assertion on view view.getId() is <2131231187/com.example.lunchtray:id/soup>
09-09 22:27:05.638 17542 17542 I ViewInteraction: Checking 'MatchesViewAssertion{viewMatcher=an instance of android.widget.TextView and view.getText() with or without transformation to match: a string containing "Roasted butternut squash"}' assertion on view view.getId() is <2131231188/com.example.lunchtray:id/soup_description>
09-09 22:27:05.641 17542 17542 I ViewInteraction: Checking 'MatchesViewAssertion{viewMatcher=an instance of android.widget.TextView and view.getText() with or without transformation to match: a string containing "$3.00"}' assertion on view view.getId() is <2131231189/com.example.lunchtray:id/soup_price>
09-09 22:27:05.644 17542 17542 I ViewInteraction: Checking 'MatchesViewAssertion{viewMatcher=an instance of android.widget.TextView and view.getText() with or without transformation to match: a string containing "Spicy Potatoes"}' assertion on view view.getId() is <2131231121/com.example.lunchtray:id/potatoes>
09-09 22:27:05.647 17542 17542 I ViewInteraction: Checking 'MatchesViewAssertion{viewMatcher=an instance of android.widget.TextView and view.getText() with or without transformation to match: a string containing "Marble potatoes"}' assertion on view view.getId() is <2131231119/com.example.lunchtray:id/potato_description>
09-09 22:27:05.651 17542 17542 I ViewInteraction: Checking 'MatchesViewAssertion{viewMatcher=an instance of android.widget.TextView and view.getText() with or without transformation to match: a string containing "$2.00"}' assertion on view view.getId() is <2131231120/com.example.lunchtray:id/potato_price>
09-09 22:27:05.655 17542 17542 I ViewInteraction: Checking 'MatchesViewAssertion{viewMatcher=an instance of android.widget.TextView and view.getText() with or without transformation to match: a string containing "Coconut Rice"}' assertion on view view.getId() is <2131231128/com.example.lunchtray:id/rice>
09-09 22:27:05.659 17542 17542 I ViewInteraction: Checking 'MatchesViewAssertion{viewMatcher=an instance of android.widget.TextView and view.getText() with or without transformation to match: a string containing "Rice, coconut milk"}' assertion on view view.getId() is <2131231129/com.example.lunchtray:id/rice_description>
09-09 22:27:05.662 17542 17542 I ViewInteraction: Checking 'MatchesViewAssertion{viewMatcher=an instance of android.widget.TextView and view.getText() with or without transformation to match: a string containing "$1.50"}' assertion on view view.getId() is <2131231130/com.example.lunchtray:id/rice_price>
09-09 22:27:05.663 17542 17582 I TestRunner: finished: side_menu_item_content(com.example.lunchtray.MenuContentTests)
